<html>
<body>
<pre>
<h1>µVision Build Log</h1>
<h2>Tool Versions:</h2>
IDE-Version: ¦ÌVision V5.42.0.0
Copyright (C) 2025 ARM Ltd and ARM Germany GmbH. All rights reserved.
License Information: Sun 3271407025@qq.com, Jia Bao, LIC=UJWP0-BR589-12SLE-59LJT-ILF20-GTCNA
 
Tool Versions:
Toolchain:       MDK-ARM Plus  Version: 5.42.0.0
Toolchain Path:  D:\Keil5\ARM\ARMCLANG\Bin
C Compiler:      ArmClang.exe V6.23
Assembler:       Armasm.exe V6.23
Linker/Locator:  ArmLink.exe V6.23
Library Manager: ArmAr.exe V6.23
Hex Converter:   FromElf.exe V6.23
CPU DLL:         SARMCM3.DLL V5.42.0.0
Dialog DLL:      DARMCM1.DLL V1.19.6.0
Target DLL:      CMSIS_AGDI.dll V1.33.22.0
Dialog DLL:      TARMCM1.DLL V1.14.6.0
 
<h2>Project:</h2>
D:\×ÀÃæ\SeekFree_MSPM0G3507_Opensource_Library\project\mdk\SeekFree_MSPM0G3507_Device_Library.uvprojx
Project File Date:  07/31/2026

<h2>Output:</h2>
*** Using Compiler 'V6.23', folder: 'D:\Keil5\ARM\ARMCLANG\Bin'
Rebuild target 'SeekFree_MSPM0G3507_Device_Library'
compiling zf_common_font.c...
compiling zf_common_fifo.c...
compiling zf_common_debug.c...
compiling motorcrc.c...
compiling isr.c...
compiling zf_common_clock.c...
compiling motor.c...
../user/src/main.c(215): warning: format specifies type 'unsigned long' but the argument has type 'uint32' (aka 'unsigned int') [-Wformat]
  215 |                     sprintf(uart_buf, "STOP! yaw=%.1f deg, time=%lu ms\r\n", gyro_run_yaw, run_time_ms);
      |                                                                 ~~~                        ^~~~~~~~~~~
      |                                                                 %u
1 warning generated.
compiling main.c...
compiling motorsetspeed.c...
compiling IMU.c...
compiling gray_track.c...
compiling zf_common_function.c...
compiling zf_common_interrupt.c...
compiling seekfree_assistant.c...
compiling seekfree_assistant_interface.c...
compiling zf_driver_adc.c...
compiling zf_driver_delay.c...
compiling zf_driver_exti.c...
compiling zf_driver_gpio.c...
../../libraries/zf_driver/zf_driver_pit.c(173): warning: comparison of different enumeration types ('timer_index_enum' and 'pit_index_enum') [-Wenum-compare]
  173 |     if((TIM_G0 == pit_n) || (TIM_G8 == pit_n))
      |         ~~~~~~ ^  ~~~~~
../../libraries/zf_driver/zf_driver_pit.c(173): warning: comparison of different enumeration types ('timer_index_enum' and 'pit_index_enum') [-Wenum-compare]
  173 |     if((TIM_G0 == pit_n) || (TIM_G8 == pit_n))
      |                              ~~~~~~ ^  ~~~~~
2 warnings generated.
compiling zf_driver_pit.c...
compiling zf_driver_soft_iic.c...
compiling zf_driver_pwm.c...
compiling zf_driver_spi.c...
compiling zf_driver_timer.c...
compiling zf_driver_uart.c...
compiling zf_driver_encoder.c...
compiling zf_driver_flash.c...
compiling zf_device_absolute_encoder.c...
compiling zf_device_dl1a.c...
compiling zf_device_dl1b.c...
compiling zf_device_imu660ra.c...
compiling zf_device_imu660rc.c...
compiling zf_device_imu660rb.c...
compiling zf_device_imu963ra.c...
compiling zf_device_ips114.c...
compiling zf_device_ips200.c...
compiling zf_device_type.c...
compiling zf_device_tsl1401.c...
compiling zf_device_ips200pro.c...
compiling zf_device_tft180.c...
compiling zf_device_wifi_spi.c...
compiling zf_device_wifi_uart.c...
compiling zf_device_wireless_uart.c...
compiling zf_device_key.c...
compiling zf_device_oled.c...
compiling zf_device_gs08ra.c...
compiling dl_adc12.c...
assembling startup_mspm0g350x_uvision.s...
compiling dl_aesadv.c...
compiling dl_aes.c...
compiling dl_common.c...
compiling dl_comp.c...
compiling ti_msp_dl_config.c...
compiling dl_crc.c...
compiling dl_crcp.c...
compiling dl_dma.c...
compiling dl_dac12.c...
compiling dl_flashctl.c...
compiling dl_gpamp.c...
compiling dl_iwdt.c...
compiling dl_gpio.c...
compiling dl_lcd.c...
compiling dl_keystorectl.c...
compiling dl_i2c.c...
compiling dl_mathacl.c...
compiling dl_lfss.c...
compiling dl_opa.c...
compiling dl_mcan.c...
compiling dl_rtc.c...
compiling dl_rtc_a.c...
compiling dl_rtc_b.c...
compiling dl_scratchpad.c...
compiling dl_rtc_common.c...
compiling dl_tamperio.c...
compiling dl_spi.c...
compiling dl_timer.c...
compiling dl_timera.c...
compiling dl_trng.c...
compiling dl_uart.c...
compiling dl_timerg.c...
compiling dl_wwdt.c...
compiling dl_vref.c...
compiling dl_sysctl_mspm0g1x0x_g3x0x.c...
linking...
Program Size: Code=29900 RO-data=4056 RW-data=744 ZI-data=5704  
FromELF: creating hex file...
".\Objects\SeekFree_MSPM0G3507_Device_Library.axf" - 0 Error(s), 3 Warning(s).

<h2>Software Packages used:</h2>

Package Vendor: TexasInstruments
                https://software-dl.ti.com/msp430/esd/MSPM0-CMSIS/MSPM0G1X0X_G3X0X/latest/exports/TexasInstruments.MSPM0G1X0X_G3X0X_DFP.1.3.1.pack
                TexasInstruments::MSPM0G1X0X_G3X0X_DFP@1.3.1
                Device Family Pack for Texas Instruments MSPM0G1X0X_G3X0X Series

<h2>Collection of Component include folders:</h2>

<h2>Collection of Component Files used:</h2>
Build Time Elapsed:  00:00:10
</pre>
</body>
</html>
