<html>
<body>
<pre>
<h1>礦ision Build Log</h1>
<h2>Tool Versions:</h2>
IDE-Version: μVision V5.43.1.0
Copyright (C) 2025 ARM Ltd and ARM Germany GmbH. All rights reserved.
License Information: 11111 11, 1, LIC=EXJT4-F80NQ-PCAJ8-3I4LA-GU9X1-SZ4PZ
 
Tool Versions:
Toolchain:       MDK-ARM Plus  Version: 5.43.0.0
Toolchain Path:  C:\Users\Mortal\AppData\Local\Keil_v5\ARM\ARMCLANG\Bin
C Compiler:      ArmClang.exe V6.24
Assembler:       Armasm.exe V6.24
Linker/Locator:  ArmLink.exe V6.24
Library Manager: ArmAr.exe V6.24
Hex Converter:   FromElf.exe V6.24
CPU DLL:         SARMCM3.DLL V5.43.0.0
Dialog DLL:      DARMCM1.DLL V1.19.6.0
Target DLL:      CMSIS_AGDI.dll V1.33.24.0
Dialog DLL:      TARMCM1.DLL V1.14.6.0
 
<h2>Project:</h2>
C:\Users\Mortal\Desktop\M0\bihuan\驱动板闭环例程\keil\empty_LP_MSPM0G3507_nortos_keil.uvprojx
Project File Date:  06/07/2026

<h2>Output:</h2>
*** Using Compiler 'V6.24', folder: 'C:\Users\Mortal\AppData\Local\Keil_v5\ARM\ARMCLANG\Bin'
Rebuild target 'empty_LP_MSPM0G3507_nortos_keil'
Before Build - User command #1: cmd.exe /C "C:\Users\Mortal\Desktop\M0\bihuan\驱动板闭环例程\keil\../../../../../../tools/keil/syscfg.bat 'C:\Users\Mortal\Desktop\M0\bihuan\驱动板闭环例程\keil\' empty.syscfg"
系统找不到指定的路径。
assembling startup_mspm0g350x_uvision.s...
compiling empty.c...
compiling motor_read_enc.c...
compiling motor_crc.c...
compiling user.c...
compiling ti_msp_dl_config.c...
compiling motor_set_speed.c...
linking...
Program Size: Code=12404 RO-data=896 RW-data=512 ZI-data=4656  
FromELF: creating hex file...
".\Objects\empty_LP_MSPM0G3507_nortos_keil.axf" - 0 Error(s), 0 Warning(s).

<h2>Software Packages used:</h2>

Package Vendor: TexasInstruments
                https://software-dl.ti.com/msp430/esd/MSPM0-CMSIS/MSPM0G1X0X_G3X0X/latest/exports/TexasInstruments.MSPM0G1X0X_G3X0X_DFP.1.3.1.pack
                TexasInstruments::MSPM0G1X0X_G3X0X_DFP@1.3.1
                Device Family Pack for Texas Instruments MSPM0G1X0X_G3X0X Series

<h2>Collection of Component include folders:</h2>

<h2>Collection of Component Files used:</h2>
Build Time Elapsed:  00:00:01
</pre>
</body>
</html>
