<?xml version="1.0" encoding="ISO-8859-1" ?>
<link_info>
   <banner>TI ARM Clang Linker PC v4.0.3.LTS</banner>
   <copyright>Copyright (c) 1996-2018 Texas Instruments Incorporated</copyright>
   <command_line>E:\TI\ccs\tools\compiler\ti-cgt-armllvm_4.0.3.LTS\bin\tiarmlnk -IE:\TI\ccs\tools\compiler\ti-cgt-armllvm_4.0.3.LTS\lib -o 42688car.out -m42688car.map -iC:/TI/mspm0_sdk_2_05_01_00/source -iC:/Users/ASUS/Desktop/hhhh/42688car -iC:/Users/ASUS/Desktop/hhhh/42688car/Debug/syscfg -iE:/TI/ccs/tools/compiler/ti-cgt-armllvm_4.0.3.LTS/lib --diag_wrap=off --display_error_number --warn_sections --xml_link_info=42688car_linkInfo.xml --rom_model ./clock.o ./control.o ./display.o ./encoder.o ./icm42688.o ./main.o ./motor.o ./odometry.o ./oled.o ./pid.o ./uart_comm.o ./ti_msp_dl_config.o ./startup_mspm0g350x_ticlang.o -l./device_linker.cmd -ldevice.cmd.genlibs -llibc.a --start-group -llibc++.a -llibc++abi.a -llibc.a -llibsys.a -llibsysbm.a -llibclang_rt.builtins.a -llibclang_rt.profile.a --end-group --cg_opt_level=0</command_line>
   <link_time>0x6a2815f0</link_time>
   <link_errors>0x0</link_errors>
   <output_file>C:\Users\ASUS\Desktop\hhhh\42688car\Debug\42688car.out</output_file>
   <entry_point>
      <name>_c_int00_noargs</name>
      <address>0x5f41</address>
   </entry_point>
   <input_file_list>
      <input_file id="fl-1">
         <path>C:\Users\ASUS\Desktop\hhhh\42688car\Debug\.\</path>
         <kind>object</kind>
         <file>clock.o</file>
         <name>clock.o</name>
      </input_file>
      <input_file id="fl-2">
         <path>C:\Users\ASUS\Desktop\hhhh\42688car\Debug\.\</path>
         <kind>object</kind>
         <file>control.o</file>
         <name>control.o</name>
      </input_file>
      <input_file id="fl-3">
         <path>C:\Users\ASUS\Desktop\hhhh\42688car\Debug\.\</path>
         <kind>object</kind>
         <file>display.o</file>
         <name>display.o</name>
      </input_file>
      <input_file id="fl-4">
         <path>C:\Users\ASUS\Desktop\hhhh\42688car\Debug\.\</path>
         <kind>object</kind>
         <file>encoder.o</file>
         <name>encoder.o</name>
      </input_file>
      <input_file id="fl-5">
         <path>C:\Users\ASUS\Desktop\hhhh\42688car\Debug\.\</path>
         <kind>object</kind>
         <file>icm42688.o</file>
         <name>icm42688.o</name>
      </input_file>
      <input_file id="fl-6">
         <path>C:\Users\ASUS\Desktop\hhhh\42688car\Debug\.\</path>
         <kind>object</kind>
         <file>main.o</file>
         <name>main.o</name>
      </input_file>
      <input_file id="fl-7">
         <path>C:\Users\ASUS\Desktop\hhhh\42688car\Debug\.\</path>
         <kind>object</kind>
         <file>motor.o</file>
         <name>motor.o</name>
      </input_file>
      <input_file id="fl-8">
         <path>C:\Users\ASUS\Desktop\hhhh\42688car\Debug\.\</path>
         <kind>object</kind>
         <file>odometry.o</file>
         <name>odometry.o</name>
      </input_file>
      <input_file id="fl-9">
         <path>C:\Users\ASUS\Desktop\hhhh\42688car\Debug\.\</path>
         <kind>object</kind>
         <file>oled.o</file>
         <name>oled.o</name>
      </input_file>
      <input_file id="fl-a">
         <path>C:\Users\ASUS\Desktop\hhhh\42688car\Debug\.\</path>
         <kind>object</kind>
         <file>pid.o</file>
         <name>pid.o</name>
      </input_file>
      <input_file id="fl-b">
         <path>C:\Users\ASUS\Desktop\hhhh\42688car\Debug\.\</path>
         <kind>object</kind>
         <file>uart_comm.o</file>
         <name>uart_comm.o</name>
      </input_file>
      <input_file id="fl-c">
         <path>C:\Users\ASUS\Desktop\hhhh\42688car\Debug\.\</path>
         <kind>object</kind>
         <file>ti_msp_dl_config.o</file>
         <name>ti_msp_dl_config.o</name>
      </input_file>
      <input_file id="fl-d">
         <path>C:\Users\ASUS\Desktop\hhhh\42688car\Debug\.\</path>
         <kind>object</kind>
         <file>startup_mspm0g350x_ticlang.o</file>
         <name>startup_mspm0g350x_ticlang.o</name>
      </input_file>
      <input_file id="fl-1a">
         <path>C:\Users\ASUS\Desktop\hhhh\42688car\Debug\</path>
         <kind>object</kind>
         <file>&lt;internal&gt;</file>
         <name>&lt;internal&gt;</name>
      </input_file>
      <input_file id="fl-1b">
         <path>C:\TI\mspm0_sdk_2_05_01_00\source\ti\driverlib\lib\ticlang\m0p\mspm0g1x0x_g3x0x\</path>
         <kind>archive</kind>
         <file>driverlib.a</file>
         <name>dl_common.o</name>
      </input_file>
      <input_file id="fl-1c">
         <path>C:\TI\mspm0_sdk_2_05_01_00\source\ti\driverlib\lib\ticlang\m0p\mspm0g1x0x_g3x0x\</path>
         <kind>archive</kind>
         <file>driverlib.a</file>
         <name>dl_spi.o</name>
      </input_file>
      <input_file id="fl-1d">
         <path>C:\TI\mspm0_sdk_2_05_01_00\source\ti\driverlib\lib\ticlang\m0p\mspm0g1x0x_g3x0x\</path>
         <kind>archive</kind>
         <file>driverlib.a</file>
         <name>dl_timer.o</name>
      </input_file>
      <input_file id="fl-1e">
         <path>C:\TI\mspm0_sdk_2_05_01_00\source\ti\driverlib\lib\ticlang\m0p\mspm0g1x0x_g3x0x\</path>
         <kind>archive</kind>
         <file>driverlib.a</file>
         <name>dl_uart.o</name>
      </input_file>
      <input_file id="fl-1f">
         <path>C:\TI\mspm0_sdk_2_05_01_00\source\ti\driverlib\lib\ticlang\m0p\mspm0g1x0x_g3x0x\</path>
         <kind>archive</kind>
         <file>driverlib.a</file>
         <name>dl_sysctl_mspm0g1x0x_g3x0x.o</name>
      </input_file>
      <input_file id="fl-36">
         <path>E:\TI\ccs\tools\compiler\ti-cgt-armllvm_4.0.3.LTS\lib\armv6m-ti-none-eabi\c\</path>
         <kind>archive</kind>
         <file>libc.a</file>
         <name>snprintf.c.obj</name>
      </input_file>
      <input_file id="fl-37">
         <path>E:\TI\ccs\tools\compiler\ti-cgt-armllvm_4.0.3.LTS\lib\armv6m-ti-none-eabi\c\</path>
         <kind>archive</kind>
         <file>libc.a</file>
         <name>sscanf.c.obj</name>
      </input_file>
      <input_file id="fl-38">
         <path>E:\TI\ccs\tools\compiler\ti-cgt-armllvm_4.0.3.LTS\lib\armv6m-ti-none-eabi\c\</path>
         <kind>archive</kind>
         <file>libc.a</file>
         <name>s_cosf.c.obj</name>
      </input_file>
      <input_file id="fl-39">
         <path>E:\TI\ccs\tools\compiler\ti-cgt-armllvm_4.0.3.LTS\lib\armv6m-ti-none-eabi\c\</path>
         <kind>archive</kind>
         <file>libc.a</file>
         <name>s_sinf.c.obj</name>
      </input_file>
      <input_file id="fl-3a">
         <path>E:\TI\ccs\tools\compiler\ti-cgt-armllvm_4.0.3.LTS\lib\armv6m-ti-none-eabi\c\</path>
         <kind>archive</kind>
         <file>libc.a</file>
         <name>aeabi_ctype.S.obj</name>
      </input_file>
      <input_file id="fl-3b">
         <path>E:\TI\ccs\tools\compiler\ti-cgt-armllvm_4.0.3.LTS\lib\armv6m-ti-none-eabi\c\</path>
         <kind>archive</kind>
         <file>libc.a</file>
         <name>strcmp-armv6m.S.obj</name>
      </input_file>
      <input_file id="fl-3c">
         <path>E:\TI\ccs\tools\compiler\ti-cgt-armllvm_4.0.3.LTS\lib\armv6m-ti-none-eabi\c\</path>
         <kind>archive</kind>
         <file>libc.a</file>
         <name>k_rem_pio2.c.obj</name>
      </input_file>
      <input_file id="fl-3d">
         <path>E:\TI\ccs\tools\compiler\ti-cgt-armllvm_4.0.3.LTS\lib\armv6m-ti-none-eabi\c\</path>
         <kind>archive</kind>
         <file>libc.a</file>
         <name>boot_cortex_m.c.obj</name>
      </input_file>
      <input_file id="fl-3e">
         <path>E:\TI\ccs\tools\compiler\ti-cgt-armllvm_4.0.3.LTS\lib\armv6m-ti-none-eabi\c\</path>
         <kind>archive</kind>
         <file>libc.a</file>
         <name>mathacl_init.c.obj</name>
      </input_file>
      <input_file id="fl-3f">
         <path>E:\TI\ccs\tools\compiler\ti-cgt-armllvm_4.0.3.LTS\lib\armv6m-ti-none-eabi\c\</path>
         <kind>archive</kind>
         <file>libc.a</file>
         <name>autoinit.c.obj</name>
      </input_file>
      <input_file id="fl-40">
         <path>E:\TI\ccs\tools\compiler\ti-cgt-armllvm_4.0.3.LTS\lib\armv6m-ti-none-eabi\c\</path>
         <kind>archive</kind>
         <file>libc.a</file>
         <name>pre_init.c.obj</name>
      </input_file>
      <input_file id="fl-41">
         <path>E:\TI\ccs\tools\compiler\ti-cgt-armllvm_4.0.3.LTS\lib\armv6m-ti-none-eabi\c\</path>
         <kind>archive</kind>
         <file>libc.a</file>
         <name>cpy_tbl.c.obj</name>
      </input_file>
      <input_file id="fl-42">
         <path>E:\TI\ccs\tools\compiler\ti-cgt-armllvm_4.0.3.LTS\lib\armv6m-ti-none-eabi\c\</path>
         <kind>archive</kind>
         <file>libc.a</file>
         <name>copy_zero_init.c.obj</name>
      </input_file>
      <input_file id="fl-43">
         <path>E:\TI\ccs\tools\compiler\ti-cgt-armllvm_4.0.3.LTS\lib\armv6m-ti-none-eabi\c\</path>
         <kind>archive</kind>
         <file>libc.a</file>
         <name>copy_decompress_none.c.obj</name>
      </input_file>
      <input_file id="fl-44">
         <path>E:\TI\ccs\tools\compiler\ti-cgt-armllvm_4.0.3.LTS\lib\armv6m-ti-none-eabi\c\</path>
         <kind>archive</kind>
         <file>libc.a</file>
         <name>copy_decompress_lzss.c.obj</name>
      </input_file>
      <input_file id="fl-45">
         <path>E:\TI\ccs\tools\compiler\ti-cgt-armllvm_4.0.3.LTS\lib\armv6m-ti-none-eabi\c\</path>
         <kind>archive</kind>
         <file>libc.a</file>
         <name>_printfi.c.obj</name>
      </input_file>
      <input_file id="fl-46">
         <path>E:\TI\ccs\tools\compiler\ti-cgt-armllvm_4.0.3.LTS\lib\armv6m-ti-none-eabi\c\</path>
         <kind>archive</kind>
         <file>libc.a</file>
         <name>_scanfi.c.obj</name>
      </input_file>
      <input_file id="fl-47">
         <path>E:\TI\ccs\tools\compiler\ti-cgt-armllvm_4.0.3.LTS\lib\armv6m-ti-none-eabi\c\</path>
         <kind>archive</kind>
         <file>libc.a</file>
         <name>s_floor.c.obj</name>
      </input_file>
      <input_file id="fl-48">
         <path>E:\TI\ccs\tools\compiler\ti-cgt-armllvm_4.0.3.LTS\lib\armv6m-ti-none-eabi\c\</path>
         <kind>archive</kind>
         <file>libc.a</file>
         <name>s_frexp.c.obj</name>
      </input_file>
      <input_file id="fl-49">
         <path>E:\TI\ccs\tools\compiler\ti-cgt-armllvm_4.0.3.LTS\lib\armv6m-ti-none-eabi\c\</path>
         <kind>archive</kind>
         <file>libc.a</file>
         <name>s_scalbn.c.obj</name>
      </input_file>
      <input_file id="fl-4a">
         <path>E:\TI\ccs\tools\compiler\ti-cgt-armllvm_4.0.3.LTS\lib\armv6m-ti-none-eabi\c\</path>
         <kind>archive</kind>
         <file>libc.a</file>
         <name>wcslen.c.obj</name>
      </input_file>
      <input_file id="fl-4b">
         <path>E:\TI\ccs\tools\compiler\ti-cgt-armllvm_4.0.3.LTS\lib\armv6m-ti-none-eabi\c\</path>
         <kind>archive</kind>
         <file>libc.a</file>
         <name>aeabi_portable.c.obj</name>
      </input_file>
      <input_file id="fl-4c">
         <path>E:\TI\ccs\tools\compiler\ti-cgt-armllvm_4.0.3.LTS\lib\armv6m-ti-none-eabi\c\</path>
         <kind>archive</kind>
         <file>libc.a</file>
         <name>exit.c.obj</name>
      </input_file>
      <input_file id="fl-4d">
         <path>E:\TI\ccs\tools\compiler\ti-cgt-armllvm_4.0.3.LTS\lib\armv6m-ti-none-eabi\c\</path>
         <kind>archive</kind>
         <file>libc.a</file>
         <name>_lock.c.obj</name>
      </input_file>
      <input_file id="fl-4e">
         <path>E:\TI\ccs\tools\compiler\ti-cgt-armllvm_4.0.3.LTS\lib\armv6m-ti-none-eabi\c\</path>
         <kind>archive</kind>
         <file>libc.a</file>
         <name>_ltoa.c.obj</name>
      </input_file>
      <input_file id="fl-4f">
         <path>E:\TI\ccs\tools\compiler\ti-cgt-armllvm_4.0.3.LTS\lib\armv6m-ti-none-eabi\c\</path>
         <kind>archive</kind>
         <file>libc.a</file>
         <name>args_main.c.obj</name>
      </input_file>
      <input_file id="fl-50">
         <path>E:\TI\ccs\tools\compiler\ti-cgt-armllvm_4.0.3.LTS\lib\armv6m-ti-none-eabi\c\</path>
         <kind>archive</kind>
         <file>libc.a</file>
         <name>assert.c.obj</name>
      </input_file>
      <input_file id="fl-51">
         <path>E:\TI\ccs\tools\compiler\ti-cgt-armllvm_4.0.3.LTS\lib\armv6m-ti-none-eabi\c\</path>
         <kind>archive</kind>
         <file>libc.a</file>
         <name>atoi.c.obj</name>
      </input_file>
      <input_file id="fl-52">
         <path>E:\TI\ccs\tools\compiler\ti-cgt-armllvm_4.0.3.LTS\lib\armv6m-ti-none-eabi\c\</path>
         <kind>archive</kind>
         <file>libc.a</file>
         <name>defs.c.obj</name>
      </input_file>
      <input_file id="fl-53">
         <path>E:\TI\ccs\tools\compiler\ti-cgt-armllvm_4.0.3.LTS\lib\armv6m-ti-none-eabi\c\</path>
         <kind>archive</kind>
         <file>libc.a</file>
         <name>memccpy.c.obj</name>
      </input_file>
      <input_file id="fl-54">
         <path>E:\TI\ccs\tools\compiler\ti-cgt-armllvm_4.0.3.LTS\lib\armv6m-ti-none-eabi\c\</path>
         <kind>archive</kind>
         <file>libc.a</file>
         <name>memory.c.obj</name>
      </input_file>
      <input_file id="fl-55">
         <path>E:\TI\ccs\tools\compiler\ti-cgt-armllvm_4.0.3.LTS\lib\armv6m-ti-none-eabi\c\</path>
         <kind>archive</kind>
         <file>libc.a</file>
         <name>strtod.c.obj</name>
      </input_file>
      <input_file id="fl-56">
         <path>E:\TI\ccs\tools\compiler\ti-cgt-armllvm_4.0.3.LTS\lib\armv6m-ti-none-eabi\c\</path>
         <kind>archive</kind>
         <file>libc.a</file>
         <name>strtol.c.obj</name>
      </input_file>
      <input_file id="fl-57">
         <path>E:\TI\ccs\tools\compiler\ti-cgt-armllvm_4.0.3.LTS\lib\armv6m-ti-none-eabi\c\</path>
         <kind>archive</kind>
         <file>libc.a</file>
         <name>strtoll.c.obj</name>
      </input_file>
      <input_file id="fl-58">
         <path>E:\TI\ccs\tools\compiler\ti-cgt-armllvm_4.0.3.LTS\lib\armv6m-ti-none-eabi\c\</path>
         <kind>archive</kind>
         <file>libc.a</file>
         <name>strtoul.c.obj</name>
      </input_file>
      <input_file id="fl-59">
         <path>E:\TI\ccs\tools\compiler\ti-cgt-armllvm_4.0.3.LTS\lib\armv6m-ti-none-eabi\c\</path>
         <kind>archive</kind>
         <file>libc.a</file>
         <name>strtoull.c.obj</name>
      </input_file>
      <input_file id="fl-5a">
         <path>E:\TI\ccs\tools\compiler\ti-cgt-armllvm_4.0.3.LTS\lib\armv6m-ti-none-eabi\c\</path>
         <kind>archive</kind>
         <file>libc.a</file>
         <name>sprintf.c.obj</name>
      </input_file>
      <input_file id="fl-5b">
         <path>E:\TI\ccs\tools\compiler\ti-cgt-armllvm_4.0.3.LTS\lib\armv6m-ti-none-eabi\c\</path>
         <kind>archive</kind>
         <file>libc.a</file>
         <name>fflush.c.obj</name>
      </input_file>
      <input_file id="fl-5c">
         <path>E:\TI\ccs\tools\compiler\ti-cgt-armllvm_4.0.3.LTS\lib\armv6m-ti-none-eabi\c\</path>
         <kind>archive</kind>
         <file>libc.a</file>
         <name>fputs.c.obj</name>
      </input_file>
      <input_file id="fl-5d">
         <path>E:\TI\ccs\tools\compiler\ti-cgt-armllvm_4.0.3.LTS\lib\armv6m-ti-none-eabi\c\</path>
         <kind>archive</kind>
         <file>libc.a</file>
         <name>_io_perm.c.obj</name>
      </input_file>
      <input_file id="fl-5e">
         <path>E:\TI\ccs\tools\compiler\ti-cgt-armllvm_4.0.3.LTS\lib\armv6m-ti-none-eabi\c\</path>
         <kind>archive</kind>
         <file>libc.a</file>
         <name>setvbuf.c.obj</name>
      </input_file>
      <input_file id="fl-5f">
         <path>E:\TI\ccs\tools\compiler\ti-cgt-armllvm_4.0.3.LTS\lib\armv6m-ti-none-eabi\c\</path>
         <kind>archive</kind>
         <file>libc.a</file>
         <name>fopen.c.obj</name>
      </input_file>
      <input_file id="fl-60">
         <path>E:\TI\ccs\tools\compiler\ti-cgt-armllvm_4.0.3.LTS\lib\armv6m-ti-none-eabi\c\</path>
         <kind>archive</kind>
         <file>libc.a</file>
         <name>fseek.c.obj</name>
      </input_file>
      <input_file id="fl-61">
         <path>E:\TI\ccs\tools\compiler\ti-cgt-armllvm_4.0.3.LTS\lib\armv6m-ti-none-eabi\c\</path>
         <kind>archive</kind>
         <file>libc.a</file>
         <name>fclose.c.obj</name>
      </input_file>
      <input_file id="fl-101">
         <path>E:\TI\ccs\tools\compiler\ti-cgt-armllvm_4.0.3.LTS\lib\armv6m-ti-none-eabi\c\</path>
         <kind>archive</kind>
         <file>libsysbm.a</file>
         <name>hostexit.c.obj</name>
      </input_file>
      <input_file id="fl-102">
         <path>E:\TI\ccs\tools\compiler\ti-cgt-armllvm_4.0.3.LTS\lib\armv6m-ti-none-eabi\c\</path>
         <kind>archive</kind>
         <file>libsysbm.a</file>
         <name>write.c.obj</name>
      </input_file>
      <input_file id="fl-103">
         <path>E:\TI\ccs\tools\compiler\ti-cgt-armllvm_4.0.3.LTS\lib\armv6m-ti-none-eabi\c\</path>
         <kind>archive</kind>
         <file>libsysbm.a</file>
         <name>host_device.c.obj</name>
      </input_file>
      <input_file id="fl-104">
         <path>E:\TI\ccs\tools\compiler\ti-cgt-armllvm_4.0.3.LTS\lib\armv6m-ti-none-eabi\c\</path>
         <kind>archive</kind>
         <file>libsysbm.a</file>
         <name>remove.c.obj</name>
      </input_file>
      <input_file id="fl-105">
         <path>E:\TI\ccs\tools\compiler\ti-cgt-armllvm_4.0.3.LTS\lib\armv6m-ti-none-eabi\c\</path>
         <kind>archive</kind>
         <file>libsysbm.a</file>
         <name>open.c.obj</name>
      </input_file>
      <input_file id="fl-106">
         <path>E:\TI\ccs\tools\compiler\ti-cgt-armllvm_4.0.3.LTS\lib\armv6m-ti-none-eabi\c\</path>
         <kind>archive</kind>
         <file>libsysbm.a</file>
         <name>lseek.c.obj</name>
      </input_file>
      <input_file id="fl-107">
         <path>E:\TI\ccs\tools\compiler\ti-cgt-armllvm_4.0.3.LTS\lib\armv6m-ti-none-eabi\c\</path>
         <kind>archive</kind>
         <file>libsysbm.a</file>
         <name>close.c.obj</name>
      </input_file>
      <input_file id="fl-108">
         <path>E:\TI\ccs\tools\compiler\ti-cgt-armllvm_4.0.3.LTS\lib\armv6m-ti-none-eabi\c\</path>
         <kind>archive</kind>
         <file>libsysbm.a</file>
         <name>unlink.c.obj</name>
      </input_file>
      <input_file id="fl-109">
         <path>E:\TI\ccs\tools\compiler\ti-cgt-armllvm_4.0.3.LTS\lib\armv6m-ti-none-eabi\c\</path>
         <kind>archive</kind>
         <file>libsysbm.a</file>
         <name>hostclose.c.obj</name>
      </input_file>
      <input_file id="fl-10a">
         <path>E:\TI\ccs\tools\compiler\ti-cgt-armllvm_4.0.3.LTS\lib\armv6m-ti-none-eabi\c\</path>
         <kind>archive</kind>
         <file>libsysbm.a</file>
         <name>hostlseek.c.obj</name>
      </input_file>
      <input_file id="fl-10b">
         <path>E:\TI\ccs\tools\compiler\ti-cgt-armllvm_4.0.3.LTS\lib\armv6m-ti-none-eabi\c\</path>
         <kind>archive</kind>
         <file>libsysbm.a</file>
         <name>hostopen.c.obj</name>
      </input_file>
      <input_file id="fl-10c">
         <path>E:\TI\ccs\tools\compiler\ti-cgt-armllvm_4.0.3.LTS\lib\armv6m-ti-none-eabi\c\</path>
         <kind>archive</kind>
         <file>libsysbm.a</file>
         <name>hostread.c.obj</name>
      </input_file>
      <input_file id="fl-10d">
         <path>E:\TI\ccs\tools\compiler\ti-cgt-armllvm_4.0.3.LTS\lib\armv6m-ti-none-eabi\c\</path>
         <kind>archive</kind>
         <file>libsysbm.a</file>
         <name>hostrename.c.obj</name>
      </input_file>
      <input_file id="fl-10e">
         <path>E:\TI\ccs\tools\compiler\ti-cgt-armllvm_4.0.3.LTS\lib\armv6m-ti-none-eabi\c\</path>
         <kind>archive</kind>
         <file>libsysbm.a</file>
         <name>hostunlink.c.obj</name>
      </input_file>
      <input_file id="fl-10f">
         <path>E:\TI\ccs\tools\compiler\ti-cgt-armllvm_4.0.3.LTS\lib\armv6m-ti-none-eabi\c\</path>
         <kind>archive</kind>
         <file>libsysbm.a</file>
         <name>hostwrite.c.obj</name>
      </input_file>
      <input_file id="fl-110">
         <path>E:\TI\ccs\tools\compiler\ti-cgt-armllvm_4.0.3.LTS\lib\armv6m-ti-none-eabi\c\</path>
         <kind>archive</kind>
         <file>libsysbm.a</file>
         <name>trgmsg.c.obj</name>
      </input_file>
      <input_file id="fl-111">
         <path>E:\TI\ccs\tools\compiler\ti-cgt-armllvm_4.0.3.LTS\lib\armv6m-ti-none-eabi\</path>
         <kind>archive</kind>
         <file>libclang_rt.builtins.a</file>
         <name>addsf3.S.obj</name>
      </input_file>
      <input_file id="fl-112">
         <path>E:\TI\ccs\tools\compiler\ti-cgt-armllvm_4.0.3.LTS\lib\armv6m-ti-none-eabi\</path>
         <kind>archive</kind>
         <file>libclang_rt.builtins.a</file>
         <name>adddf3.S.obj</name>
      </input_file>
      <input_file id="fl-113">
         <path>E:\TI\ccs\tools\compiler\ti-cgt-armllvm_4.0.3.LTS\lib\armv6m-ti-none-eabi\</path>
         <kind>archive</kind>
         <file>libclang_rt.builtins.a</file>
         <name>muldf3.S.obj</name>
      </input_file>
      <input_file id="fl-114">
         <path>E:\TI\ccs\tools\compiler\ti-cgt-armllvm_4.0.3.LTS\lib\armv6m-ti-none-eabi\</path>
         <kind>archive</kind>
         <file>libclang_rt.builtins.a</file>
         <name>muldsi3.S.obj</name>
      </input_file>
      <input_file id="fl-115">
         <path>E:\TI\ccs\tools\compiler\ti-cgt-armllvm_4.0.3.LTS\lib\armv6m-ti-none-eabi\</path>
         <kind>archive</kind>
         <file>libclang_rt.builtins.a</file>
         <name>mulsf3.S.obj</name>
      </input_file>
      <input_file id="fl-116">
         <path>E:\TI\ccs\tools\compiler\ti-cgt-armllvm_4.0.3.LTS\lib\armv6m-ti-none-eabi\</path>
         <kind>archive</kind>
         <file>libclang_rt.builtins.a</file>
         <name>divsf3.S.obj</name>
      </input_file>
      <input_file id="fl-117">
         <path>E:\TI\ccs\tools\compiler\ti-cgt-armllvm_4.0.3.LTS\lib\armv6m-ti-none-eabi\</path>
         <kind>archive</kind>
         <file>libclang_rt.builtins.a</file>
         <name>divdf3.S.obj</name>
      </input_file>
      <input_file id="fl-118">
         <path>E:\TI\ccs\tools\compiler\ti-cgt-armllvm_4.0.3.LTS\lib\armv6m-ti-none-eabi\</path>
         <kind>archive</kind>
         <file>libclang_rt.builtins.a</file>
         <name>extendsfdf2.S.obj</name>
      </input_file>
      <input_file id="fl-119">
         <path>E:\TI\ccs\tools\compiler\ti-cgt-armllvm_4.0.3.LTS\lib\armv6m-ti-none-eabi\</path>
         <kind>archive</kind>
         <file>libclang_rt.builtins.a</file>
         <name>fixdfsi.S.obj</name>
      </input_file>
      <input_file id="fl-11a">
         <path>E:\TI\ccs\tools\compiler\ti-cgt-armllvm_4.0.3.LTS\lib\armv6m-ti-none-eabi\</path>
         <kind>archive</kind>
         <file>libclang_rt.builtins.a</file>
         <name>fixsfsi.S.obj</name>
      </input_file>
      <input_file id="fl-11b">
         <path>E:\TI\ccs\tools\compiler\ti-cgt-armllvm_4.0.3.LTS\lib\armv6m-ti-none-eabi\</path>
         <kind>archive</kind>
         <file>libclang_rt.builtins.a</file>
         <name>floatsidf.S.obj</name>
      </input_file>
      <input_file id="fl-11c">
         <path>E:\TI\ccs\tools\compiler\ti-cgt-armllvm_4.0.3.LTS\lib\armv6m-ti-none-eabi\</path>
         <kind>archive</kind>
         <file>libclang_rt.builtins.a</file>
         <name>floatsisf.S.obj</name>
      </input_file>
      <input_file id="fl-11d">
         <path>E:\TI\ccs\tools\compiler\ti-cgt-armllvm_4.0.3.LTS\lib\armv6m-ti-none-eabi\</path>
         <kind>archive</kind>
         <file>libclang_rt.builtins.a</file>
         <name>muldi3.S.obj</name>
      </input_file>
      <input_file id="fl-11e">
         <path>E:\TI\ccs\tools\compiler\ti-cgt-armllvm_4.0.3.LTS\lib\armv6m-ti-none-eabi\</path>
         <kind>archive</kind>
         <file>libclang_rt.builtins.a</file>
         <name>truncdfsf2.S.obj</name>
      </input_file>
      <input_file id="fl-11f">
         <path>E:\TI\ccs\tools\compiler\ti-cgt-armllvm_4.0.3.LTS\lib\armv6m-ti-none-eabi\</path>
         <kind>archive</kind>
         <file>libclang_rt.builtins.a</file>
         <name>aeabi_dcmp.S.obj</name>
      </input_file>
      <input_file id="fl-120">
         <path>E:\TI\ccs\tools\compiler\ti-cgt-armllvm_4.0.3.LTS\lib\armv6m-ti-none-eabi\</path>
         <kind>archive</kind>
         <file>libclang_rt.builtins.a</file>
         <name>aeabi_fcmp.S.obj</name>
      </input_file>
      <input_file id="fl-121">
         <path>E:\TI\ccs\tools\compiler\ti-cgt-armllvm_4.0.3.LTS\lib\armv6m-ti-none-eabi\</path>
         <kind>archive</kind>
         <file>libclang_rt.builtins.a</file>
         <name>aeabi_idivmod.S.obj</name>
      </input_file>
      <input_file id="fl-122">
         <path>E:\TI\ccs\tools\compiler\ti-cgt-armllvm_4.0.3.LTS\lib\armv6m-ti-none-eabi\</path>
         <kind>archive</kind>
         <file>libclang_rt.builtins.a</file>
         <name>aeabi_memcpy.S.obj</name>
      </input_file>
      <input_file id="fl-123">
         <path>E:\TI\ccs\tools\compiler\ti-cgt-armllvm_4.0.3.LTS\lib\armv6m-ti-none-eabi\</path>
         <kind>archive</kind>
         <file>libclang_rt.builtins.a</file>
         <name>aeabi_memset.S.obj</name>
      </input_file>
      <input_file id="fl-124">
         <path>E:\TI\ccs\tools\compiler\ti-cgt-armllvm_4.0.3.LTS\lib\armv6m-ti-none-eabi\</path>
         <kind>archive</kind>
         <file>libclang_rt.builtins.a</file>
         <name>aeabi_uidivmod.S.obj</name>
      </input_file>
      <input_file id="fl-125">
         <path>E:\TI\ccs\tools\compiler\ti-cgt-armllvm_4.0.3.LTS\lib\armv6m-ti-none-eabi\</path>
         <kind>archive</kind>
         <file>libclang_rt.builtins.a</file>
         <name>aeabi_uldivmod.S.obj</name>
      </input_file>
      <input_file id="fl-126">
         <path>E:\TI\ccs\tools\compiler\ti-cgt-armllvm_4.0.3.LTS\lib\armv6m-ti-none-eabi\</path>
         <kind>archive</kind>
         <file>libclang_rt.builtins.a</file>
         <name>comparesf2.S.obj</name>
      </input_file>
      <input_file id="fl-127">
         <path>E:\TI\ccs\tools\compiler\ti-cgt-armllvm_4.0.3.LTS\lib\armv6m-ti-none-eabi\</path>
         <kind>archive</kind>
         <file>libclang_rt.builtins.a</file>
         <name>udivmoddi4.S.obj</name>
      </input_file>
      <input_file id="fl-128">
         <path>E:\TI\ccs\tools\compiler\ti-cgt-armllvm_4.0.3.LTS\lib\armv6m-ti-none-eabi\</path>
         <kind>archive</kind>
         <file>libclang_rt.builtins.a</file>
         <name>ashldi3.S.obj</name>
      </input_file>
      <input_file id="fl-129">
         <path>E:\TI\ccs\tools\compiler\ti-cgt-armllvm_4.0.3.LTS\lib\armv6m-ti-none-eabi\</path>
         <kind>archive</kind>
         <file>libclang_rt.builtins.a</file>
         <name>comparedf2.c.obj</name>
      </input_file>
      <input_file id="fl-12a">
         <path>E:\TI\ccs\tools\compiler\ti-cgt-armllvm_4.0.3.LTS\lib\armv6m-ti-none-eabi\</path>
         <kind>archive</kind>
         <file>libclang_rt.builtins.a</file>
         <name>aeabi_div0.c.obj</name>
      </input_file>
      <input_file id="fl-12b">
         <path>E:\TI\ccs\tools\compiler\ti-cgt-armllvm_4.0.3.LTS\lib\armv6m-ti-none-eabi\c\</path>
         <kind>archive</kind>
         <file>libc.a</file>
         <name>getdevice.c.obj</name>
      </input_file>
      <input_file id="fl-12c">
         <path>E:\TI\ccs\tools\compiler\ti-cgt-armllvm_4.0.3.LTS\lib\armv6m-ti-none-eabi\c\</path>
         <kind>archive</kind>
         <file>libc.a</file>
         <name>memcpy16.S.obj</name>
      </input_file>
      <input_file id="fl-12d">
         <path>E:\TI\ccs\tools\compiler\ti-cgt-armllvm_4.0.3.LTS\lib\armv6m-ti-none-eabi\c\</path>
         <kind>archive</kind>
         <file>libc.a</file>
         <name>memset16.S.obj</name>
      </input_file>
   </input_file_list>
   <object_component_list>
      <object_component id="oc-18">
         <name>.intvecs</name>
         <load_address>0x0</load_address>
         <readonly>true</readonly>
         <run_address>0x0</run_address>
         <size>0xc0</size>
         <alignment>0x4</alignment>
         <input_file_ref idref="fl-d"/>
      </object_component>
      <object_component id="oc-28b">
         <name>.text.__TI_scanfi</name>
         <load_address>0xc0</load_address>
         <readonly>true</readonly>
         <executable>true</executable>
         <run_address>0xc0</run_address>
         <size>0xbdc</size>
         <alignment>0x4</alignment>
         <input_file_ref idref="fl-46"/>
      </object_component>
      <object_component id="oc-29c">
         <name>.text:__TI_printfi_nofloat</name>
         <load_address>0xc9c</load_address>
         <readonly>true</readonly>
         <executable>true</executable>
         <run_address>0xc9c</run_address>
         <size>0x868</size>
         <alignment>0x4</alignment>
         <input_file_ref idref="fl-45"/>
      </object_component>
      <object_component id="oc-1b0">
         <name>.text.__kernel_rem_pio2</name>
         <load_address>0x1504</load_address>
         <readonly>true</readonly>
         <executable>true</executable>
         <run_address>0x1504</run_address>
         <size>0x644</size>
         <alignment>0x4</alignment>
         <input_file_ref idref="fl-3c"/>
      </object_component>
      <object_component id="oc-2d0">
         <name>.text.strtod</name>
         <load_address>0x1b48</load_address>
         <readonly>true</readonly>
         <executable>true</executable>
         <run_address>0x1b48</run_address>
         <size>0x3b8</size>
         <alignment>0x4</alignment>
         <input_file_ref idref="fl-55"/>
      </object_component>
      <object_component id="oc-2e3">
         <name>.text.strtoll</name>
         <load_address>0x1f00</load_address>
         <readonly>true</readonly>
         <executable>true</executable>
         <run_address>0x1f00</run_address>
         <size>0x1e0</size>
         <alignment>0x4</alignment>
         <input_file_ref idref="fl-57"/>
      </object_component>
      <object_component id="oc-115">
         <name>.text.cosf</name>
         <load_address>0x20e0</load_address>
         <readonly>true</readonly>
         <executable>true</executable>
         <run_address>0x20e0</run_address>
         <size>0x1d4</size>
         <alignment>0x4</alignment>
         <input_file_ref idref="fl-38"/>
      </object_component>
      <object_component id="oc-11b">
         <name>.text.sinf</name>
         <load_address>0x22b4</load_address>
         <readonly>true</readonly>
         <executable>true</executable>
         <run_address>0x22b4</run_address>
         <size>0x1c8</size>
         <alignment>0x4</alignment>
         <input_file_ref idref="fl-39"/>
      </object_component>
      <object_component id="oc-dd">
         <name>.text.Display_Update</name>
         <load_address>0x247c</load_address>
         <readonly>true</readonly>
         <executable>true</executable>
         <run_address>0x247c</run_address>
         <size>0x1bc</size>
         <alignment>0x4</alignment>
         <input_file_ref idref="fl-3"/>
      </object_component>
      <object_component id="oc-97">
         <name>.text.ICM42688_ReadData</name>
         <load_address>0x2638</load_address>
         <readonly>true</readonly>
         <executable>true</executable>
         <run_address>0x2638</run_address>
         <size>0x1a0</size>
         <alignment>0x4</alignment>
         <input_file_ref idref="fl-5"/>
      </object_component>
      <object_component id="oc-19f">
         <name>.text.adddf3_subdf3</name>
         <load_address>0x27d8</load_address>
         <readonly>true</readonly>
         <executable>true</executable>
         <run_address>0x27d8</run_address>
         <size>0x192</size>
         <alignment>0x4</alignment>
         <input_file_ref idref="fl-112"/>
      </object_component>
      <object_component id="oc-29f">
         <name>.text.__aeabi_idiv0</name>
         <load_address>0x296a</load_address>
         <readonly>true</readonly>
         <executable>true</executable>
         <run_address>0x296a</run_address>
         <size>0x2</size>
         <alignment>0x2</alignment>
         <input_file_ref idref="fl-12a"/>
      </object_component>
      <object_component id="oc-6e">
         <name>.text.Car_ControlUpdate10ms</name>
         <load_address>0x296c</load_address>
         <readonly>true</readonly>
         <executable>true</executable>
         <run_address>0x296c</run_address>
         <size>0x178</size>
         <alignment>0x4</alignment>
         <input_file_ref idref="fl-2"/>
      </object_component>
      <object_component id="oc-2df">
         <name>.text.strtoull</name>
         <load_address>0x2ae4</load_address>
         <readonly>true</readonly>
         <executable>true</executable>
         <run_address>0x2ae4</run_address>
         <size>0x16c</size>
         <alignment>0x4</alignment>
         <input_file_ref idref="fl-59"/>
      </object_component>
      <object_component id="oc-168">
         <name>.text.CarUart_ReadLine</name>
         <load_address>0x2c50</load_address>
         <readonly>true</readonly>
         <executable>true</executable>
         <run_address>0x2c50</run_address>
         <size>0x144</size>
         <alignment>0x4</alignment>
         <input_file_ref idref="fl-b"/>
      </object_component>
      <object_component id="oc-266">
         <name>.text.floor</name>
         <load_address>0x2d94</load_address>
         <readonly>true</readonly>
         <executable>true</executable>
         <run_address>0x2d94</run_address>
         <size>0x144</size>
         <alignment>0x4</alignment>
         <input_file_ref idref="fl-47"/>
      </object_component>
      <object_component id="oc-2db">
         <name>.text.strtol</name>
         <load_address>0x2ed8</load_address>
         <readonly>true</readonly>
         <executable>true</executable>
         <run_address>0x2ed8</run_address>
         <size>0x144</size>
         <alignment>0x4</alignment>
         <input_file_ref idref="fl-56"/>
      </object_component>
      <object_component id="oc-9c">
         <name>.text.Odometry_Update</name>
         <load_address>0x301c</load_address>
         <readonly>true</readonly>
         <executable>true</executable>
         <run_address>0x301c</run_address>
         <size>0x138</size>
         <alignment>0x4</alignment>
         <input_file_ref idref="fl-8"/>
      </object_component>
      <object_component id="oc-2d7">
         <name>.text.strtoul</name>
         <load_address>0x3154</load_address>
         <readonly>true</readonly>
         <executable>true</executable>
         <run_address>0x3154</run_address>
         <size>0x12c</size>
         <alignment>0x4</alignment>
         <input_file_ref idref="fl-58"/>
      </object_component>
      <object_component id="oc-288">
         <name>.text.OLED_ShowChar</name>
         <load_address>0x3280</load_address>
         <readonly>true</readonly>
         <executable>true</executable>
         <run_address>0x3280</run_address>
         <size>0x128</size>
         <alignment>0x4</alignment>
         <input_file_ref idref="fl-9"/>
      </object_component>
      <object_component id="oc-13f">
         <name>.text.SYSCFG_DL_GPIO_init</name>
         <load_address>0x33a8</load_address>
         <readonly>true</readonly>
         <executable>true</executable>
         <run_address>0x33a8</run_address>
         <size>0x118</size>
         <alignment>0x4</alignment>
         <input_file_ref idref="fl-c"/>
      </object_component>
      <object_component id="oc-316">
         <name>.text.__divdf3</name>
         <load_address>0x34c0</load_address>
         <readonly>true</readonly>
         <executable>true</executable>
         <run_address>0x34c0</run_address>
         <size>0x10c</size>
         <alignment>0x4</alignment>
         <input_file_ref idref="fl-117"/>
      </object_component>
      <object_component id="oc-1f1">
         <name>.text.DL_Timer_initFourCCPWMMode</name>
         <load_address>0x35cc</load_address>
         <readonly>true</readonly>
         <executable>true</executable>
         <run_address>0x35cc</run_address>
         <size>0x104</size>
         <alignment>0x4</alignment>
         <input_file_ref idref="fl-1d"/>
      </object_component>
      <object_component id="oc-155">
         <name>.text.OLED_Init</name>
         <load_address>0x36d0</load_address>
         <readonly>true</readonly>
         <executable>true</executable>
         <run_address>0x36d0</run_address>
         <size>0xfa</size>
         <alignment>0x2</alignment>
         <input_file_ref idref="fl-9"/>
      </object_component>
      <object_component id="oc-34a">
         <name>.text.__aeabi_ldiv0</name>
         <load_address>0x37ca</load_address>
         <readonly>true</readonly>
         <executable>true</executable>
         <run_address>0x37ca</run_address>
         <size>0x2</size>
         <alignment>0x2</alignment>
         <input_file_ref idref="fl-12a"/>
      </object_component>
      <object_component id="oc-200">
         <name>.text.DL_Timer_initTimerMode</name>
         <load_address>0x37cc</load_address>
         <readonly>true</readonly>
         <executable>true</executable>
         <run_address>0x37cc</run_address>
         <size>0xe8</size>
         <alignment>0x4</alignment>
         <input_file_ref idref="fl-1d"/>
      </object_component>
      <object_component id="oc-1a3">
         <name>.text.__muldf3</name>
         <load_address>0x38b4</load_address>
         <readonly>true</readonly>
         <executable>true</executable>
         <run_address>0x38b4</run_address>
         <size>0xe4</size>
         <alignment>0x4</alignment>
         <input_file_ref idref="fl-113"/>
      </object_component>
      <object_component id="oc-1e7">
         <name>.text.DL_SYSCTL_configSYSPLL</name>
         <load_address>0x3998</load_address>
         <readonly>true</readonly>
         <executable>true</executable>
         <run_address>0x3998</run_address>
         <size>0xdc</size>
         <alignment>0x4</alignment>
         <input_file_ref idref="fl-1f"/>
      </object_component>
      <object_component id="oc-262">
         <name>.text.scalbn</name>
         <load_address>0x3a74</load_address>
         <readonly>true</readonly>
         <executable>true</executable>
         <run_address>0x3a74</run_address>
         <size>0xd8</size>
         <alignment>0x4</alignment>
         <input_file_ref idref="fl-49"/>
      </object_component>
      <object_component id="oc-ab">
         <name>.text</name>
         <load_address>0x3b4c</load_address>
         <readonly>true</readonly>
         <executable>true</executable>
         <run_address>0x3b4c</run_address>
         <size>0xd8</size>
         <alignment>0x4</alignment>
         <input_file_ref idref="fl-111"/>
      </object_component>
      <object_component id="oc-91">
         <name>.text.Encoder_Update</name>
         <load_address>0x3c24</load_address>
         <readonly>true</readonly>
         <executable>true</executable>
         <run_address>0x3c24</run_address>
         <size>0xd4</size>
         <alignment>0x4</alignment>
         <input_file_ref idref="fl-4"/>
      </object_component>
      <object_component id="oc-169">
         <name>.text.handle_uart0_command</name>
         <load_address>0x3cf8</load_address>
         <readonly>true</readonly>
         <executable>true</executable>
         <run_address>0x3cf8</run_address>
         <size>0xd4</size>
         <alignment>0x4</alignment>
         <input_file_ref idref="fl-6"/>
      </object_component>
      <object_component id="oc-13e">
         <name>.text.SYSCFG_DL_initPower</name>
         <load_address>0x3dcc</load_address>
         <readonly>true</readonly>
         <executable>true</executable>
         <run_address>0x3dcc</run_address>
         <size>0xc4</size>
         <alignment>0x4</alignment>
         <input_file_ref idref="fl-c"/>
      </object_component>
      <object_component id="oc-b7">
         <name>.text.Motor_SetPwm</name>
         <load_address>0x3e90</load_address>
         <readonly>true</readonly>
         <executable>true</executable>
         <run_address>0x3e90</run_address>
         <size>0xb4</size>
         <alignment>0x2</alignment>
         <input_file_ref idref="fl-7"/>
      </object_component>
      <object_component id="oc-d8">
         <name>.text.Car_ControlInit</name>
         <load_address>0x3f44</load_address>
         <readonly>true</readonly>
         <executable>true</executable>
         <run_address>0x3f44</run_address>
         <size>0xb0</size>
         <alignment>0x4</alignment>
         <input_file_ref idref="fl-2"/>
      </object_component>
      <object_component id="oc-a1">
         <name>.text.PID_UpdateAngle</name>
         <load_address>0x3ff4</load_address>
         <readonly>true</readonly>
         <executable>true</executable>
         <run_address>0x3ff4</run_address>
         <size>0xac</size>
         <alignment>0x2</alignment>
         <input_file_ref idref="fl-a"/>
      </object_component>
      <object_component id="oc-1b6">
         <name>.text.__kernel_sindf</name>
         <load_address>0x40a0</load_address>
         <readonly>true</readonly>
         <executable>true</executable>
         <run_address>0x40a0</run_address>
         <size>0xac</size>
         <alignment>0x4</alignment>
         <input_file_ref idref="fl-38"/>
      </object_component>
      <object_component id="oc-1bc">
         <name>.text.__kernel_sindf</name>
         <load_address>0x414c</load_address>
         <readonly>true</readonly>
         <executable>true</executable>
         <run_address>0x414c</run_address>
         <size>0xac</size>
         <alignment>0x4</alignment>
         <input_file_ref idref="fl-39"/>
      </object_component>
      <object_component id="oc-335">
         <name>.text</name>
         <load_address>0x41f8</load_address>
         <readonly>true</readonly>
         <executable>true</executable>
         <run_address>0x41f8</run_address>
         <size>0xa2</size>
         <alignment>0x4</alignment>
         <input_file_ref idref="fl-127"/>
      </object_component>
      <object_component id="oc-1fd">
         <name>.text.DL_Timer_initCompareMode</name>
         <load_address>0x429c</load_address>
         <readonly>true</readonly>
         <executable>true</executable>
         <run_address>0x429c</run_address>
         <size>0xa0</size>
         <alignment>0x4</alignment>
         <input_file_ref idref="fl-1d"/>
      </object_component>
      <object_component id="oc-19e">
         <name>.text.__kernel_cosdf</name>
         <load_address>0x433c</load_address>
         <readonly>true</readonly>
         <executable>true</executable>
         <run_address>0x433c</run_address>
         <size>0x9c</size>
         <alignment>0x4</alignment>
         <input_file_ref idref="fl-38"/>
      </object_component>
      <object_component id="oc-1bb">
         <name>.text.__kernel_cosdf</name>
         <load_address>0x43d8</load_address>
         <readonly>true</readonly>
         <executable>true</executable>
         <run_address>0x43d8</run_address>
         <size>0x9c</size>
         <alignment>0x4</alignment>
         <input_file_ref idref="fl-39"/>
      </object_component>
      <object_component id="oc-b5">
         <name>.text.PID_UpdateIncremental</name>
         <load_address>0x4474</load_address>
         <readonly>true</readonly>
         <executable>true</executable>
         <run_address>0x4474</run_address>
         <size>0x90</size>
         <alignment>0x2</alignment>
         <input_file_ref idref="fl-a"/>
      </object_component>
      <object_component id="oc-141">
         <name>.text.SYSCFG_DL_PWM_MOTOR_init</name>
         <load_address>0x4504</load_address>
         <readonly>true</readonly>
         <executable>true</executable>
         <run_address>0x4504</run_address>
         <size>0x90</size>
         <alignment>0x4</alignment>
         <input_file_ref idref="fl-c"/>
      </object_component>
      <object_component id="oc-10d">
         <name>.text.__mulsf3</name>
         <load_address>0x4594</load_address>
         <readonly>true</readonly>
         <executable>true</executable>
         <run_address>0x4594</run_address>
         <size>0x8c</size>
         <alignment>0x4</alignment>
         <input_file_ref idref="fl-115"/>
      </object_component>
      <object_component id="oc-225">
         <name>.text:strcmp</name>
         <load_address>0x4620</load_address>
         <readonly>true</readonly>
         <executable>true</executable>
         <run_address>0x4620</run_address>
         <size>0x88</size>
         <alignment>0x10</alignment>
         <input_file_ref idref="fl-3b"/>
      </object_component>
      <object_component id="oc-21f">
         <name>.text.OLED_ShowString</name>
         <load_address>0x46a8</load_address>
         <readonly>true</readonly>
         <executable>true</executable>
         <run_address>0x46a8</run_address>
         <size>0x86</size>
         <alignment>0x2</alignment>
         <input_file_ref idref="fl-9"/>
      </object_component>
      <object_component id="oc-151">
         <name>.text.__NVIC_SetPriority</name>
         <load_address>0x4730</load_address>
         <readonly>true</readonly>
         <executable>true</executable>
         <run_address>0x4730</run_address>
         <size>0x84</size>
         <alignment>0x4</alignment>
         <input_file_ref idref="fl-1"/>
      </object_component>
      <object_component id="oc-285">
         <name>.text.oled_send_byte</name>
         <load_address>0x47b4</load_address>
         <readonly>true</readonly>
         <executable>true</executable>
         <run_address>0x47b4</run_address>
         <size>0x84</size>
         <alignment>0x4</alignment>
         <input_file_ref idref="fl-9"/>
      </object_component>
      <object_component id="oc-109">
         <name>.text.__divsf3</name>
         <load_address>0x4838</load_address>
         <readonly>true</readonly>
         <executable>true</executable>
         <run_address>0x4838</run_address>
         <size>0x82</size>
         <alignment>0x4</alignment>
         <input_file_ref idref="fl-116"/>
      </object_component>
      <object_component id="oc-b6">
         <name>.text.float_to_i16</name>
         <load_address>0x48bc</load_address>
         <readonly>true</readonly>
         <executable>true</executable>
         <run_address>0x48bc</run_address>
         <size>0x80</size>
         <alignment>0x4</alignment>
         <input_file_ref idref="fl-2"/>
      </object_component>
      <object_component id="oc-1c">
         <name>.text:decompress:lzss</name>
         <load_address>0x493c</load_address>
         <readonly>true</readonly>
         <executable>true</executable>
         <run_address>0x493c</run_address>
         <size>0x7c</size>
         <alignment>0x4</alignment>
         <input_file_ref idref="fl-44"/>
      </object_component>
      <object_component id="oc-d6">
         <name>.text.ICM42688_Init</name>
         <load_address>0x49b8</load_address>
         <readonly>true</readonly>
         <executable>true</executable>
         <run_address>0x49b8</run_address>
         <size>0x74</size>
         <alignment>0x4</alignment>
         <input_file_ref idref="fl-5"/>
      </object_component>
      <object_component id="oc-2b7">
         <name>.text.__gedf2</name>
         <load_address>0x4a2c</load_address>
         <readonly>true</readonly>
         <executable>true</executable>
         <run_address>0x4a2c</run_address>
         <size>0x74</size>
         <alignment>0x4</alignment>
         <input_file_ref idref="fl-129"/>
      </object_component>
      <object_component id="oc-251">
         <name>.text.__truncdfsf2</name>
         <load_address>0x4aa0</load_address>
         <readonly>true</readonly>
         <executable>true</executable>
         <run_address>0x4aa0</run_address>
         <size>0x74</size>
         <alignment>0x10</alignment>
         <input_file_ref idref="fl-11e"/>
      </object_component>
      <object_component id="oc-293">
         <name>.text._chkmbc</name>
         <load_address>0x4b14</load_address>
         <readonly>true</readonly>
         <executable>true</executable>
         <run_address>0x4b14</run_address>
         <size>0x74</size>
         <alignment>0x4</alignment>
         <input_file_ref idref="fl-37"/>
      </object_component>
      <object_component id="oc-16c">
         <name>.text.CarUart_Available</name>
         <load_address>0x4b88</load_address>
         <readonly>true</readonly>
         <executable>true</executable>
         <run_address>0x4b88</run_address>
         <size>0x70</size>
         <alignment>0x4</alignment>
         <input_file_ref idref="fl-b"/>
      </object_component>
      <object_component id="oc-fd">
         <name>.text.rx_push</name>
         <load_address>0x4bf8</load_address>
         <readonly>true</readonly>
         <executable>true</executable>
         <run_address>0x4bf8</run_address>
         <size>0x70</size>
         <alignment>0x4</alignment>
         <input_file_ref idref="fl-b"/>
      </object_component>
      <object_component id="oc-15a">
         <name>.text.OLED_Clear</name>
         <load_address>0x4c68</load_address>
         <readonly>true</readonly>
         <executable>true</executable>
         <run_address>0x4c68</run_address>
         <size>0x6c</size>
         <alignment>0x2</alignment>
         <input_file_ref idref="fl-9"/>
      </object_component>
      <object_component id="oc-84">
         <name>.text.main</name>
         <load_address>0x4cd4</load_address>
         <readonly>true</readonly>
         <executable>true</executable>
         <run_address>0x4cd4</run_address>
         <size>0x6c</size>
         <alignment>0x4</alignment>
         <input_file_ref idref="fl-6"/>
      </object_component>
      <object_component id="oc-135">
         <name>.text.set_left_direction</name>
         <load_address>0x4d40</load_address>
         <readonly>true</readonly>
         <executable>true</executable>
         <run_address>0x4d40</run_address>
         <size>0x6c</size>
         <alignment>0x4</alignment>
         <input_file_ref idref="fl-7"/>
      </object_component>
      <object_component id="oc-136">
         <name>.text.set_right_direction</name>
         <load_address>0x4dac</load_address>
         <readonly>true</readonly>
         <executable>true</executable>
         <run_address>0x4dac</run_address>
         <size>0x6c</size>
         <alignment>0x4</alignment>
         <input_file_ref idref="fl-7"/>
      </object_component>
      <object_component id="oc-2b1">
         <name>.text.__ledf2</name>
         <load_address>0x4e18</load_address>
         <readonly>true</readonly>
         <executable>true</executable>
         <run_address>0x4e18</run_address>
         <size>0x68</size>
         <alignment>0x4</alignment>
         <input_file_ref idref="fl-129"/>
      </object_component>
      <object_component id="oc-26a">
         <name>.text.__aeabi_dcmp</name>
         <load_address>0x4e80</load_address>
         <readonly>true</readonly>
         <executable>true</executable>
         <run_address>0x4e80</run_address>
         <size>0x62</size>
         <alignment>0x4</alignment>
         <input_file_ref idref="fl-11f"/>
      </object_component>
      <object_component id="oc-12c">
         <name>.text.__aeabi_fcmp</name>
         <load_address>0x4ee4</load_address>
         <readonly>true</readonly>
         <executable>true</executable>
         <run_address>0x4ee4</run_address>
         <size>0x62</size>
         <alignment>0x4</alignment>
         <input_file_ref idref="fl-120"/>
      </object_component>
      <object_component id="oc-ca">
         <name>.text.SYSCFG_DL_init</name>
         <load_address>0x4f48</load_address>
         <readonly>true</readonly>
         <executable>true</executable>
         <run_address>0x4f48</run_address>
         <size>0x60</size>
         <alignment>0x4</alignment>
         <input_file_ref idref="fl-c"/>
      </object_component>
      <object_component id="oc-107">
         <name>.text.read_regs</name>
         <load_address>0x4fa8</load_address>
         <readonly>true</readonly>
         <executable>true</executable>
         <run_address>0x4fa8</run_address>
         <size>0x58</size>
         <alignment>0x2</alignment>
         <input_file_ref idref="fl-5"/>
      </object_component>
      <object_component id="oc-259">
         <name>.text.__aeabi_idivmod</name>
         <load_address>0x5000</load_address>
         <readonly>true</readonly>
         <executable>true</executable>
         <run_address>0x5000</run_address>
         <size>0x56</size>
         <alignment>0x4</alignment>
         <input_file_ref idref="fl-121"/>
      </object_component>
      <object_component id="oc-1f9">
         <name>.text.DL_Timer_configQEI</name>
         <load_address>0x5058</load_address>
         <readonly>true</readonly>
         <executable>true</executable>
         <run_address>0x5058</run_address>
         <size>0x54</size>
         <alignment>0x4</alignment>
         <input_file_ref idref="fl-c"/>
      </object_component>
      <object_component id="oc-164">
         <name>.text.PID_Init</name>
         <load_address>0x50ac</load_address>
         <readonly>true</readonly>
         <executable>true</executable>
         <run_address>0x50ac</run_address>
         <size>0x54</size>
         <alignment>0x2</alignment>
         <input_file_ref idref="fl-a"/>
      </object_component>
      <object_component id="oc-111">
         <name>.text.PID_WrapDegrees</name>
         <load_address>0x5100</load_address>
         <readonly>true</readonly>
         <executable>true</executable>
         <run_address>0x5100</run_address>
         <size>0x54</size>
         <alignment>0x4</alignment>
         <input_file_ref idref="fl-a"/>
      </object_component>
      <object_component id="oc-134">
         <name>.text.clamp_pwm</name>
         <load_address>0x5154</load_address>
         <readonly>true</readonly>
         <executable>true</executable>
         <run_address>0x5154</run_address>
         <size>0x54</size>
         <alignment>0x4</alignment>
         <input_file_ref idref="fl-7"/>
      </object_component>
      <object_component id="oc-224">
         <name>.text.Encoder_Reset</name>
         <load_address>0x51a8</load_address>
         <readonly>true</readonly>
         <executable>true</executable>
         <run_address>0x51a8</run_address>
         <size>0x50</size>
         <alignment>0x4</alignment>
         <input_file_ref idref="fl-4"/>
      </object_component>
      <object_component id="oc-142">
         <name>.text.SYSCFG_DL_QEI_LEFT_init</name>
         <load_address>0x51f8</load_address>
         <readonly>true</readonly>
         <executable>true</executable>
         <run_address>0x51f8</run_address>
         <size>0x50</size>
         <alignment>0x4</alignment>
         <input_file_ref idref="fl-c"/>
      </object_component>
      <object_component id="oc-150">
         <name>.text.SysTick_Config</name>
         <load_address>0x5248</load_address>
         <readonly>true</readonly>
         <executable>true</executable>
         <run_address>0x5248</run_address>
         <size>0x50</size>
         <alignment>0x4</alignment>
         <input_file_ref idref="fl-1"/>
      </object_component>
      <object_component id="oc-207">
         <name>.text.DL_UART_setBaudRateDivisor</name>
         <load_address>0x5298</load_address>
         <readonly>true</readonly>
         <executable>true</executable>
         <run_address>0x5298</run_address>
         <size>0x4c</size>
         <alignment>0x4</alignment>
         <input_file_ref idref="fl-c"/>
      </object_component>
      <object_component id="oc-16d">
         <name>.text.snprintf</name>
         <load_address>0x52e4</load_address>
         <readonly>true</readonly>
         <executable>true</executable>
         <run_address>0x52e4</run_address>
         <size>0x4c</size>
         <alignment>0x4</alignment>
         <input_file_ref idref="fl-36"/>
      </object_component>
      <object_component id="oc-30d">
         <name>.text.uart_instance</name>
         <load_address>0x5330</load_address>
         <readonly>true</readonly>
         <executable>true</executable>
         <run_address>0x5330</run_address>
         <size>0x4c</size>
         <alignment>0x4</alignment>
         <input_file_ref idref="fl-b"/>
      </object_component>
      <object_component id="oc-1a7">
         <name>.text.__fixdfsi</name>
         <load_address>0x537c</load_address>
         <readonly>true</readonly>
         <executable>true</executable>
         <run_address>0x537c</run_address>
         <size>0x4a</size>
         <alignment>0x4</alignment>
         <input_file_ref idref="fl-119"/>
      </object_component>
      <object_component id="oc-6a">
         <name>.text.handle_uart_irq</name>
         <load_address>0x53c6</load_address>
         <readonly>true</readonly>
         <executable>true</executable>
         <run_address>0x53c6</run_address>
         <size>0x4a</size>
         <alignment>0x2</alignment>
         <input_file_ref idref="fl-b"/>
      </object_component>
      <object_component id="oc-205">
         <name>.text.DL_UART_init</name>
         <load_address>0x5410</load_address>
         <readonly>true</readonly>
         <executable>true</executable>
         <run_address>0x5410</run_address>
         <size>0x48</size>
         <alignment>0x4</alignment>
         <input_file_ref idref="fl-1e"/>
      </object_component>
      <object_component id="oc-145">
         <name>.text.SYSCFG_DL_UART_0_init</name>
         <load_address>0x5458</load_address>
         <readonly>true</readonly>
         <executable>true</executable>
         <run_address>0x5458</run_address>
         <size>0x48</size>
         <alignment>0x4</alignment>
         <input_file_ref idref="fl-c"/>
      </object_component>
      <object_component id="oc-146">
         <name>.text.SYSCFG_DL_UART_1_init</name>
         <load_address>0x54a0</load_address>
         <readonly>true</readonly>
         <executable>true</executable>
         <run_address>0x54a0</run_address>
         <size>0x48</size>
         <alignment>0x4</alignment>
         <input_file_ref idref="fl-c"/>
      </object_component>
      <object_component id="oc-147">
         <name>.text.SYSCFG_DL_UART_2_init</name>
         <load_address>0x54e8</load_address>
         <readonly>true</readonly>
         <executable>true</executable>
         <run_address>0x54e8</run_address>
         <size>0x48</size>
         <alignment>0x4</alignment>
         <input_file_ref idref="fl-c"/>
      </object_component>
      <object_component id="oc-21c">
         <name>.text.OLED_WriteByte</name>
         <load_address>0x5530</load_address>
         <readonly>true</readonly>
         <executable>true</executable>
         <run_address>0x5530</run_address>
         <size>0x46</size>
         <alignment>0x2</alignment>
         <input_file_ref idref="fl-9"/>
      </object_component>
      <object_component id="oc-152">
         <name>.text.CarUart_ClearRx</name>
         <load_address>0x5578</load_address>
         <readonly>true</readonly>
         <executable>true</executable>
         <run_address>0x5578</run_address>
         <size>0x44</size>
         <alignment>0x4</alignment>
         <input_file_ref idref="fl-b"/>
      </object_component>
      <object_component id="oc-d0">
         <name>.text.CarUart_Init</name>
         <load_address>0x55bc</load_address>
         <readonly>true</readonly>
         <executable>true</executable>
         <run_address>0x55bc</run_address>
         <size>0x44</size>
         <alignment>0x2</alignment>
         <input_file_ref idref="fl-b"/>
      </object_component>
      <object_component id="oc-216">
         <name>.text.DL_SPI_init</name>
         <load_address>0x5600</load_address>
         <readonly>true</readonly>
         <executable>true</executable>
         <run_address>0x5600</run_address>
         <size>0x44</size>
         <alignment>0x4</alignment>
         <input_file_ref idref="fl-1c"/>
      </object_component>
      <object_component id="oc-1ee">
         <name>.text.DL_SYSCTL_switchMCLKfromSYSOSCtoHSCLK</name>
         <load_address>0x5644</load_address>
         <readonly>true</readonly>
         <executable>true</executable>
         <run_address>0x5644</run_address>
         <size>0x44</size>
         <alignment>0x4</alignment>
         <input_file_ref idref="fl-1f"/>
      </object_component>
      <object_component id="oc-167">
         <name>.text.Odometry_Reset</name>
         <load_address>0x5688</load_address>
         <readonly>true</readonly>
         <executable>true</executable>
         <run_address>0x5688</run_address>
         <size>0x44</size>
         <alignment>0x2</alignment>
         <input_file_ref idref="fl-8"/>
      </object_component>
      <object_component id="oc-40">
         <name>.text.TIMA1_IRQHandler</name>
         <load_address>0x56cc</load_address>
         <readonly>true</readonly>
         <executable>true</executable>
         <run_address>0x56cc</run_address>
         <size>0x44</size>
         <alignment>0x4</alignment>
         <input_file_ref idref="fl-6"/>
      </object_component>
      <object_component id="oc-148">
         <name>.text.SYSCFG_DL_SPI_IMU_init</name>
         <load_address>0x5710</load_address>
         <readonly>true</readonly>
         <executable>true</executable>
         <run_address>0x5710</run_address>
         <size>0x40</size>
         <alignment>0x4</alignment>
         <input_file_ref idref="fl-c"/>
      </object_component>
      <object_component id="oc-2bd">
         <name>.text.__aeabi_uidivmod</name>
         <load_address>0x5750</load_address>
         <readonly>true</readonly>
         <executable>true</executable>
         <run_address>0x5750</run_address>
         <size>0x40</size>
         <alignment>0x4</alignment>
         <input_file_ref idref="fl-124"/>
      </object_component>
      <object_component id="oc-1ac">
         <name>.text.__extendsfdf2</name>
         <load_address>0x5790</load_address>
         <readonly>true</readonly>
         <executable>true</executable>
         <run_address>0x5790</run_address>
         <size>0x40</size>
         <alignment>0x4</alignment>
         <input_file_ref idref="fl-118"/>
      </object_component>
      <object_component id="oc-2c6">
         <name>.text.atoi</name>
         <load_address>0x57d0</load_address>
         <readonly>true</readonly>
         <executable>true</executable>
         <run_address>0x57d0</run_address>
         <size>0x40</size>
         <alignment>0x4</alignment>
         <input_file_ref idref="fl-51"/>
      </object_component>
      <object_component id="oc-284">
         <name>.text.oled_i2c_start</name>
         <load_address>0x5810</load_address>
         <readonly>true</readonly>
         <executable>true</executable>
         <run_address>0x5810</run_address>
         <size>0x40</size>
         <alignment>0x4</alignment>
         <input_file_ref idref="fl-9"/>
      </object_component>
      <object_component id="oc-129">
         <name>.text.set_pwm_compare</name>
         <load_address>0x5850</load_address>
         <readonly>true</readonly>
         <executable>true</executable>
         <run_address>0x5850</run_address>
         <size>0x40</size>
         <alignment>0x4</alignment>
         <input_file_ref idref="fl-7"/>
      </object_component>
      <object_component id="oc-123">
         <name>.text.PID_Clamp</name>
         <load_address>0x5890</load_address>
         <readonly>true</readonly>
         <executable>true</executable>
         <run_address>0x5890</run_address>
         <size>0x3e</size>
         <alignment>0x2</alignment>
         <input_file_ref idref="fl-a"/>
      </object_component>
      <object_component id="oc-1f2">
         <name>.text.DL_Timer_setCounterControl</name>
         <load_address>0x58d0</load_address>
         <readonly>true</readonly>
         <executable>true</executable>
         <run_address>0x58d0</run_address>
         <size>0x3c</size>
         <alignment>0x4</alignment>
         <input_file_ref idref="fl-c"/>
      </object_component>
      <object_component id="oc-2bc">
         <name>.text.OLED_SetPos</name>
         <load_address>0x590c</load_address>
         <readonly>true</readonly>
         <executable>true</executable>
         <run_address>0x590c</run_address>
         <size>0x3c</size>
         <alignment>0x2</alignment>
         <input_file_ref idref="fl-9"/>
      </object_component>
      <object_component id="oc-140">
         <name>.text.SYSCFG_DL_SYSCTL_init</name>
         <load_address>0x5948</load_address>
         <readonly>true</readonly>
         <executable>true</executable>
         <run_address>0x5948</run_address>
         <size>0x3c</size>
         <alignment>0x4</alignment>
         <input_file_ref idref="fl-c"/>
      </object_component>
      <object_component id="oc-a7">
         <name>.text.__floatsisf</name>
         <load_address>0x5984</load_address>
         <readonly>true</readonly>
         <executable>true</executable>
         <run_address>0x5984</run_address>
         <size>0x3c</size>
         <alignment>0x4</alignment>
         <input_file_ref idref="fl-11c"/>
      </object_component>
      <object_component id="oc-1ca">
         <name>.text.__gtsf2</name>
         <load_address>0x59c0</load_address>
         <readonly>true</readonly>
         <executable>true</executable>
         <run_address>0x59c0</run_address>
         <size>0x3c</size>
         <alignment>0x4</alignment>
         <input_file_ref idref="fl-126"/>
      </object_component>
      <object_component id="oc-e5">
         <name>.text:__TI_auto_init_nobinit_nopinit</name>
         <load_address>0x59fc</load_address>
         <readonly>true</readonly>
         <executable>true</executable>
         <run_address>0x59fc</run_address>
         <size>0x3c</size>
         <alignment>0x4</alignment>
         <input_file_ref idref="fl-3f"/>
      </object_component>
      <object_component id="oc-1c5">
         <name>.text.__eqsf2</name>
         <load_address>0x5a38</load_address>
         <readonly>true</readonly>
         <executable>true</executable>
         <run_address>0x5a38</run_address>
         <size>0x3a</size>
         <alignment>0x4</alignment>
         <input_file_ref idref="fl-126"/>
      </object_component>
      <object_component id="oc-198">
         <name>.text.__muldsi3</name>
         <load_address>0x5a74</load_address>
         <readonly>true</readonly>
         <executable>true</executable>
         <run_address>0x5a74</run_address>
         <size>0x3a</size>
         <alignment>0x4</alignment>
         <input_file_ref idref="fl-114"/>
      </object_component>
      <object_component id="oc-28a">
         <name>.text.CarUart_SendString</name>
         <load_address>0x5aae</load_address>
         <readonly>true</readonly>
         <executable>true</executable>
         <run_address>0x5aae</run_address>
         <size>0x38</size>
         <alignment>0x2</alignment>
         <input_file_ref idref="fl-b"/>
      </object_component>
      <object_component id="oc-db">
         <name>.text.Car_MotorControl</name>
         <load_address>0x5ae8</load_address>
         <readonly>true</readonly>
         <executable>true</executable>
         <run_address>0x5ae8</run_address>
         <size>0x38</size>
         <alignment>0x4</alignment>
         <input_file_ref idref="fl-2"/>
      </object_component>
      <object_component id="oc-130">
         <name>.text.__fixsfsi</name>
         <load_address>0x5b20</load_address>
         <readonly>true</readonly>
         <executable>true</executable>
         <run_address>0x5b20</run_address>
         <size>0x38</size>
         <alignment>0x4</alignment>
         <input_file_ref idref="fl-11a"/>
      </object_component>
      <object_component id="oc-287">
         <name>.text.oled_i2c_stop</name>
         <load_address>0x5b58</load_address>
         <readonly>true</readonly>
         <executable>true</executable>
         <run_address>0x5b58</run_address>
         <size>0x38</size>
         <alignment>0x4</alignment>
         <input_file_ref idref="fl-9"/>
      </object_component>
      <object_component id="oc-286">
         <name>.text.oled_i2c_wait_ack</name>
         <load_address>0x5b90</load_address>
         <readonly>true</readonly>
         <executable>true</executable>
         <run_address>0x5b90</run_address>
         <size>0x38</size>
         <alignment>0x4</alignment>
         <input_file_ref idref="fl-9"/>
      </object_component>
      <object_component id="oc-1df">
         <name>.text.DL_GPIO_initDigitalInputFeatures</name>
         <load_address>0x5bc8</load_address>
         <readonly>true</readonly>
         <executable>true</executable>
         <run_address>0x5bc8</run_address>
         <size>0x34</size>
         <alignment>0x4</alignment>
         <input_file_ref idref="fl-c"/>
      </object_component>
      <object_component id="oc-144">
         <name>.text.SYSCFG_DL_CONTROL_TIMER_init</name>
         <load_address>0x5bfc</load_address>
         <readonly>true</readonly>
         <executable>true</executable>
         <run_address>0x5bfc</run_address>
         <size>0x34</size>
         <alignment>0x4</alignment>
         <input_file_ref idref="fl-c"/>
      </object_component>
      <object_component id="oc-15b">
         <name>.text.display_line</name>
         <load_address>0x5c30</load_address>
         <readonly>true</readonly>
         <executable>true</executable>
         <run_address>0x5c30</run_address>
         <size>0x34</size>
         <alignment>0x4</alignment>
         <input_file_ref idref="fl-3"/>
      </object_component>
      <object_component id="oc-163">
         <name>.text.read_reg</name>
         <load_address>0x5c64</load_address>
         <readonly>true</readonly>
         <executable>true</executable>
         <run_address>0x5c64</run_address>
         <size>0x32</size>
         <alignment>0x2</alignment>
         <input_file_ref idref="fl-5"/>
      </object_component>
      <object_component id="oc-2c3">
         <name>.text.CarUart_SendByte</name>
         <load_address>0x5c96</load_address>
         <readonly>true</readonly>
         <executable>true</executable>
         <run_address>0x5c96</run_address>
         <size>0x30</size>
         <alignment>0x2</alignment>
         <input_file_ref idref="fl-b"/>
      </object_component>
      <object_component id="oc-218">
         <name>.text.DL_SPI_setFIFOThreshold</name>
         <load_address>0x5cc8</load_address>
         <readonly>true</readonly>
         <executable>true</executable>
         <run_address>0x5cc8</run_address>
         <size>0x30</size>
         <alignment>0x4</alignment>
         <input_file_ref idref="fl-c"/>
      </object_component>
      <object_component id="oc-23b">
         <name>.text._outs</name>
         <load_address>0x5cf8</load_address>
         <readonly>true</readonly>
         <executable>true</executable>
         <run_address>0x5cf8</run_address>
         <size>0x30</size>
         <alignment>0x2</alignment>
         <input_file_ref idref="fl-36"/>
      </object_component>
      <object_component id="oc-161">
         <name>.text.mspm0_delay_ms</name>
         <load_address>0x5d28</load_address>
         <readonly>true</readonly>
         <executable>true</executable>
         <run_address>0x5d28</run_address>
         <size>0x30</size>
         <alignment>0x4</alignment>
         <input_file_ref idref="fl-1"/>
      </object_component>
      <object_component id="oc-22b">
         <name>.text.sscanf</name>
         <load_address>0x5d58</load_address>
         <readonly>true</readonly>
         <executable>true</executable>
         <run_address>0x5d58</run_address>
         <size>0x30</size>
         <alignment>0x4</alignment>
         <input_file_ref idref="fl-37"/>
      </object_component>
      <object_component id="oc-162">
         <name>.text.write_reg</name>
         <load_address>0x5d88</load_address>
         <readonly>true</readonly>
         <executable>true</executable>
         <run_address>0x5d88</run_address>
         <size>0x30</size>
         <alignment>0x2</alignment>
         <input_file_ref idref="fl-5"/>
      </object_component>
      <object_component id="oc-b0">
         <name>.text.Motor_Stop</name>
         <load_address>0x5db8</load_address>
         <readonly>true</readonly>
         <executable>true</executable>
         <run_address>0x5db8</run_address>
         <size>0x2c</size>
         <alignment>0x4</alignment>
         <input_file_ref idref="fl-7"/>
      </object_component>
      <object_component id="oc-143">
         <name>.text.SYSCFG_DL_ENCODER_RIGHT_COUNT_init</name>
         <load_address>0x5de4</load_address>
         <readonly>true</readonly>
         <executable>true</executable>
         <run_address>0x5de4</run_address>
         <size>0x2c</size>
         <alignment>0x4</alignment>
         <input_file_ref idref="fl-c"/>
      </object_component>
      <object_component id="oc-d9">
         <name>.text.__NVIC_ClearPendingIRQ</name>
         <load_address>0x5e10</load_address>
         <readonly>true</readonly>
         <executable>true</executable>
         <run_address>0x5e10</run_address>
         <size>0x2c</size>
         <alignment>0x4</alignment>
         <input_file_ref idref="fl-6"/>
      </object_component>
      <object_component id="oc-153">
         <name>.text.__NVIC_ClearPendingIRQ</name>
         <load_address>0x5e3c</load_address>
         <readonly>true</readonly>
         <executable>true</executable>
         <run_address>0x5e3c</run_address>
         <size>0x2c</size>
         <alignment>0x4</alignment>
         <input_file_ref idref="fl-b"/>
      </object_component>
      <object_component id="oc-da">
         <name>.text.__NVIC_EnableIRQ</name>
         <load_address>0x5e68</load_address>
         <readonly>true</readonly>
         <executable>true</executable>
         <run_address>0x5e68</run_address>
         <size>0x2c</size>
         <alignment>0x4</alignment>
         <input_file_ref idref="fl-6"/>
      </object_component>
      <object_component id="oc-154">
         <name>.text.__NVIC_EnableIRQ</name>
         <load_address>0x5e94</load_address>
         <readonly>true</readonly>
         <executable>true</executable>
         <run_address>0x5e94</run_address>
         <size>0x2c</size>
         <alignment>0x4</alignment>
         <input_file_ref idref="fl-b"/>
      </object_component>
      <object_component id="oc-25d">
         <name>.text.__floatsidf</name>
         <load_address>0x5ec0</load_address>
         <readonly>true</readonly>
         <executable>true</executable>
         <run_address>0x5ec0</run_address>
         <size>0x2c</size>
         <alignment>0x4</alignment>
         <input_file_ref idref="fl-11b"/>
      </object_component>
      <object_component id="oc-90">
         <name>.text.drain_uart_to_buffer</name>
         <load_address>0x5eec</load_address>
         <readonly>true</readonly>
         <executable>true</executable>
         <run_address>0x5eec</run_address>
         <size>0x2c</size>
         <alignment>0x2</alignment>
         <input_file_ref idref="fl-b"/>
      </object_component>
      <object_component id="oc-27d">
         <name>.text.DL_Common_updateReg</name>
         <load_address>0x5f18</load_address>
         <readonly>true</readonly>
         <executable>true</executable>
         <run_address>0x5f18</run_address>
         <size>0x28</size>
         <alignment>0x2</alignment>
         <input_file_ref idref="fl-c"/>
      </object_component>
      <object_component id="oc-60">
         <name>.text:_c_int00_noargs</name>
         <load_address>0x5f40</load_address>
         <readonly>true</readonly>
         <executable>true</executable>
         <run_address>0x5f40</run_address>
         <size>0x28</size>
         <alignment>0x4</alignment>
         <input_file_ref idref="fl-3d"/>
      </object_component>
      <object_component id="oc-192">
         <name>.text.next_index</name>
         <load_address>0x5f68</load_address>
         <readonly>true</readonly>
         <executable>true</executable>
         <run_address>0x5f68</run_address>
         <size>0x26</size>
         <alignment>0x2</alignment>
         <input_file_ref idref="fl-b"/>
      </object_component>
      <object_component id="oc-229">
         <name>.text.Car_Stop</name>
         <load_address>0x5f90</load_address>
         <readonly>true</readonly>
         <executable>true</executable>
         <run_address>0x5f90</run_address>
         <size>0x24</size>
         <alignment>0x4</alignment>
         <input_file_ref idref="fl-2"/>
      </object_component>
      <object_component id="oc-217">
         <name>.text.DL_SPI_setBitRateSerialClockDivider</name>
         <load_address>0x5fb4</load_address>
         <readonly>true</readonly>
         <executable>true</executable>
         <run_address>0x5fb4</run_address>
         <size>0x24</size>
         <alignment>0x4</alignment>
         <input_file_ref idref="fl-c"/>
      </object_component>
      <object_component id="oc-d1">
         <name>.text.Display_Init</name>
         <load_address>0x5fd8</load_address>
         <readonly>true</readonly>
         <executable>true</executable>
         <run_address>0x5fd8</run_address>
         <size>0x24</size>
         <alignment>0x4</alignment>
         <input_file_ref idref="fl-3"/>
      </object_component>
      <object_component id="oc-2f6">
         <name>.text.__muldi3</name>
         <load_address>0x5ffc</load_address>
         <readonly>true</readonly>
         <executable>true</executable>
         <run_address>0x5ffc</run_address>
         <size>0x24</size>
         <alignment>0x4</alignment>
         <input_file_ref idref="fl-11d"/>
      </object_component>
      <object_component id="oc-196">
         <name>.text.imu_cs_high</name>
         <load_address>0x6020</load_address>
         <readonly>true</readonly>
         <executable>true</executable>
         <run_address>0x6020</run_address>
         <size>0x24</size>
         <alignment>0x4</alignment>
         <input_file_ref idref="fl-5"/>
      </object_component>
      <object_component id="oc-195">
         <name>.text.spi_transfer</name>
         <load_address>0x6044</load_address>
         <readonly>true</readonly>
         <executable>true</executable>
         <run_address>0x6044</run_address>
         <size>0x24</size>
         <alignment>0x4</alignment>
         <input_file_ref idref="fl-5"/>
      </object_component>
      <object_component id="oc-a6">
         <name>.text.PID_Reset</name>
         <load_address>0x6068</load_address>
         <readonly>true</readonly>
         <executable>true</executable>
         <run_address>0x6068</run_address>
         <size>0x22</size>
         <alignment>0x2</alignment>
         <input_file_ref idref="fl-a"/>
      </object_component>
      <object_component id="oc-101">
         <name>.text.apply_direction_invert</name>
         <load_address>0x608a</load_address>
         <readonly>true</readonly>
         <executable>true</executable>
         <run_address>0x608a</run_address>
         <size>0x22</size>
         <alignment>0x2</alignment>
         <input_file_ref idref="fl-4"/>
      </object_component>
      <object_component id="oc-2eb">
         <name>.text.memccpy</name>
         <load_address>0x60ac</load_address>
[...]
         <value>0x37cd</value>
         <object_component_ref idref="oc-200"/>
      </symbol>
      <symbol id="sm-358">
         <name>DL_Timer_setCaptureCompareValue</name>
         <value>0x676d</value>
         <object_component_ref idref="oc-1bf"/>
      </symbol>
      <symbol id="sm-359">
         <name>DL_Timer_initCompareMode</name>
         <value>0x429d</value>
         <object_component_ref idref="oc-1fd"/>
      </symbol>
      <symbol id="sm-35a">
         <name>DL_Timer_setCaptCompUpdateMethod</name>
         <value>0x627d</value>
         <object_component_ref idref="oc-1f4"/>
      </symbol>
      <symbol id="sm-35b">
         <name>DL_Timer_setCaptureCompareOutCtl</name>
         <value>0x6471</value>
         <object_component_ref idref="oc-1f3"/>
      </symbol>
      <symbol id="sm-35c">
         <name>DL_Timer_initFourCCPWMMode</name>
         <value>0x35cd</value>
         <object_component_ref idref="oc-1f1"/>
      </symbol>
      <symbol id="sm-36f">
         <name>DL_UART_init</name>
         <value>0x5411</value>
         <object_component_ref idref="oc-205"/>
      </symbol>
      <symbol id="sm-370">
         <name>DL_UART_setClockConfig</name>
         <value>0x66f3</value>
         <object_component_ref idref="oc-204"/>
      </symbol>
      <symbol id="sm-371">
         <name>DL_UART_transmitDataBlocking</name>
         <value>0x6171</value>
         <object_component_ref idref="oc-30e"/>
      </symbol>
      <symbol id="sm-372">
         <name>DL_UART_receiveDataCheck</name>
         <value>0x62d1</value>
         <object_component_ref idref="oc-f7"/>
      </symbol>
      <symbol id="sm-380">
         <name>DL_SYSCTL_configSYSPLL</name>
         <value>0x3999</value>
         <object_component_ref idref="oc-1e7"/>
      </symbol>
      <symbol id="sm-381">
         <name>DL_SYSCTL_switchMCLKfromSYSOSCtoHSCLK</name>
         <value>0x5645</value>
         <object_component_ref idref="oc-1ee"/>
      </symbol>
      <symbol id="sm-392">
         <name>snprintf</name>
         <value>0x52e5</value>
         <object_component_ref idref="oc-16d"/>
      </symbol>
      <symbol id="sm-3a7">
         <name>sscanf</name>
         <value>0x5d59</value>
         <object_component_ref idref="oc-22b"/>
      </symbol>
      <symbol id="sm-3c6">
         <name>cosf</name>
         <value>0x20e1</value>
         <object_component_ref idref="oc-115"/>
      </symbol>
      <symbol id="sm-3e5">
         <name>sinf</name>
         <value>0x22b5</value>
         <object_component_ref idref="oc-11b"/>
      </symbol>
      <symbol id="sm-3e6">
         <name>__aeabi_ctype_table_</name>
         <value>0x7270</value>
         <object_component_ref idref="oc-2ca"/>
      </symbol>
      <symbol id="sm-3e7">
         <name>__aeabi_ctype_table_C</name>
         <value>0x7270</value>
         <object_component_ref idref="oc-2ca"/>
      </symbol>
      <symbol id="sm-3ef">
         <name>strcmp</name>
         <value>0x4621</value>
         <object_component_ref idref="oc-225"/>
      </symbol>
      <symbol id="sm-40b">
         <name>__kernel_rem_pio2</name>
         <value>0x1505</value>
         <object_component_ref idref="oc-1b0"/>
      </symbol>
      <symbol id="sm-416">
         <name>_c_int00_noargs</name>
         <value>0x5f41</value>
         <object_component_ref idref="oc-60"/>
      </symbol>
      <symbol id="sm-417">
         <name>__stack</name>
         <value>0x20207e00</value>
         <object_component_ref idref="oc-1a"/>
      </symbol>
      <symbol id="sm-426">
         <name>__TI_auto_init_nobinit_nopinit</name>
         <value>0x59fd</value>
         <object_component_ref idref="oc-e5"/>
      </symbol>
      <symbol id="sm-42e">
         <name>_system_pre_init</name>
         <value>0x6945</value>
         <object_component_ref idref="oc-80"/>
      </symbol>
      <symbol id="sm-439">
         <name>__TI_zero_init</name>
         <value>0x67ed</value>
         <object_component_ref idref="oc-5d"/>
      </symbol>
      <symbol id="sm-442">
         <name>__TI_decompress_none</name>
         <value>0x673b</value>
         <object_component_ref idref="oc-20"/>
      </symbol>
      <symbol id="sm-44d">
         <name>__TI_decompress_lzss</name>
         <value>0x493d</value>
         <object_component_ref idref="oc-1c"/>
      </symbol>
      <symbol id="sm-46f">
         <name>__TI_printfi_nofloat</name>
         <value>0xc9d</value>
         <object_component_ref idref="oc-29c"/>
      </symbol>
      <symbol id="sm-496">
         <name>__TI_scanfi</name>
         <value>0xc1</value>
         <object_component_ref idref="oc-28b"/>
      </symbol>
      <symbol id="sm-4a0">
         <name>floor</name>
         <value>0x2d95</value>
         <object_component_ref idref="oc-266"/>
      </symbol>
      <symbol id="sm-4a1">
         <name>floorl</name>
         <value>0x2d95</value>
         <object_component_ref idref="oc-266"/>
      </symbol>
      <symbol id="sm-4ac">
         <name>scalbn</name>
         <value>0x3a75</value>
         <object_component_ref idref="oc-262"/>
      </symbol>
      <symbol id="sm-4ad">
         <name>ldexp</name>
         <value>0x3a75</value>
         <object_component_ref idref="oc-262"/>
      </symbol>
      <symbol id="sm-4ae">
         <name>scalbnl</name>
         <value>0x3a75</value>
         <object_component_ref idref="oc-262"/>
      </symbol>
      <symbol id="sm-4af">
         <name>ldexpl</name>
         <value>0x3a75</value>
         <object_component_ref idref="oc-262"/>
      </symbol>
      <symbol id="sm-4b8">
         <name>wcslen</name>
         <value>0x67dd</value>
         <object_component_ref idref="oc-2f2"/>
      </symbol>
      <symbol id="sm-4c3">
         <name>__aeabi_errno_addr</name>
         <value>0x68b9</value>
         <object_component_ref idref="oc-2a6"/>
      </symbol>
      <symbol id="sm-4c4">
         <name>__aeabi_errno</name>
         <value>0x202005ac</value>
         <object_component_ref idref="oc-306"/>
      </symbol>
      <symbol id="sm-4ce">
         <name>abort</name>
         <value>0x6909</value>
         <object_component_ref idref="oc-de"/>
      </symbol>
      <symbol id="sm-4dc">
         <name>atoi</name>
         <value>0x57d1</value>
         <object_component_ref idref="oc-2c6"/>
      </symbol>
      <symbol id="sm-4e6">
         <name>memccpy</name>
         <value>0x60ad</value>
         <object_component_ref idref="oc-2eb"/>
      </symbol>
      <symbol id="sm-4fc">
         <name>strtod</name>
         <value>0x1b49</value>
         <object_component_ref idref="oc-2d0"/>
      </symbol>
      <symbol id="sm-4fd">
         <name>strtold</name>
         <value>0x1b49</value>
         <object_component_ref idref="oc-2d0"/>
      </symbol>
      <symbol id="sm-508">
         <name>strtol</name>
         <value>0x2ed9</value>
         <object_component_ref idref="oc-2db"/>
      </symbol>
      <symbol id="sm-513">
         <name>strtoll</name>
         <value>0x1f01</value>
         <object_component_ref idref="oc-2e3"/>
      </symbol>
      <symbol id="sm-51e">
         <name>strtoul</name>
         <value>0x3155</value>
         <object_component_ref idref="oc-2d7"/>
      </symbol>
      <symbol id="sm-529">
         <name>strtoull</name>
         <value>0x2ae5</value>
         <object_component_ref idref="oc-2df"/>
      </symbol>
      <symbol id="sm-539">
         <name>HOSTexit</name>
         <value>0x6913</value>
         <object_component_ref idref="oc-17f"/>
      </symbol>
      <symbol id="sm-53a">
         <name>C$$EXIT</name>
         <value>0x6912</value>
         <object_component_ref idref="oc-17f"/>
      </symbol>
      <symbol id="sm-54f">
         <name>__aeabi_fadd</name>
         <value>0x3b57</value>
         <object_component_ref idref="oc-ab"/>
      </symbol>
      <symbol id="sm-550">
         <name>__addsf3</name>
         <value>0x3b57</value>
         <object_component_ref idref="oc-ab"/>
      </symbol>
      <symbol id="sm-551">
         <name>__aeabi_fsub</name>
         <value>0x3b4d</value>
         <object_component_ref idref="oc-ab"/>
      </symbol>
      <symbol id="sm-552">
         <name>__subsf3</name>
         <value>0x3b4d</value>
         <object_component_ref idref="oc-ab"/>
      </symbol>
      <symbol id="sm-558">
         <name>__aeabi_dadd</name>
         <value>0x27e3</value>
         <object_component_ref idref="oc-19f"/>
      </symbol>
      <symbol id="sm-559">
         <name>__adddf3</name>
         <value>0x27e3</value>
         <object_component_ref idref="oc-19f"/>
      </symbol>
      <symbol id="sm-55a">
         <name>__aeabi_dsub</name>
         <value>0x27d9</value>
         <object_component_ref idref="oc-19f"/>
      </symbol>
      <symbol id="sm-55b">
         <name>__subdf3</name>
         <value>0x27d9</value>
         <object_component_ref idref="oc-19f"/>
      </symbol>
      <symbol id="sm-564">
         <name>__aeabi_dmul</name>
         <value>0x38b5</value>
         <object_component_ref idref="oc-1a3"/>
      </symbol>
      <symbol id="sm-565">
         <name>__muldf3</name>
         <value>0x38b5</value>
         <object_component_ref idref="oc-1a3"/>
      </symbol>
      <symbol id="sm-56e">
         <name>__muldsi3</name>
         <value>0x5a75</value>
         <object_component_ref idref="oc-198"/>
      </symbol>
      <symbol id="sm-574">
         <name>__aeabi_fmul</name>
         <value>0x4595</value>
         <object_component_ref idref="oc-10d"/>
      </symbol>
      <symbol id="sm-575">
         <name>__mulsf3</name>
         <value>0x4595</value>
         <object_component_ref idref="oc-10d"/>
      </symbol>
      <symbol id="sm-57b">
         <name>__aeabi_fdiv</name>
         <value>0x4839</value>
         <object_component_ref idref="oc-109"/>
      </symbol>
      <symbol id="sm-57c">
         <name>__divsf3</name>
         <value>0x4839</value>
         <object_component_ref idref="oc-109"/>
      </symbol>
      <symbol id="sm-582">
         <name>__aeabi_ddiv</name>
         <value>0x34c1</value>
         <object_component_ref idref="oc-316"/>
      </symbol>
      <symbol id="sm-583">
         <name>__divdf3</name>
         <value>0x34c1</value>
         <object_component_ref idref="oc-316"/>
      </symbol>
      <symbol id="sm-589">
         <name>__aeabi_f2d</name>
         <value>0x5791</value>
         <object_component_ref idref="oc-1ac"/>
      </symbol>
      <symbol id="sm-58a">
         <name>__extendsfdf2</name>
         <value>0x5791</value>
         <object_component_ref idref="oc-1ac"/>
      </symbol>
      <symbol id="sm-593">
         <name>__aeabi_d2iz</name>
         <value>0x537d</value>
         <object_component_ref idref="oc-1a7"/>
      </symbol>
      <symbol id="sm-594">
         <name>__fixdfsi</name>
         <value>0x537d</value>
         <object_component_ref idref="oc-1a7"/>
      </symbol>
      <symbol id="sm-59a">
         <name>__aeabi_f2iz</name>
         <value>0x5b21</value>
         <object_component_ref idref="oc-130"/>
      </symbol>
      <symbol id="sm-59b">
         <name>__fixsfsi</name>
         <value>0x5b21</value>
         <object_component_ref idref="oc-130"/>
      </symbol>
      <symbol id="sm-5a1">
         <name>__aeabi_i2d</name>
         <value>0x5ec1</value>
         <object_component_ref idref="oc-25d"/>
      </symbol>
      <symbol id="sm-5a2">
         <name>__floatsidf</name>
         <value>0x5ec1</value>
         <object_component_ref idref="oc-25d"/>
      </symbol>
      <symbol id="sm-5a8">
         <name>__aeabi_i2f</name>
         <value>0x5985</value>
         <object_component_ref idref="oc-a7"/>
      </symbol>
      <symbol id="sm-5a9">
         <name>__floatsisf</name>
         <value>0x5985</value>
         <object_component_ref idref="oc-a7"/>
      </symbol>
      <symbol id="sm-5af">
         <name>__aeabi_lmul</name>
         <value>0x5ffd</value>
         <object_component_ref idref="oc-2f6"/>
      </symbol>
      <symbol id="sm-5b0">
         <name>__muldi3</name>
         <value>0x5ffd</value>
         <object_component_ref idref="oc-2f6"/>
      </symbol>
      <symbol id="sm-5b7">
         <name>__aeabi_d2f</name>
         <value>0x4aa1</value>
         <object_component_ref idref="oc-251"/>
      </symbol>
      <symbol id="sm-5b8">
         <name>__truncdfsf2</name>
         <value>0x4aa1</value>
         <object_component_ref idref="oc-251"/>
      </symbol>
      <symbol id="sm-5be">
         <name>__aeabi_dcmpeq</name>
         <value>0x4e81</value>
         <object_component_ref idref="oc-26a"/>
      </symbol>
      <symbol id="sm-5bf">
         <name>__aeabi_dcmplt</name>
         <value>0x4e95</value>
         <object_component_ref idref="oc-26a"/>
      </symbol>
      <symbol id="sm-5c0">
         <name>__aeabi_dcmple</name>
         <value>0x4ea9</value>
         <object_component_ref idref="oc-26a"/>
      </symbol>
      <symbol id="sm-5c1">
         <name>__aeabi_dcmpge</name>
         <value>0x4ebd</value>
         <object_component_ref idref="oc-26a"/>
      </symbol>
      <symbol id="sm-5c2">
         <name>__aeabi_dcmpgt</name>
         <value>0x4ed1</value>
         <object_component_ref idref="oc-26a"/>
      </symbol>
      <symbol id="sm-5cb">
         <name>__aeabi_fcmpeq</name>
         <value>0x4ee5</value>
         <object_component_ref idref="oc-12c"/>
      </symbol>
      <symbol id="sm-5cc">
         <name>__aeabi_fcmplt</name>
         <value>0x4ef9</value>
         <object_component_ref idref="oc-12c"/>
      </symbol>
      <symbol id="sm-5cd">
         <name>__aeabi_fcmple</name>
         <value>0x4f0d</value>
         <object_component_ref idref="oc-12c"/>
      </symbol>
      <symbol id="sm-5ce">
         <name>__aeabi_fcmpge</name>
         <value>0x4f21</value>
         <object_component_ref idref="oc-12c"/>
      </symbol>
      <symbol id="sm-5cf">
         <name>__aeabi_fcmpgt</name>
         <value>0x4f35</value>
         <object_component_ref idref="oc-12c"/>
      </symbol>
      <symbol id="sm-5d5">
         <name>__aeabi_idiv</name>
         <value>0x5001</value>
         <object_component_ref idref="oc-259"/>
      </symbol>
      <symbol id="sm-5d6">
         <name>__aeabi_idivmod</name>
         <value>0x5001</value>
         <object_component_ref idref="oc-259"/>
      </symbol>
      <symbol id="sm-5dc">
         <name>__aeabi_memcpy</name>
         <value>0x68c1</value>
         <object_component_ref idref="oc-50"/>
      </symbol>
      <symbol id="sm-5dd">
         <name>__aeabi_memcpy4</name>
         <value>0x68c1</value>
         <object_component_ref idref="oc-50"/>
      </symbol>
      <symbol id="sm-5de">
         <name>__aeabi_memcpy8</name>
         <value>0x68c1</value>
         <object_component_ref idref="oc-50"/>
      </symbol>
      <symbol id="sm-5e7">
         <name>__aeabi_memset</name>
         <value>0x6829</value>
         <object_component_ref idref="oc-2ea"/>
      </symbol>
      <symbol id="sm-5e8">
         <name>__aeabi_memset4</name>
         <value>0x6829</value>
         <object_component_ref idref="oc-2ea"/>
      </symbol>
      <symbol id="sm-5e9">
         <name>__aeabi_memset8</name>
         <value>0x6829</value>
         <object_component_ref idref="oc-2ea"/>
      </symbol>
      <symbol id="sm-5ea">
         <name>__aeabi_memclr</name>
         <value>0x6855</value>
         <object_component_ref idref="oc-7b"/>
      </symbol>
      <symbol id="sm-5eb">
         <name>__aeabi_memclr4</name>
         <value>0x6855</value>
         <object_component_ref idref="oc-7b"/>
      </symbol>
      <symbol id="sm-5ec">
         <name>__aeabi_memclr8</name>
         <value>0x6855</value>
         <object_component_ref idref="oc-7b"/>
      </symbol>
      <symbol id="sm-5f2">
         <name>__aeabi_uidiv</name>
         <value>0x5751</value>
         <object_component_ref idref="oc-2bd"/>
      </symbol>
      <symbol id="sm-5f3">
         <name>__aeabi_uidivmod</name>
         <value>0x5751</value>
         <object_component_ref idref="oc-2bd"/>
      </symbol>
      <symbol id="sm-5f9">
         <name>__aeabi_uldivmod</name>
         <value>0x6695</value>
         <object_component_ref idref="oc-2fb"/>
      </symbol>
      <symbol id="sm-602">
         <name>__eqsf2</name>
         <value>0x5a39</value>
         <object_component_ref idref="oc-1c5"/>
      </symbol>
      <symbol id="sm-603">
         <name>__lesf2</name>
         <value>0x5a39</value>
         <object_component_ref idref="oc-1c5"/>
      </symbol>
      <symbol id="sm-604">
         <name>__ltsf2</name>
         <value>0x5a39</value>
         <object_component_ref idref="oc-1c5"/>
      </symbol>
      <symbol id="sm-605">
         <name>__nesf2</name>
         <value>0x5a39</value>
         <object_component_ref idref="oc-1c5"/>
      </symbol>
      <symbol id="sm-606">
         <name>__cmpsf2</name>
         <value>0x5a39</value>
         <object_component_ref idref="oc-1c5"/>
      </symbol>
      <symbol id="sm-607">
         <name>__gtsf2</name>
         <value>0x59c1</value>
         <object_component_ref idref="oc-1ca"/>
      </symbol>
      <symbol id="sm-608">
         <name>__gesf2</name>
         <value>0x59c1</value>
         <object_component_ref idref="oc-1ca"/>
      </symbol>
      <symbol id="sm-60e">
         <name>__udivmoddi4</name>
         <value>0x41f9</value>
         <object_component_ref idref="oc-335"/>
      </symbol>
      <symbol id="sm-614">
         <name>__aeabi_llsl</name>
         <value>0x61d1</value>
         <object_component_ref idref="oc-34b"/>
      </symbol>
      <symbol id="sm-615">
         <name>__ashldi3</name>
         <value>0x61d1</value>
         <object_component_ref idref="oc-34b"/>
      </symbol>
      <symbol id="sm-623">
         <name>__ledf2</name>
         <value>0x4e19</value>
         <object_component_ref idref="oc-2b1"/>
      </symbol>
      <symbol id="sm-624">
         <name>__gedf2</name>
         <value>0x4a2d</value>
         <object_component_ref idref="oc-2b7"/>
      </symbol>
      <symbol id="sm-625">
         <name>__cmpdf2</name>
         <value>0x4e19</value>
         <object_component_ref idref="oc-2b1"/>
      </symbol>
      <symbol id="sm-626">
         <name>__eqdf2</name>
         <value>0x4e19</value>
         <object_component_ref idref="oc-2b1"/>
      </symbol>
      <symbol id="sm-627">
         <name>__ltdf2</name>
         <value>0x4e19</value>
         <object_component_ref idref="oc-2b1"/>
      </symbol>
      <symbol id="sm-628">
         <name>__nedf2</name>
         <value>0x4e19</value>
         <object_component_ref idref="oc-2b1"/>
      </symbol>
      <symbol id="sm-629">
         <name>__gtdf2</name>
         <value>0x4a2d</value>
         <object_component_ref idref="oc-2b7"/>
      </symbol>
      <symbol id="sm-635">
         <name>__aeabi_idiv0</name>
         <value>0x296b</value>
         <object_component_ref idref="oc-29f"/>
      </symbol>
      <symbol id="sm-636">
         <name>__aeabi_ldiv0</name>
         <value>0x37cb</value>
         <object_component_ref idref="oc-34a"/>
      </symbol>
      <symbol id="sm-640">
         <name>TI_memcpy_small</name>
         <value>0x6729</value>
         <object_component_ref idref="oc-c0"/>
      </symbol>
      <symbol id="sm-649">
         <name>TI_memset_small</name>
         <value>0x6845</value>
         <object_component_ref idref="oc-138"/>
      </symbol>
      <symbol id="sm-64a">
         <name>__TI_static_base__</name>
         <value>0x0</value>
      </symbol>
      <symbol id="sm-64e">
         <name>__mpu_init</name>
         <value>0x0</value>
      </symbol>
      <symbol id="sm-64f">
         <name>_system_post_cinit</name>
         <value>0x0</value>
      </symbol>
   </symbol_table>
   <title>Link successful</title>
</link_info>
