<?xml version="1.0" encoding="ISO-8859-1" ?>
<link_info>
   <banner>TI ARM Clang Linker PC v4.0.0.LTS</banner>
   <copyright>Copyright (c) 1996-2018 Texas Instruments Incorporated</copyright>
   <command_line>D:\ti\ccstheia151\ccs\tools\compiler\ti-cgt-armllvm_4.0.0.LTS\bin\tiarmlnk -ID:\ti\ccstheia151\ccs\tools\compiler\ti-cgt-armllvm_4.0.0.LTS\lib -o 09_dma.out -m09_dma.map -iD:/ti/mspm0_sdk_2_03_00_07/source -iD:/CCS/09_dma -iD:/CCS/09_dma/Debug/syscfg -iD:/ti/ccstheia151/ccs/tools/compiler/ti-cgt-armllvm_4.0.0.LTS/lib --diag_wrap=off --display_error_number --warn_sections --xml_link_info=09_dma_linkInfo.xml --rom_model ./empty.o ./ti_msp_dl_config.o ./startup_mspm0g350x_ticlang.o -l./device_linker.cmd -ldevice.cmd.genlibs -llibc.a --start-group -llibc++.a -llibc++abi.a -llibc.a -llibsys.a -llibsysbm.a -llibclang_rt.builtins.a -llibclang_rt.profile.a --end-group --cg_opt_level=2</command_line>
   <link_time>0x67505877</link_time>
   <link_errors>0x0</link_errors>
   <output_file>D:\CCS\09_dma\Debug\09_dma.out</output_file>
   <entry_point>
      <name>_c_int00_noargs</name>
      <address>0x2179</address>
   </entry_point>
   <input_file_list>
      <input_file id="fl-1">
         <path>D:\CCS\09_dma\Debug\.\</path>
         <kind>object</kind>
         <file>empty.o</file>
         <name>empty.o</name>
      </input_file>
      <input_file id="fl-2">
         <path>D:\CCS\09_dma\Debug\.\</path>
         <kind>object</kind>
         <file>ti_msp_dl_config.o</file>
         <name>ti_msp_dl_config.o</name>
      </input_file>
      <input_file id="fl-3">
         <path>D:\CCS\09_dma\Debug\.\</path>
         <kind>object</kind>
         <file>startup_mspm0g350x_ticlang.o</file>
         <name>startup_mspm0g350x_ticlang.o</name>
      </input_file>
      <input_file id="fl-10">
         <path>D:\CCS\09_dma\Debug\</path>
         <kind>object</kind>
         <file>&lt;internal&gt;</file>
         <name>&lt;internal&gt;</name>
      </input_file>
      <input_file id="fl-11">
         <path>D:\ti\mspm0_sdk_2_03_00_07\source\ti\driverlib\lib\ticlang\m0p\mspm0g1x0x_g3x0x\</path>
         <kind>archive</kind>
         <file>driverlib.a</file>
         <name>dl_adc12.o</name>
      </input_file>
      <input_file id="fl-12">
         <path>D:\ti\mspm0_sdk_2_03_00_07\source\ti\driverlib\lib\ticlang\m0p\mspm0g1x0x_g3x0x\</path>
         <kind>archive</kind>
         <file>driverlib.a</file>
         <name>dl_common.o</name>
      </input_file>
      <input_file id="fl-13">
         <path>D:\ti\mspm0_sdk_2_03_00_07\source\ti\driverlib\lib\ticlang\m0p\mspm0g1x0x_g3x0x\</path>
         <kind>archive</kind>
         <file>driverlib.a</file>
         <name>dl_dma.o</name>
      </input_file>
      <input_file id="fl-14">
         <path>D:\ti\mspm0_sdk_2_03_00_07\source\ti\driverlib\lib\ticlang\m0p\mspm0g1x0x_g3x0x\</path>
         <kind>archive</kind>
         <file>driverlib.a</file>
         <name>dl_uart.o</name>
      </input_file>
      <input_file id="fl-29">
         <path>D:\ti\ccstheia151\ccs\tools\compiler\ti-cgt-armllvm_4.0.0.LTS\lib\armv6m-ti-none-eabi\c\</path>
         <kind>archive</kind>
         <file>libc.a</file>
         <name>sprintf.c.obj</name>
      </input_file>
      <input_file id="fl-2a">
         <path>D:\ti\ccstheia151\ccs\tools\compiler\ti-cgt-armllvm_4.0.0.LTS\lib\armv6m-ti-none-eabi\c\</path>
         <kind>archive</kind>
         <file>libc.a</file>
         <name>boot_cortex_m.c.obj</name>
      </input_file>
      <input_file id="fl-2b">
         <path>D:\ti\ccstheia151\ccs\tools\compiler\ti-cgt-armllvm_4.0.0.LTS\lib\armv6m-ti-none-eabi\c\</path>
         <kind>archive</kind>
         <file>libc.a</file>
         <name>mathacl_init.c.obj</name>
      </input_file>
      <input_file id="fl-2c">
         <path>D:\ti\ccstheia151\ccs\tools\compiler\ti-cgt-armllvm_4.0.0.LTS\lib\armv6m-ti-none-eabi\c\</path>
         <kind>archive</kind>
         <file>libc.a</file>
         <name>autoinit.c.obj</name>
      </input_file>
      <input_file id="fl-2d">
         <path>D:\ti\ccstheia151\ccs\tools\compiler\ti-cgt-armllvm_4.0.0.LTS\lib\armv6m-ti-none-eabi\c\</path>
         <kind>archive</kind>
         <file>libc.a</file>
         <name>pre_init.c.obj</name>
      </input_file>
      <input_file id="fl-2e">
         <path>D:\ti\ccstheia151\ccs\tools\compiler\ti-cgt-armllvm_4.0.0.LTS\lib\armv6m-ti-none-eabi\c\</path>
         <kind>archive</kind>
         <file>libc.a</file>
         <name>cpy_tbl.c.obj</name>
      </input_file>
      <input_file id="fl-2f">
         <path>D:\ti\ccstheia151\ccs\tools\compiler\ti-cgt-armllvm_4.0.0.LTS\lib\armv6m-ti-none-eabi\c\</path>
         <kind>archive</kind>
         <file>libc.a</file>
         <name>copy_zero_init.c.obj</name>
      </input_file>
      <input_file id="fl-30">
         <path>D:\ti\ccstheia151\ccs\tools\compiler\ti-cgt-armllvm_4.0.0.LTS\lib\armv6m-ti-none-eabi\c\</path>
         <kind>archive</kind>
         <file>libc.a</file>
         <name>copy_decompress_none.c.obj</name>
      </input_file>
      <input_file id="fl-31">
         <path>D:\ti\ccstheia151\ccs\tools\compiler\ti-cgt-armllvm_4.0.0.LTS\lib\armv6m-ti-none-eabi\c\</path>
         <kind>archive</kind>
         <file>libc.a</file>
         <name>copy_decompress_lzss.c.obj</name>
      </input_file>
      <input_file id="fl-32">
         <path>D:\ti\ccstheia151\ccs\tools\compiler\ti-cgt-armllvm_4.0.0.LTS\lib\armv6m-ti-none-eabi\c\</path>
         <kind>archive</kind>
         <file>libc.a</file>
         <name>_printfi.c.obj</name>
      </input_file>
      <input_file id="fl-33">
         <path>D:\ti\ccstheia151\ccs\tools\compiler\ti-cgt-armllvm_4.0.0.LTS\lib\armv6m-ti-none-eabi\c\</path>
         <kind>archive</kind>
         <file>libc.a</file>
         <name>wcslen.c.obj</name>
      </input_file>
      <input_file id="fl-34">
         <path>D:\ti\ccstheia151\ccs\tools\compiler\ti-cgt-armllvm_4.0.0.LTS\lib\armv6m-ti-none-eabi\c\</path>
         <kind>archive</kind>
         <file>libc.a</file>
         <name>s_frexp.c.obj</name>
      </input_file>
      <input_file id="fl-35">
         <path>D:\ti\ccstheia151\ccs\tools\compiler\ti-cgt-armllvm_4.0.0.LTS\lib\armv6m-ti-none-eabi\c\</path>
         <kind>archive</kind>
         <file>libc.a</file>
         <name>s_scalbn.c.obj</name>
      </input_file>
      <input_file id="fl-36">
         <path>D:\ti\ccstheia151\ccs\tools\compiler\ti-cgt-armllvm_4.0.0.LTS\lib\armv6m-ti-none-eabi\c\</path>
         <kind>archive</kind>
         <file>libc.a</file>
         <name>aeabi_portable.c.obj</name>
      </input_file>
      <input_file id="fl-37">
         <path>D:\ti\ccstheia151\ccs\tools\compiler\ti-cgt-armllvm_4.0.0.LTS\lib\armv6m-ti-none-eabi\c\</path>
         <kind>archive</kind>
         <file>libc.a</file>
         <name>exit.c.obj</name>
      </input_file>
      <input_file id="fl-38">
         <path>D:\ti\ccstheia151\ccs\tools\compiler\ti-cgt-armllvm_4.0.0.LTS\lib\armv6m-ti-none-eabi\c\</path>
         <kind>archive</kind>
         <file>libc.a</file>
         <name>_lock.c.obj</name>
      </input_file>
      <input_file id="fl-39">
         <path>D:\ti\ccstheia151\ccs\tools\compiler\ti-cgt-armllvm_4.0.0.LTS\lib\armv6m-ti-none-eabi\c\</path>
         <kind>archive</kind>
         <file>libc.a</file>
         <name>_ltoa.c.obj</name>
      </input_file>
      <input_file id="fl-3a">
         <path>D:\ti\ccstheia151\ccs\tools\compiler\ti-cgt-armllvm_4.0.0.LTS\lib\armv6m-ti-none-eabi\c\</path>
         <kind>archive</kind>
         <file>libc.a</file>
         <name>args_main.c.obj</name>
      </input_file>
      <input_file id="fl-3b">
         <path>D:\ti\ccstheia151\ccs\tools\compiler\ti-cgt-armllvm_4.0.0.LTS\lib\armv6m-ti-none-eabi\c\</path>
         <kind>archive</kind>
         <file>libc.a</file>
         <name>assert.c.obj</name>
      </input_file>
      <input_file id="fl-3c">
         <path>D:\ti\ccstheia151\ccs\tools\compiler\ti-cgt-armllvm_4.0.0.LTS\lib\armv6m-ti-none-eabi\c\</path>
         <kind>archive</kind>
         <file>libc.a</file>
         <name>atoi.c.obj</name>
      </input_file>
      <input_file id="fl-3d">
         <path>D:\ti\ccstheia151\ccs\tools\compiler\ti-cgt-armllvm_4.0.0.LTS\lib\armv6m-ti-none-eabi\c\</path>
         <kind>archive</kind>
         <file>libc.a</file>
         <name>defs.c.obj</name>
      </input_file>
      <input_file id="fl-3e">
         <path>D:\ti\ccstheia151\ccs\tools\compiler\ti-cgt-armllvm_4.0.0.LTS\lib\armv6m-ti-none-eabi\c\</path>
         <kind>archive</kind>
         <file>libc.a</file>
         <name>memccpy.c.obj</name>
      </input_file>
      <input_file id="fl-3f">
         <path>D:\ti\ccstheia151\ccs\tools\compiler\ti-cgt-armllvm_4.0.0.LTS\lib\armv6m-ti-none-eabi\c\</path>
         <kind>archive</kind>
         <file>libc.a</file>
         <name>memory.c.obj</name>
      </input_file>
      <input_file id="fl-40">
         <path>D:\ti\ccstheia151\ccs\tools\compiler\ti-cgt-armllvm_4.0.0.LTS\lib\armv6m-ti-none-eabi\c\</path>
         <kind>archive</kind>
         <file>libc.a</file>
         <name>fflush.c.obj</name>
      </input_file>
      <input_file id="fl-41">
         <path>D:\ti\ccstheia151\ccs\tools\compiler\ti-cgt-armllvm_4.0.0.LTS\lib\armv6m-ti-none-eabi\c\</path>
         <kind>archive</kind>
         <file>libc.a</file>
         <name>fputs.c.obj</name>
      </input_file>
      <input_file id="fl-42">
         <path>D:\ti\ccstheia151\ccs\tools\compiler\ti-cgt-armllvm_4.0.0.LTS\lib\armv6m-ti-none-eabi\c\</path>
         <kind>archive</kind>
         <file>libc.a</file>
         <name>_io_perm.c.obj</name>
      </input_file>
      <input_file id="fl-43">
         <path>D:\ti\ccstheia151\ccs\tools\compiler\ti-cgt-armllvm_4.0.0.LTS\lib\armv6m-ti-none-eabi\c\</path>
         <kind>archive</kind>
         <file>libc.a</file>
         <name>setvbuf.c.obj</name>
      </input_file>
      <input_file id="fl-44">
         <path>D:\ti\ccstheia151\ccs\tools\compiler\ti-cgt-armllvm_4.0.0.LTS\lib\armv6m-ti-none-eabi\c\</path>
         <kind>archive</kind>
         <file>libc.a</file>
         <name>aeabi_ctype.S.obj</name>
      </input_file>
      <input_file id="fl-45">
         <path>D:\ti\ccstheia151\ccs\tools\compiler\ti-cgt-armllvm_4.0.0.LTS\lib\armv6m-ti-none-eabi\c\</path>
         <kind>archive</kind>
         <file>libc.a</file>
         <name>fopen.c.obj</name>
      </input_file>
      <input_file id="fl-46">
         <path>D:\ti\ccstheia151\ccs\tools\compiler\ti-cgt-armllvm_4.0.0.LTS\lib\armv6m-ti-none-eabi\c\</path>
         <kind>archive</kind>
         <file>libc.a</file>
         <name>fseek.c.obj</name>
      </input_file>
      <input_file id="fl-47">
         <path>D:\ti\ccstheia151\ccs\tools\compiler\ti-cgt-armllvm_4.0.0.LTS\lib\armv6m-ti-none-eabi\c\</path>
         <kind>archive</kind>
         <file>libc.a</file>
         <name>fclose.c.obj</name>
      </input_file>
      <input_file id="fl-dd">
         <path>D:\ti\ccstheia151\ccs\tools\compiler\ti-cgt-armllvm_4.0.0.LTS\lib\armv6m-ti-none-eabi\c\</path>
         <kind>archive</kind>
         <file>libsysbm.a</file>
         <name>write.c.obj</name>
      </input_file>
      <input_file id="fl-de">
         <path>D:\ti\ccstheia151\ccs\tools\compiler\ti-cgt-armllvm_4.0.0.LTS\lib\armv6m-ti-none-eabi\c\</path>
         <kind>archive</kind>
         <file>libsysbm.a</file>
         <name>host_device.c.obj</name>
      </input_file>
      <input_file id="fl-df">
         <path>D:\ti\ccstheia151\ccs\tools\compiler\ti-cgt-armllvm_4.0.0.LTS\lib\armv6m-ti-none-eabi\c\</path>
         <kind>archive</kind>
         <file>libsysbm.a</file>
         <name>remove.c.obj</name>
      </input_file>
      <input_file id="fl-e0">
         <path>D:\ti\ccstheia151\ccs\tools\compiler\ti-cgt-armllvm_4.0.0.LTS\lib\armv6m-ti-none-eabi\c\</path>
         <kind>archive</kind>
         <file>libsysbm.a</file>
         <name>open.c.obj</name>
      </input_file>
      <input_file id="fl-e1">
         <path>D:\ti\ccstheia151\ccs\tools\compiler\ti-cgt-armllvm_4.0.0.LTS\lib\armv6m-ti-none-eabi\c\</path>
         <kind>archive</kind>
         <file>libsysbm.a</file>
         <name>lseek.c.obj</name>
      </input_file>
      <input_file id="fl-e2">
         <path>D:\ti\ccstheia151\ccs\tools\compiler\ti-cgt-armllvm_4.0.0.LTS\lib\armv6m-ti-none-eabi\c\</path>
         <kind>archive</kind>
         <file>libsysbm.a</file>
         <name>close.c.obj</name>
      </input_file>
      <input_file id="fl-e3">
         <path>D:\ti\ccstheia151\ccs\tools\compiler\ti-cgt-armllvm_4.0.0.LTS\lib\armv6m-ti-none-eabi\c\</path>
         <kind>archive</kind>
         <file>libsysbm.a</file>
         <name>unlink.c.obj</name>
      </input_file>
      <input_file id="fl-e4">
         <path>D:\ti\ccstheia151\ccs\tools\compiler\ti-cgt-armllvm_4.0.0.LTS\lib\armv6m-ti-none-eabi\c\</path>
         <kind>archive</kind>
         <file>libsysbm.a</file>
         <name>hostclose.c.obj</name>
      </input_file>
      <input_file id="fl-e5">
         <path>D:\ti\ccstheia151\ccs\tools\compiler\ti-cgt-armllvm_4.0.0.LTS\lib\armv6m-ti-none-eabi\c\</path>
         <kind>archive</kind>
         <file>libsysbm.a</file>
         <name>hostlseek.c.obj</name>
      </input_file>
      <input_file id="fl-e6">
         <path>D:\ti\ccstheia151\ccs\tools\compiler\ti-cgt-armllvm_4.0.0.LTS\lib\armv6m-ti-none-eabi\c\</path>
         <kind>archive</kind>
         <file>libsysbm.a</file>
         <name>hostopen.c.obj</name>
      </input_file>
      <input_file id="fl-e7">
         <path>D:\ti\ccstheia151\ccs\tools\compiler\ti-cgt-armllvm_4.0.0.LTS\lib\armv6m-ti-none-eabi\c\</path>
         <kind>archive</kind>
         <file>libsysbm.a</file>
         <name>hostread.c.obj</name>
      </input_file>
      <input_file id="fl-e8">
         <path>D:\ti\ccstheia151\ccs\tools\compiler\ti-cgt-armllvm_4.0.0.LTS\lib\armv6m-ti-none-eabi\c\</path>
         <kind>archive</kind>
         <file>libsysbm.a</file>
         <name>hostrename.c.obj</name>
      </input_file>
      <input_file id="fl-e9">
         <path>D:\ti\ccstheia151\ccs\tools\compiler\ti-cgt-armllvm_4.0.0.LTS\lib\armv6m-ti-none-eabi\c\</path>
         <kind>archive</kind>
         <file>libsysbm.a</file>
         <name>hostunlink.c.obj</name>
      </input_file>
      <input_file id="fl-ea">
         <path>D:\ti\ccstheia151\ccs\tools\compiler\ti-cgt-armllvm_4.0.0.LTS\lib\armv6m-ti-none-eabi\c\</path>
         <kind>archive</kind>
         <file>libsysbm.a</file>
         <name>hostwrite.c.obj</name>
      </input_file>
      <input_file id="fl-eb">
         <path>D:\ti\ccstheia151\ccs\tools\compiler\ti-cgt-armllvm_4.0.0.LTS\lib\armv6m-ti-none-eabi\c\</path>
         <kind>archive</kind>
         <file>libsysbm.a</file>
         <name>trgmsg.c.obj</name>
      </input_file>
      <input_file id="fl-ec">
         <path>D:\ti\ccstheia151\ccs\tools\compiler\ti-cgt-armllvm_4.0.0.LTS\lib\armv6m-ti-none-eabi\</path>
         <kind>archive</kind>
         <file>libclang_rt.builtins.a</file>
         <name>adddf3.S.obj</name>
      </input_file>
      <input_file id="fl-ed">
         <path>D:\ti\ccstheia151\ccs\tools\compiler\ti-cgt-armllvm_4.0.0.LTS\lib\armv6m-ti-none-eabi\</path>
         <kind>archive</kind>
         <file>libclang_rt.builtins.a</file>
         <name>muldf3.S.obj</name>
      </input_file>
      <input_file id="fl-ee">
         <path>D:\ti\ccstheia151\ccs\tools\compiler\ti-cgt-armllvm_4.0.0.LTS\lib\armv6m-ti-none-eabi\</path>
         <kind>archive</kind>
         <file>libclang_rt.builtins.a</file>
         <name>muldsi3.S.obj</name>
      </input_file>
      <input_file id="fl-ef">
         <path>D:\ti\ccstheia151\ccs\tools\compiler\ti-cgt-armllvm_4.0.0.LTS\lib\armv6m-ti-none-eabi\</path>
         <kind>archive</kind>
         <file>libclang_rt.builtins.a</file>
         <name>divdf3.S.obj</name>
      </input_file>
      <input_file id="fl-f0">
         <path>D:\ti\ccstheia151\ccs\tools\compiler\ti-cgt-armllvm_4.0.0.LTS\lib\armv6m-ti-none-eabi\</path>
         <kind>archive</kind>
         <file>libclang_rt.builtins.a</file>
         <name>extendsfdf2.S.obj</name>
      </input_file>
      <input_file id="fl-f1">
         <path>D:\ti\ccstheia151\ccs\tools\compiler\ti-cgt-armllvm_4.0.0.LTS\lib\armv6m-ti-none-eabi\</path>
         <kind>archive</kind>
         <file>libclang_rt.builtins.a</file>
         <name>fixdfsi.S.obj</name>
      </input_file>
      <input_file id="fl-f2">
         <path>D:\ti\ccstheia151\ccs\tools\compiler\ti-cgt-armllvm_4.0.0.LTS\lib\armv6m-ti-none-eabi\</path>
         <kind>archive</kind>
         <file>libclang_rt.builtins.a</file>
         <name>floatsidf.S.obj</name>
      </input_file>
      <input_file id="fl-f3">
         <path>D:\ti\ccstheia151\ccs\tools\compiler\ti-cgt-armllvm_4.0.0.LTS\lib\armv6m-ti-none-eabi\</path>
         <kind>archive</kind>
         <file>libclang_rt.builtins.a</file>
         <name>floatunsidf.S.obj</name>
      </input_file>
      <input_file id="fl-f4">
         <path>D:\ti\ccstheia151\ccs\tools\compiler\ti-cgt-armllvm_4.0.0.LTS\lib\armv6m-ti-none-eabi\</path>
         <kind>archive</kind>
         <file>libclang_rt.builtins.a</file>
         <name>muldi3.S.obj</name>
      </input_file>
      <input_file id="fl-f5">
         <path>D:\ti\ccstheia151\ccs\tools\compiler\ti-cgt-armllvm_4.0.0.LTS\lib\armv6m-ti-none-eabi\</path>
         <kind>archive</kind>
         <file>libclang_rt.builtins.a</file>
         <name>truncdfsf2.S.obj</name>
      </input_file>
      <input_file id="fl-f6">
         <path>D:\ti\ccstheia151\ccs\tools\compiler\ti-cgt-armllvm_4.0.0.LTS\lib\armv6m-ti-none-eabi\</path>
         <kind>archive</kind>
         <file>libclang_rt.builtins.a</file>
         <name>aeabi_dcmp.S.obj</name>
      </input_file>
      <input_file id="fl-f7">
         <path>D:\ti\ccstheia151\ccs\tools\compiler\ti-cgt-armllvm_4.0.0.LTS\lib\armv6m-ti-none-eabi\</path>
         <kind>archive</kind>
         <file>libclang_rt.builtins.a</file>
         <name>aeabi_idivmod.S.obj</name>
      </input_file>
      <input_file id="fl-f8">
         <path>D:\ti\ccstheia151\ccs\tools\compiler\ti-cgt-armllvm_4.0.0.LTS\lib\armv6m-ti-none-eabi\</path>
         <kind>archive</kind>
         <file>libclang_rt.builtins.a</file>
         <name>aeabi_memcpy.S.obj</name>
      </input_file>
      <input_file id="fl-f9">
         <path>D:\ti\ccstheia151\ccs\tools\compiler\ti-cgt-armllvm_4.0.0.LTS\lib\armv6m-ti-none-eabi\</path>
         <kind>archive</kind>
         <file>libclang_rt.builtins.a</file>
         <name>aeabi_memset.S.obj</name>
      </input_file>
      <input_file id="fl-fa">
         <path>D:\ti\ccstheia151\ccs\tools\compiler\ti-cgt-armllvm_4.0.0.LTS\lib\armv6m-ti-none-eabi\</path>
         <kind>archive</kind>
         <file>libclang_rt.builtins.a</file>
         <name>aeabi_uidivmod.S.obj</name>
      </input_file>
      <input_file id="fl-fb">
         <path>D:\ti\ccstheia151\ccs\tools\compiler\ti-cgt-armllvm_4.0.0.LTS\lib\armv6m-ti-none-eabi\</path>
         <kind>archive</kind>
         <file>libclang_rt.builtins.a</file>
         <name>aeabi_uldivmod.S.obj</name>
      </input_file>
      <input_file id="fl-fc">
         <path>D:\ti\ccstheia151\ccs\tools\compiler\ti-cgt-armllvm_4.0.0.LTS\lib\armv6m-ti-none-eabi\</path>
         <kind>archive</kind>
         <file>libclang_rt.builtins.a</file>
         <name>udivmoddi4.S.obj</name>
      </input_file>
      <input_file id="fl-fd">
         <path>D:\ti\ccstheia151\ccs\tools\compiler\ti-cgt-armllvm_4.0.0.LTS\lib\armv6m-ti-none-eabi\</path>
         <kind>archive</kind>
         <file>libclang_rt.builtins.a</file>
         <name>ashldi3.S.obj</name>
      </input_file>
      <input_file id="fl-fe">
         <path>D:\ti\ccstheia151\ccs\tools\compiler\ti-cgt-armllvm_4.0.0.LTS\lib\armv6m-ti-none-eabi\</path>
         <kind>archive</kind>
         <file>libclang_rt.builtins.a</file>
         <name>comparedf2.c.obj</name>
      </input_file>
      <input_file id="fl-ff">
         <path>D:\ti\ccstheia151\ccs\tools\compiler\ti-cgt-armllvm_4.0.0.LTS\lib\armv6m-ti-none-eabi\</path>
         <kind>archive</kind>
         <file>libclang_rt.builtins.a</file>
         <name>aeabi_div0.c.obj</name>
      </input_file>
      <input_file id="fl-100">
         <path>D:\ti\ccstheia151\ccs\tools\compiler\ti-cgt-armllvm_4.0.0.LTS\lib\armv6m-ti-none-eabi\c\</path>
         <kind>archive</kind>
         <file>libc.a</file>
         <name>getdevice.c.obj</name>
      </input_file>
      <input_file id="fl-101">
         <path>D:\ti\ccstheia151\ccs\tools\compiler\ti-cgt-armllvm_4.0.0.LTS\lib\armv6m-ti-none-eabi\c\</path>
         <kind>archive</kind>
         <file>libc.a</file>
         <name>memcpy16.S.obj</name>
      </input_file>
      <input_file id="fl-102">
         <path>D:\ti\ccstheia151\ccs\tools\compiler\ti-cgt-armllvm_4.0.0.LTS\lib\armv6m-ti-none-eabi\c\</path>
         <kind>archive</kind>
         <file>libc.a</file>
         <name>memset16.S.obj</name>
      </input_file>
      <input_file id="fl-103">
         <path>D:\ti\ccstheia151\ccs\tools\compiler\ti-cgt-armllvm_4.0.0.LTS\lib\armv6m-ti-none-eabi\c\</path>
         <kind>archive</kind>
         <file>libc.a</file>
         <name>strcmp-armv6m.S.obj</name>
      </input_file>
   </input_file_list>
   <object_component_list>
      <object_component id="oc-18">
         <name>.intvecs</name>
         <load_address>0x0</load_address>
         <readonly>true</readonly>
         <run_address>0x0</run_address>
         <size>0xc0</size>
         <alignment>0x4</alignment>
         <input_file_ref idref="fl-3"/>
      </object_component>
      <object_component id="oc-112">
         <name>.text:__TI_printfi</name>
         <load_address>0xc0</load_address>
         <readonly>true</readonly>
         <executable>true</executable>
         <run_address>0xc0</run_address>
         <size>0x9d0</size>
         <alignment>0x4</alignment>
         <input_file_ref idref="fl-32"/>
      </object_component>
      <object_component id="oc-145">
         <name>.text._pconv_a</name>
         <load_address>0xa90</load_address>
         <readonly>true</readonly>
         <executable>true</executable>
         <run_address>0xa90</run_address>
         <size>0x220</size>
         <alignment>0x4</alignment>
         <input_file_ref idref="fl-32"/>
      </object_component>
      <object_component id="oc-63">
         <name>.text.main</name>
         <load_address>0xcb0</load_address>
         <readonly>true</readonly>
         <executable>true</executable>
         <run_address>0xcb0</run_address>
         <size>0x20c</size>
         <alignment>0x4</alignment>
         <input_file_ref idref="fl-1"/>
      </object_component>
      <object_component id="oc-14a">
         <name>.text._pconv_g</name>
         <load_address>0xebc</load_address>
         <readonly>true</readonly>
         <executable>true</executable>
         <run_address>0xebc</run_address>
         <size>0x1dc</size>
         <alignment>0x4</alignment>
         <input_file_ref idref="fl-32"/>
      </object_component>
      <object_component id="oc-185">
         <name>.text.adddf3_subdf3</name>
         <load_address>0x1098</load_address>
         <readonly>true</readonly>
         <executable>true</executable>
         <run_address>0x1098</run_address>
         <size>0x192</size>
         <alignment>0x4</alignment>
         <input_file_ref idref="fl-ec"/>
      </object_component>
      <object_component id="oc-33">
         <name>.text.Default_Handler</name>
         <load_address>0x122a</load_address>
         <readonly>true</readonly>
         <executable>true</executable>
         <run_address>0x122a</run_address>
         <size>0x2</size>
         <alignment>0x2</alignment>
         <input_file_ref idref="fl-3"/>
      </object_component>
      <object_component id="oc-189">
         <name>.text.fcvt</name>
         <load_address>0x122c</load_address>
         <readonly>true</readonly>
         <executable>true</executable>
         <run_address>0x122c</run_address>
         <size>0x13c</size>
         <alignment>0x4</alignment>
         <input_file_ref idref="fl-32"/>
      </object_component>
      <object_component id="oc-14c">
         <name>.text._pconv_e</name>
         <load_address>0x1368</load_address>
         <readonly>true</readonly>
         <executable>true</executable>
         <run_address>0x1368</run_address>
         <size>0x120</size>
         <alignment>0x4</alignment>
         <input_file_ref idref="fl-32"/>
      </object_component>
      <object_component id="oc-94">
         <name>.text.__divdf3</name>
         <load_address>0x1488</load_address>
         <readonly>true</readonly>
         <executable>true</executable>
         <run_address>0x1488</run_address>
         <size>0x10c</size>
         <alignment>0x4</alignment>
         <input_file_ref idref="fl-ef"/>
      </object_component>
      <object_component id="oc-98">
         <name>.text.__muldf3</name>
         <load_address>0x1594</load_address>
         <readonly>true</readonly>
         <executable>true</executable>
         <run_address>0x1594</run_address>
         <size>0xe4</size>
         <alignment>0x4</alignment>
         <input_file_ref idref="fl-ed"/>
      </object_component>
      <object_component id="oc-168">
         <name>.text.scalbn</name>
         <load_address>0x1678</load_address>
         <readonly>true</readonly>
         <executable>true</executable>
         <run_address>0x1678</run_address>
         <size>0xd8</size>
         <alignment>0x4</alignment>
         <input_file_ref idref="fl-35"/>
      </object_component>
      <object_component id="oc-15f">
         <name>.text</name>
         <load_address>0x1750</load_address>
         <readonly>true</readonly>
         <executable>true</executable>
         <run_address>0x1750</run_address>
         <size>0xa2</size>
         <alignment>0x4</alignment>
         <input_file_ref idref="fl-fc"/>
      </object_component>
      <object_component id="oc-78">
         <name>.text:memcpy</name>
         <load_address>0x17f2</load_address>
         <readonly>true</readonly>
         <executable>true</executable>
         <run_address>0x17f2</run_address>
         <size>0x9a</size>
         <alignment>0x1</alignment>
         <input_file_ref idref="fl-101"/>
      </object_component>
      <object_component id="oc-1c">
         <name>.text:decompress:lzss</name>
         <load_address>0x188c</load_address>
         <readonly>true</readonly>
         <executable>true</executable>
         <run_address>0x188c</run_address>
         <size>0x7c</size>
         <alignment>0x4</alignment>
         <input_file_ref idref="fl-31"/>
      </object_component>
      <object_component id="oc-183">
         <name>.text.__gedf2</name>
         <load_address>0x1908</load_address>
         <readonly>true</readonly>
         <executable>true</executable>
         <run_address>0x1908</run_address>
         <size>0x74</size>
         <alignment>0x4</alignment>
         <input_file_ref idref="fl-fe"/>
      </object_component>
      <object_component id="oc-2f">
         <name>.text.Reset_Handler</name>
         <load_address>0x197c</load_address>
         <readonly>true</readonly>
         <executable>true</executable>
         <run_address>0x197c</run_address>
         <size>0x4</size>
         <alignment>0x2</alignment>
         <input_file_ref idref="fl-3"/>
      </object_component>
      <object_component id="oc-9c">
         <name>.text.__truncdfsf2</name>
         <load_address>0x1980</load_address>
         <readonly>true</readonly>
         <executable>true</executable>
         <run_address>0x1980</run_address>
         <size>0x74</size>
         <alignment>0x10</alignment>
         <input_file_ref idref="fl-f5"/>
      </object_component>
      <object_component id="oc-ce">
         <name>.text.SYSCFG_DL_UART_0_init</name>
         <load_address>0x19f4</load_address>
         <readonly>true</readonly>
         <executable>true</executable>
         <run_address>0x19f4</run_address>
         <size>0x6c</size>
         <alignment>0x4</alignment>
         <input_file_ref idref="fl-2"/>
      </object_component>
      <object_component id="oc-cf">
         <name>.text.SYSCFG_DL_ADC_VOLTAGE_init</name>
         <load_address>0x1a60</load_address>
         <readonly>true</readonly>
         <executable>true</executable>
         <run_address>0x1a60</run_address>
         <size>0x68</size>
         <alignment>0x4</alignment>
         <input_file_ref idref="fl-2"/>
      </object_component>
      <object_component id="oc-17d">
         <name>.text.__ledf2</name>
         <load_address>0x1ac8</load_address>
         <readonly>true</readonly>
         <executable>true</executable>
         <run_address>0x1ac8</run_address>
         <size>0x68</size>
         <alignment>0x4</alignment>
         <input_file_ref idref="fl-fe"/>
      </object_component>
      <object_component id="oc-17c">
         <name>.text._mcpy</name>
         <load_address>0x1b30</load_address>
         <readonly>true</readonly>
         <executable>true</executable>
         <run_address>0x1b30</run_address>
         <size>0x66</size>
         <alignment>0x2</alignment>
         <input_file_ref idref="fl-32"/>
      </object_component>
      <object_component id="oc-d6">
         <name>.text.__aeabi_idiv0</name>
         <load_address>0x1b96</load_address>
         <readonly>true</readonly>
         <executable>true</executable>
         <run_address>0x1b96</run_address>
         <size>0x2</size>
         <alignment>0x2</alignment>
         <input_file_ref idref="fl-ff"/>
      </object_component>
      <object_component id="oc-146">
         <name>.text.__aeabi_dcmp</name>
         <load_address>0x1b98</load_address>
         <readonly>true</readonly>
         <executable>true</executable>
         <run_address>0x1b98</run_address>
         <size>0x62</size>
         <alignment>0x4</alignment>
         <input_file_ref idref="fl-f6"/>
      </object_component>
      <object_component id="oc-c9">
         <name>.text:memset</name>
         <load_address>0x1bfa</load_address>
         <readonly>true</readonly>
         <executable>true</executable>
         <run_address>0x1bfa</run_address>
         <size>0x62</size>
         <alignment>0x1</alignment>
         <input_file_ref idref="fl-102"/>
      </object_component>
      <object_component id="oc-164">
         <name>.text.frexp</name>
         <load_address>0x1c5c</load_address>
         <readonly>true</readonly>
         <executable>true</executable>
         <run_address>0x1c5c</run_address>
         <size>0x5c</size>
         <alignment>0x4</alignment>
         <input_file_ref idref="fl-34"/>
      </object_component>
      <object_component id="oc-170">
         <name>.text.__TI_ltoa</name>
         <load_address>0x1cb8</load_address>
         <readonly>true</readonly>
         <executable>true</executable>
         <run_address>0x1cb8</run_address>
         <size>0x58</size>
         <alignment>0x2</alignment>
         <input_file_ref idref="fl-39"/>
      </object_component>
      <object_component id="oc-14b">
         <name>.text._pconv_f</name>
         <load_address>0x1d10</load_address>
         <readonly>true</readonly>
         <executable>true</executable>
         <run_address>0x1d10</run_address>
         <size>0x58</size>
         <alignment>0x2</alignment>
         <input_file_ref idref="fl-32"/>
      </object_component>
      <object_component id="oc-198">
         <name>.text.__aeabi_idivmod</name>
         <load_address>0x1d68</load_address>
         <readonly>true</readonly>
         <executable>true</executable>
         <run_address>0x1d68</run_address>
         <size>0x56</size>
         <alignment>0x4</alignment>
         <input_file_ref idref="fl-f7"/>
      </object_component>
      <object_component id="oc-17a">
         <name>.text._ecpy</name>
         <load_address>0x1dbe</load_address>
         <readonly>true</readonly>
         <executable>true</executable>
         <run_address>0x1dbe</run_address>
         <size>0x52</size>
         <alignment>0x2</alignment>
         <input_file_ref idref="fl-32"/>
      </object_component>
      <object_component id="oc-121">
         <name>.text.DL_DMA_initChannel</name>
         <load_address>0x1e10</load_address>
         <readonly>true</readonly>
         <executable>true</executable>
         <run_address>0x1e10</run_address>
         <size>0x4c</size>
         <alignment>0x4</alignment>
         <input_file_ref idref="fl-13"/>
      </object_component>
      <object_component id="oc-16c">
         <name>.text.__fixdfsi</name>
         <load_address>0x1e5c</load_address>
         <readonly>true</readonly>
         <executable>true</executable>
         <run_address>0x1e5c</run_address>
         <size>0x4a</size>
         <alignment>0x4</alignment>
         <input_file_ref idref="fl-f1"/>
      </object_component>
      <object_component id="oc-18b">
         <name>.text.__aeabi_ldiv0</name>
         <load_address>0x1ea6</load_address>
         <readonly>true</readonly>
         <executable>true</executable>
         <run_address>0x1ea6</run_address>
         <size>0x2</size>
         <alignment>0x2</alignment>
         <input_file_ref idref="fl-ff"/>
      </object_component>
      <object_component id="oc-fd">
         <name>.text.DL_UART_init</name>
         <load_address>0x1ea8</load_address>
         <readonly>true</readonly>
         <executable>true</executable>
         <run_address>0x1ea8</run_address>
         <size>0x48</size>
         <alignment>0x4</alignment>
         <input_file_ref idref="fl-14"/>
      </object_component>
      <object_component id="oc-100">
         <name>.text.DL_ADC12_setClockConfig</name>
         <load_address>0x1ef0</load_address>
         <readonly>true</readonly>
         <executable>true</executable>
         <run_address>0x1ef0</run_address>
         <size>0x40</size>
         <alignment>0x4</alignment>
         <input_file_ref idref="fl-11"/>
      </object_component>
      <object_component id="oc-ca">
         <name>.text.SYSCFG_DL_initPower</name>
         <load_address>0x1f30</load_address>
         <readonly>true</readonly>
         <executable>true</executable>
         <run_address>0x1f30</run_address>
         <size>0x40</size>
         <alignment>0x4</alignment>
         <input_file_ref idref="fl-2"/>
      </object_component>
      <object_component id="oc-86">
         <name>.text.__aeabi_uidivmod</name>
         <load_address>0x1f70</load_address>
         <readonly>true</readonly>
         <executable>true</executable>
         <run_address>0x1f70</run_address>
         <size>0x40</size>
         <alignment>0x4</alignment>
         <input_file_ref idref="fl-fa"/>
      </object_component>
      <object_component id="oc-a0">
         <name>.text.__extendsfdf2</name>
         <load_address>0x1fb0</load_address>
         <readonly>true</readonly>
         <executable>true</executable>
         <run_address>0x1fb0</run_address>
         <size>0x40</size>
         <alignment>0x4</alignment>
         <input_file_ref idref="fl-f0"/>
      </object_component>
      <object_component id="oc-12f">
         <name>.text.atoi</name>
         <load_address>0x1ff0</load_address>
         <readonly>true</readonly>
         <executable>true</executable>
         <run_address>0x1ff0</run_address>
         <size>0x40</size>
         <alignment>0x4</alignment>
         <input_file_ref idref="fl-3c"/>
      </object_component>
      <object_component id="oc-cc">
         <name>.text.SYSCFG_DL_SYSCTL_init</name>
         <load_address>0x2030</load_address>
         <readonly>true</readonly>
         <executable>true</executable>
         <run_address>0x2030</run_address>
         <size>0x3c</size>
         <alignment>0x4</alignment>
         <input_file_ref idref="fl-2"/>
      </object_component>
      <object_component id="oc-b1">
         <name>.text:__TI_auto_init_nobinit_nopinit</name>
         <load_address>0x206c</load_address>
         <readonly>true</readonly>
         <executable>true</executable>
         <run_address>0x206c</run_address>
         <size>0x3c</size>
         <alignment>0x4</alignment>
         <input_file_ref idref="fl-2c"/>
      </object_component>
      <object_component id="oc-e3">
         <name>.text.__muldsi3</name>
         <load_address>0x20a8</load_address>
         <readonly>true</readonly>
         <executable>true</executable>
         <run_address>0x20a8</run_address>
         <size>0x3a</size>
         <alignment>0x4</alignment>
         <input_file_ref idref="fl-ee"/>
      </object_component>
      <object_component id="oc-8a">
         <name>.text.sprintf</name>
         <load_address>0x20e4</load_address>
         <readonly>true</readonly>
         <executable>true</executable>
         <run_address>0x20e4</run_address>
         <size>0x38</size>
         <alignment>0x4</alignment>
         <input_file_ref idref="fl-29"/>
      </object_component>
      <object_component id="oc-17b">
         <name>.text._fcpy</name>
         <load_address>0x211c</load_address>
         <readonly>true</readonly>
         <executable>true</executable>
         <run_address>0x211c</run_address>
         <size>0x30</size>
         <alignment>0x2</alignment>
         <input_file_ref idref="fl-32"/>
      </object_component>
      <object_component id="oc-174">
         <name>.text.__floatsidf</name>
         <load_address>0x214c</load_address>
         <readonly>true</readonly>
         <executable>true</executable>
         <run_address>0x214c</run_address>
         <size>0x2c</size>
         <alignment>0x4</alignment>
         <input_file_ref idref="fl-f2"/>
      </object_component>
      <object_component id="oc-4f">
         <name>.text:_c_int00_noargs</name>
         <load_address>0x2178</load_address>
         <readonly>true</readonly>
         <executable>true</executable>
         <run_address>0x2178</run_address>
         <size>0x28</size>
         <alignment>0x4</alignment>
         <input_file_ref idref="fl-2a"/>
      </object_component>
      <object_component id="oc-90">
         <name>.text.__floatunsidf</name>
         <load_address>0x21a0</load_address>
         <readonly>true</readonly>
         <executable>true</executable>
         <run_address>0x21a0</run_address>
         <size>0x24</size>
         <alignment>0x4</alignment>
         <input_file_ref idref="fl-f3"/>
      </object_component>
      <object_component id="oc-13c">
         <name>.text.__muldi3</name>
         <load_address>0x21c4</load_address>
         <readonly>true</readonly>
         <executable>true</executable>
         <run_address>0x21c4</run_address>
         <size>0x24</size>
         <alignment>0x4</alignment>
         <input_file_ref idref="fl-f4"/>
      </object_component>
      <object_component id="oc-128">
         <name>.text.memccpy</name>
         <load_address>0x21e8</load_address>
         <readonly>true</readonly>
         <executable>true</executable>
         <run_address>0x21e8</run_address>
         <size>0x22</size>
         <alignment>0x2</alignment>
         <input_file_ref idref="fl-3e"/>
      </object_component>
      <object_component id="oc-107">
         <name>.text.SYSCFG_DL_DMA_CH0_init</name>
         <load_address>0x220c</load_address>
         <readonly>true</readonly>
         <executable>true</executable>
         <run_address>0x220c</run_address>
         <size>0x20</size>
         <alignment>0x4</alignment>
         <input_file_ref idref="fl-2"/>
      </object_component>
      <object_component id="oc-18c">
         <name>.text.__ashldi3</name>
         <load_address>0x222c</load_address>
         <readonly>true</readonly>
         <executable>true</executable>
         <run_address>0x222c</run_address>
         <size>0x1e</size>
         <alignment>0x4</alignment>
         <input_file_ref idref="fl-fd"/>
      </object_component>
      <object_component id="oc-7d">
         <name>.text.SYSCFG_DL_init</name>
         <load_address>0x224a</load_address>
         <readonly>true</readonly>
         <executable>true</executable>
         <run_address>0x224a</run_address>
         <size>0x1c</size>
         <alignment>0x2</alignment>
         <input_file_ref idref="fl-2"/>
      </object_component>
      <object_component id="oc-dd">
         <name>.text._outs</name>
         <load_address>0x2266</load_address>
         <readonly>true</readonly>
         <executable>true</executable>
         <run_address>0x2266</run_address>
         <size>0x18</size>
         <alignment>0x2</alignment>
         <input_file_ref idref="fl-29"/>
      </object_component>
      <object_component id="oc-46">
         <name>.text:decompress:ZI:__TI_zero_init_nomemset</name>
         <load_address>0x227e</load_address>
         <readonly>true</readonly>
         <executable>true</executable>
         <run_address>0x227e</run_address>
         <size>0x16</size>
         <alignment>0x2</alignment>
         <input_file_ref idref="fl-2f"/>
      </object_component>
      <object_component id="oc-cb">
         <name>.text.SYSCFG_DL_GPIO_init</name>
         <load_address>0x2294</load_address>
         <readonly>true</readonly>
         <executable>true</executable>
         <run_address>0x2294</run_address>
         <size>0x14</size>
         <alignment>0x4</alignment>
         <input_file_ref idref="fl-2"/>
      </object_component>
      <object_component id="oc-141">
         <name>.text.__aeabi_uldivmod</name>
         <load_address>0x22a8</load_address>
         <readonly>true</readonly>
         <executable>true</executable>
         <run_address>0x22a8</run_address>
         <size>0x14</size>
         <alignment>0x4</alignment>
         <input_file_ref idref="fl-fb"/>
      </object_component>
      <object_component id="oc-179">
         <name>.text.strchr</name>
         <load_address>0x22bc</load_address>
         <readonly>true</readonly>
         <executable>true</executable>
         <run_address>0x22bc</run_address>
         <size>0x14</size>
         <alignment>0x2</alignment>
         <input_file_ref idref="fl-32"/>
      </object_component>
      <object_component id="oc-f7">
         <name>.text.DL_UART_setClockConfig</name>
         <load_address>0x22d0</load_address>
         <readonly>true</readonly>
         <executable>true</executable>
         <run_address>0x22d0</run_address>
         <size>0x12</size>
         <alignment>0x2</alignment>
         <input_file_ref idref="fl-14"/>
      </object_component>
      <object_component id="oc-20">
         <name>.text:decompress:none</name>
         <load_address>0x22e2</load_address>
         <readonly>true</readonly>
         <executable>true</executable>
         <run_address>0x22e2</run_address>
         <size>0x12</size>
         <alignment>0x2</alignment>
         <input_file_ref idref="fl-30"/>
      </object_component>
      <object_component id="oc-133">
         <name>.text.wcslen</name>
         <load_address>0x22f4</load_address>
         <readonly>true</readonly>
         <executable>true</executable>
         <run_address>0x22f4</run_address>
         <size>0x10</size>
         <alignment>0x2</alignment>
         <input_file_ref idref="fl-33"/>
      </object_component>
      <object_component id="oc-127">
         <name>.text.__aeabi_memset</name>
         <load_address>0x2304</load_address>
         <readonly>true</readonly>
         <executable>true</executable>
         <run_address>0x2304</run_address>
         <size>0xe</size>
         <alignment>0x4</alignment>
         <input_file_ref idref="fl-f9"/>
      </object_component>
      <object_component id="oc-126">
         <name>.text.strlen</name>
         <load_address>0x2312</load_address>
         <readonly>true</readonly>
         <executable>true</executable>
         <run_address>0x2312</run_address>
         <size>0xe</size>
         <alignment>0x2</alignment>
         <input_file_ref idref="fl-32"/>
      </object_component>
      <object_component id="oc-5a">
         <name>.text.__aeabi_memclr</name>
         <load_address>0x2320</load_address>
         <readonly>true</readonly>
         <executable>true</executable>
         <run_address>0x2320</run_address>
         <size>0xc</size>
         <alignment>0x4</alignment>
         <input_file_ref idref="fl-f9"/>
      </object_component>
      <object_component id="oc-82">
         <name>.text.DL_Common_delayCycles</name>
         <load_address>0x232c</load_address>
         <readonly>true</readonly>
         <executable>true</executable>
         <run_address>0x232c</run_address>
         <size>0xa</size>
         <alignment>0x2</alignment>
         <input_file_ref idref="fl-12"/>
      </object_component>
      <object_component id="oc-178">
         <name>.text.OUTLINED_FUNCTION_0</name>
         <load_address>0x2336</load_address>
         <readonly>true</readonly>
         <executable>true</executable>
         <run_address>0x2336</run_address>
         <size>0xa</size>
         <alignment>0x2</alignment>
         <input_file_ref idref="fl-32"/>
      </object_component>
      <object_component id="oc-1ec">
         <name>.tramp.__aeabi_dsub.1</name>
         <load_address>0x2340</load_address>
         <readonly>true</readonly>
         <executable>true</executable>
         <run_address>0x2340</run_address>
         <size>0x10</size>
         <alignment>0x4</alignment>
         <input_file_ref idref="fl-ec"/>
      </object_component>
      <object_component id="oc-18a">
         <name>.text.OUTLINED_FUNCTION_1</name>
         <load_address>0x2350</load_address>
         <readonly>true</readonly>
         <executable>true</executable>
         <run_address>0x2350</run_address>
         <size>0xa</size>
         <alignment>0x2</alignment>
         <input_file_ref idref="fl-32"/>
      </object_component>
      <object_component id="oc-de">
         <name>.text._outc</name>
         <load_address>0x235a</load_address>
         <readonly>true</readonly>
         <executable>true</executable>
         <run_address>0x235a</run_address>
         <size>0xa</size>
         <alignment>0x2</alignment>
         <input_file_ref idref="fl-29"/>
      </object_component>
      <object_component id="oc-d0">
         <name>.text.SYSCFG_DL_DMA_init</name>
         <load_address>0x2364</load_address>
         <readonly>true</readonly>
         <executable>true</executable>
         <run_address>0x2364</run_address>
         <size>0x8</size>
         <alignment>0x2</alignment>
         <input_file_ref idref="fl-2"/>
      </object_component>
      <object_component id="oc-137">
         <name>.text.__aeabi_errno_addr</name>
         <load_address>0x236c</load_address>
         <readonly>true</readonly>
         <executable>true</executable>
         <run_address>0x236c</run_address>
         <size>0x8</size>
         <alignment>0x4</alignment>
         <input_file_ref idref="fl-36"/>
      </object_component>
      <object_component id="oc-3f">
         <name>.text.__aeabi_memcpy</name>
         <load_address>0x2374</load_address>
         <readonly>true</readonly>
         <executable>true</executable>
         <run_address>0x2374</run_address>
         <size>0x8</size>
         <alignment>0x4</alignment>
         <input_file_ref idref="fl-f8"/>
      </object_component>
      <object_component id="oc-5f">
         <name>.text._system_pre_init</name>
         <load_address>0x237c</load_address>
         <readonly>true</readonly>
         <executable>true</executable>
         <run_address>0x237c</run_address>
         <size>0x4</size>
         <alignment>0x2</alignment>
         <input_file_ref idref="fl-2d"/>
      </object_component>
      <object_component id="oc-aa">
         <name>.text:abort</name>
         <load_address>0x2380</load_address>
         <readonly>true</readonly>
         <executable>true</executable>
         <run_address>0x2380</run_address>
         <size>0x4</size>
         <alignment>0x2</alignment>
         <input_file_ref idref="fl-37"/>
      </object_component>
      <object_component id="oc-1e6">
         <name>__TI_handler_table</name>
         <load_address>0x2520</load_address>
         <readonly>true</readonly>
         <run_address>0x2520</run_address>
         <size>0xc</size>
         <alignment>0x4</alignment>
      </object_component>
      <object_component id="oc-1e9">
         <name>.cinit..bss.load</name>
         <load_address>0x252c</load_address>
         <readonly>true</readonly>
         <run_address>0x252c</run_address>
         <size>0x8</size>
         <alignment>0x4</alignment>
      </object_component>
      <object_component id="oc-1e8">
         <name>.cinit..data.load</name>
         <load_address>0x2534</load_address>
         <readonly>true</readonly>
         <run_address>0x2534</run_address>
         <size>0x7</size>
         <alignment>0x1</alignment>
      </object_component>
      <object_component id="oc-1e7">
         <name>__TI_cinit_table</name>
         <load_address>0x253c</load_address>
         <readonly>true</readonly>
         <run_address>0x253c</run_address>
         <size>0x10</size>
         <alignment>0x4</alignment>
      </object_component>
      <object_component id="oc-153">
         <name>.rodata:__aeabi_ctype_table_</name>
         <load_address>0x2390</load_address>
         <readonly>true</readonly>
         <run_address>0x2390</run_address>
         <size>0x101</size>
         <alignment>0x10</alignment>
         <input_file_ref idref="fl-44"/>
      </object_component>
      <object_component id="oc-fe">
         <name>.rodata.gUART_0ClockConfig</name>
         <load_address>0x2491</load_address>
         <readonly>true</readonly>
         <run_address>0x2491</run_address>
         <size>0x2</size>
         <alignment>0x1</alignment>
         <input_file_ref idref="fl-2"/>
      </object_component>
      <object_component id="oc-125">
         <name>.rodata.gDMA_CH0Config</name>
         <load_address>0x2494</load_address>
         <readonly>true</readonly>
         <run_address>0x2494</run_address>
         <size>0x18</size>
         <alignment>0x4</alignment>
         <input_file_ref idref="fl-2"/>
      </object_component>
      <object_component id="oc-a5">
         <name>.rodata.str1.176633223477948356601</name>
         <load_address>0x24ac</load_address>
         <readonly>true</readonly>
         <run_address>0x24ac</run_address>
         <size>0x15</size>
         <alignment>0x1</alignment>
         <input_file_ref idref="fl-1"/>
      </object_component>
      <object_component id="oc-a7">
         <name>.rodata.str1.8167968867256355221</name>
         <load_address>0x24c1</load_address>
         <readonly>true</readonly>
         <run_address>0x24c1</run_address>
         <size>0x15</size>
         <alignment>0x1</alignment>
         <input_file_ref idref="fl-1"/>
      </object_component>
      <object_component id="oc-140">
         <name>.rodata.str1.103488685894817597201</name>
         <load_address>0x24d6</load_address>
         <readonly>true</readonly>
         <run_address>0x24d6</run_address>
         <size>0x11</size>
         <alignment>0x1</alignment>
         <input_file_ref idref="fl-32"/>
      </object_component>
      <object_component id="oc-12c">
         <name>.rodata.str1.153638888446227384661</name>
         <load_address>0x24e7</load_address>
         <readonly>true</readonly>
         <run_address>0x24e7</run_address>
         <size>0x11</size>
         <alignment>0x1</alignment>
         <input_file_ref idref="fl-32"/>
      </object_component>
      <object_component id="oc-a6">
         <name>.rodata.str1.100506750686581518081</name>
         <load_address>0x24f8</load_address>
         <readonly>true</readonly>
         <run_address>0x24f8</run_address>
         <size>0xf</size>
         <alignment>0x1</alignment>
         <input_file_ref idref="fl-1"/>
      </object_component>
      <object_component id="oc-ff">
         <name>.rodata.gUART_0Config</name>
         <load_address>0x2508</load_address>
         <readonly>true</readonly>
         <run_address>0x2508</run_address>
         <size>0xa</size>
         <alignment>0x2</alignment>
         <input_file_ref idref="fl-2"/>
      </object_component>
      <object_component id="oc-106">
         <name>.rodata.gADC_VOLTAGEClockConfig</name>
         <load_address>0x2514</load_address>
         <readonly>true</readonly>
         <run_address>0x2514</run_address>
         <size>0x8</size>
         <alignment>0x4</alignment>
         <input_file_ref idref="fl-2"/>
      </object_component>
      <object_component id="oc-1ae">
         <name>.binit</name>
         <load_address>0x0</load_address>
         <readonly>true</readonly>
         <run_address>0x0</run_address>
         <size>0x0</size>
         <alignment>0x4</alignment>
      </object_component>
      <object_component id="oc-15a">
         <name>.data.__aeabi_errno</name>
         <load_address>0x20200028</load_address>
         <readwrite>true</readwrite>
         <run_address>0x20200028</run_address>
         <size>0x4</size>
         <alignment>0x4</alignment>
         <input_file_ref idref="fl-36"/>
      </object_component>
      <object_component id="oc-a4">
         <name>.common:ADC_VALUE</name>
         <uninitialized>true</uninitialized>
         <readwrite>true</readwrite>
         <run_address>0x20200000</run_address>
         <size>0x28</size>
         <alignment>0x2</alignment>
      </object_component>
      <object_component id="oc-1a">
         <name>.stack</name>
         <uninitialized>true</uninitialized>
         <readwrite>true</readwrite>
         <run_address>0x20207e00</run_address>
         <size>0x4</size>
         <alignment>0x4</alignment>
         <input_file_ref idref="fl-2a"/>
      </object_component>
      <object_component id="oc-1eb">
         <name>.stack</name>
         <uninitialized>true</uninitialized>
         <readwrite>true</readwrite>
         <run_address>0x20207e00</run_address>
         <size>0x0</size>
         <alignment>0x8</alignment>
      </object_component>
      <object_component id="oc-64">
         <name>.debug_loc</name>
         <load_address>0x0</load_address>
         <run_address>0x0</run_address>
         <size>0x396</size>
         <alignment>0x1</alignment>
         <input_file_ref idref="fl-1"/>
      </object_component>
      <object_component id="oc-cd">
         <name>.debug_loc</name>
         <load_address>0x396</load_address>
         <run_address>0x396</run_address>
         <size>0x11f</size>
         <alignment>0x1</alignment>
         <input_file_ref idref="fl-2"/>
      </object_component>
      <object_component id="oc-101">
         <name>.debug_loc</name>
         <load_address>0x4b5</load_address>
         <run_address>0x4b5</run_address>
         <size>0xc7</size>
         <alignment>0x1</alignment>
         <input_file_ref idref="fl-11"/>
      </object_component>
      <object_component id="oc-d5">
         <name>.debug_loc</name>
         <load_address>0x57c</load_address>
         <run_address>0x57c</run_address>
         <size>0x13</size>
         <alignment>0x1</alignment>
         <input_file_ref idref="fl-12"/>
      </object_component>
      <object_component id="oc-14f">
         <name>.debug_loc</name>
         <load_address>0x58f</load_address>
         <run_address>0x58f</run_address>
         <size>0xd0</size>
         <alignment>0x1</alignment>
         <input_file_ref idref="fl-13"/>
      </object_component>
      <object_component id="oc-fb">
         <name>.debug_loc</name>
         <load_address>0x65f</load_address>
         <run_address>0x65f</run_address>
         <size>0x7bc</size>
         <alignment>0x1</alignment>
         <input_file_ref idref="fl-14"/>
      </object_component>
      <object_component id="oc-8d">
         <name>.debug_loc</name>
         <load_address>0xe1b</load_address>
         <run_address>0xe1b</run_address>
         <size>0x136</size>
         <alignment>0x1</alignment>
         <input_file_ref idref="fl-29"/>
      </object_component>
      <object_component id="oc-3a">
         <name>.debug_loc</name>
         <load_address>0xf51</load_address>
         <run_address>0xf51</run_address>
         <size>0xd8</size>
         <alignment>0x1</alignment>
         <input_file_ref idref="fl-2a"/>
      </object_component>
      <object_component id="oc-b2">
         <name>.debug_loc</name>
         <load_address>0x1029</load_address>
         <run_address>0x1029</run_address>
         <size>0x424</size>
         <alignment>0x1</alignment>
         <input_file_ref idref="fl-2c"/>
      </object_component>
      <object_component id="oc-48">
         <name>.debug_loc</name>
         <load_address>0x144d</load_address>
         <run_address>0x144d</run_address>
         <size>0x16c</size>
         <alignment>0x1</alignment>
         <input_file_ref idref="fl-2f"/>
      </object_component>
      <object_component id="oc-45">
         <name>.debug_loc</name>
         <load_address>0x15b9</load_address>
         <run_address>0x15b9</run_address>
         <size>0x6f</size>
         <alignment>0x1</alignment>
         <input_file_ref idref="fl-30"/>
      </object_component>
      <object_component id="oc-3d">
         <name>.debug_loc</name>
         <load_address>0x1628</load_address>
         <run_address>0x1628</run_address>
         <size>0x167</size>
         <alignment>0x1</alignment>
         <input_file_ref idref="fl-31"/>
      </object_component>
      <object_component id="oc-10c">
         <name>.debug_loc</name>
         <load_address>0x178f</load_address>
         <run_address>0x178f</run_address>
         <size>0x32d8</size>
         <alignment>0x1</alignment>
         <input_file_ref idref="fl-32"/>
      </object_component>
      <object_component id="oc-159">
         <name>.debug_loc</name>
         <load_address>0x4a67</load_address>
         <run_address>0x4a67</run_address>
         <size>0x33</size>
         <alignment>0x1</alignment>
         <input_file_ref idref="fl-33"/>
      </object_component>
      <object_component id="oc-193">
         <name>.debug_loc</name>
         <load_address>0x4a9a</load_address>
         <run_address>0x4a9a</run_address>
         <size>0x9c</size>
         <alignment>0x1</alignment>
         <input_file_ref idref="fl-34"/>
      </object_component>
      <object_component id="oc-196">
         <name>.debug_loc</name>
         <load_address>0x4b36</load_address>
         <run_address>0x4b36</run_address>
         <size>0x127</size>
         <alignment>0x1</alignment>
         <input_file_ref idref="fl-35"/>
      </object_component>
      <object_component id="oc-15d">
         <name>.debug_loc</name>
         <load_address>0x4c5d</load_address>
         <run_address>0x4c5d</run_address>
         <size>0x101</size>
         <alignment>0x1</alignment>
         <input_file_ref idref="fl-36"/>
      </object_component>
      <object_component id="oc-b0">
         <name>.debug_loc</name>
         <load_address>0x4d5e</load_address>
         <run_address>0x4d5e</run_address>
         <size>0x26</size>
         <alignment>0x1</alignment>
         <input_file_ref idref="fl-37"/>
      </object_component>
      <object_component id="oc-19e">
         <name>.debug_loc</name>
         <load_address>0x4d84</load_address>
         <run_address>0x4d84</run_address>
         <size>0x8f</size>
         <alignment>0x1</alignment>
         <input_file_ref idref="fl-39"/>
      </object_component>
      <object_component id="oc-156">
         <name>.debug_loc</name>
         <load_address>0x4e13</load_address>
         <run_address>0x4e13</run_address>
         <size>0x66</size>
         <alignment>0x1</alignment>
         <input_file_ref idref="fl-3c"/>
      </object_component>
      <object_component id="oc-152">
         <name>.debug_loc</name>
         <load_address>0x4e79</load_address>
         <run_address>0x4e79</run_address>
         <size>0xbf</size>
         <alignment>0x1</alignment>
         <input_file_ref idref="fl-3e"/>
      </object_component>
      <object_component id="oc-180">
         <name>.debug_loc</name>
         <load_address>0x4f38</load_address>
         <run_address>0x4f38</run_address>
         <size>0x363</size>
         <alignment>0x1</alignment>
         <input_file_ref idref="fl-fe"/>
      </object_component>
      <object_component id="oc-10a">
         <name>.debug_loc</name>
         <load_address>0x529b</load_address>
         <run_address>0x529b</run_address>
         <size>0x20</size>
         <alignment>0x1</alignment>
         <input_file_ref idref="fl-ff"/>
      </object_component>
      <object_component id="oc-a8">
         <name>.debug_abbrev</name>
         <load_address>0x0</load_address>
         <run_address>0x0</run_address>
         <size>0x1c1</size>
         <alignment>0x1</alignment>
         <input_file_ref idref="fl-1"/>
      </object_component>
      <object_component id="oc-d1">
         <name>.debug_abbrev</name>
         <load_address>0x1c1</load_address>
         <run_address>0x1c1</run_address>
         <size>0x1ba</size>
         <alignment>0x1</alignment>
         <input_file_ref idref="fl-2"/>
      </object_component>
      <object_component id="oc-34">
         <name>.debug_abbrev</name>
         <load_address>0x37b</load_address>
         <run_address>0x37b</run_address>
         <size>0x6d</size>
         <alignment>0x1</alignment>
         <input_file_ref idref="fl-3"/>
      </object_component>
      <object_component id="oc-11f">
         <name>.debug_abbrev</name>
         <load_address>0x3e8</load_address>
         <run_address>0x3e8</run_address>
         <size>0x171</size>
         <alignment>0x1</alignment>
         <input_file_ref idref="fl-11"/>
      </object_component>
      <object_component id="oc-d3">
         <name>.debug_abbrev</name>
         <load_address>0x559</load_address>
         <run_address>0x559</run_address>
         <size>0x62</size>
         <alignment>0x1</alignment>
         <input_file_ref idref="fl-12"/>
      </object_component>
      <object_component id="oc-14d">
         <name>.debug_abbrev</name>
         <load_address>0x5bb</load_address>
         <run_address>0x5bb</run_address>
         <size>0x180</size>
         <alignment>0x1</alignment>
         <input_file_ref idref="fl-13"/>
      </object_component>
      <object_component id="oc-11d">
         <name>.debug_abbrev</name>
         <load_address>0x73b</load_address>
         <run_address>0x73b</run_address>
         <size>0x29b</size>
         <alignment>0x1</alignment>
         <input_file_ref idref="fl-14"/>
      </object_component>
      <object_component id="oc-df">
         <name>.debug_abbrev</name>
         <load_address>0x9d6</load_address>
         <run_address>0x9d6</run_address>
         <size>0xe1</size>
         <alignment>0x1</alignment>
         <input_file_ref idref="fl-29"/>
      </object_component>
      <object_component id="oc-36">
         <name>.debug_abbrev</name>
         <load_address>0xab7</load_address>
         <run_address>0xab7</run_address>
         <size>0xaf</size>
         <alignment>0x1</alignment>
         <input_file_ref idref="fl-2a"/>
      </object_component>
      <object_component id="oc-f0">
         <name>.debug_abbrev</name>
         <load_address>0xb66</load_address>
         <run_address>0xb66</run_address>
         <size>0x170</size>
         <alignment>0x1</alignment>
         <input_file_ref idref="fl-2c"/>
      </object_component>
      <object_component id="oc-7b">
         <name>.debug_abbrev</name>
         <load_address>0xcd6</load_address>
         <run_address>0xcd6</run_address>
         <size>0x39</size>
         <alignment>0x1</alignment>
         <input_file_ref idref="fl-2d"/>
      </object_component>
      <object_component id="oc-58">
         <name>.debug_abbrev</name>
         <load_address>0xd0f</load_address>
         <run_address>0xd0f</run_address>
         <size>0xc2</size>
         <alignment>0x1</alignment>
         <input_file_ref idref="fl-2f"/>
      </object_component>
      <object_component id="oc-43">
         <name>.debug_abbrev</name>
         <load_address>0xdd1</load_address>
         <run_address>0xdd1</run_address>
         <size>0x70</size>
         <alignment>0x1</alignment>
         <input_file_ref idref="fl-30"/>
      </object_component>
      <object_component id="oc-3b">
         <name>.debug_abbrev</name>
         <load_address>0xe41</load_address>
         <run_address>0xe41</run_address>
         <size>0x8d</size>
         <alignment>0x1</alignment>
         <input_file_ref idref="fl-31"/>
      </object_component>
      <object_component id="oc-12d">
         <name>.debug_abbrev</name>
         <load_address>0xece</load_address>
         <run_address>0xece</run_address>
         <size>0x2a3</size>
         <alignment>0x1</alignment>
         <input_file_ref idref="fl-32"/>
      </object_component>
      <object_component id="oc-157">
         <name>.debug_abbrev</name>
         <load_address>0x1171</load_address>
         <run_address>0x1171</run_address>
         <size>0x72</size>
         <alignment>0x1</alignment>
         <input_file_ref idref="fl-33"/>
      </object_component>
      <object_component id="oc-191">
         <name>.debug_abbrev</name>
         <load_address>0x11e3</load_address>
         <run_address>0x11e3</run_address>
         <size>0x81</size>
         <alignment>0x1</alignment>
         <input_file_ref idref="fl-34"/>
      </object_component>
      <object_component id="oc-194">
         <name>.debug_abbrev</name>
         <load_address>0x1264</load_address>
         <run_address>0x1264</run_address>
         <size>0x88</size>
         <alignment>0x1</alignment>
         <input_file_ref idref="fl-35"/>
      </object_component>
      <object_component id="oc-15b">
         <name>.debug_abbrev</name>
         <load_address>0x12ec</load_address>
         <run_address>0x12ec</run_address>
         <size>0x148</size>
         <alignment>0x1</alignment>
         <input_file_ref idref="fl-36"/>
      </object_component>
      <object_component id="oc-ea">
         <name>.debug_abbrev</name>
         <load_address>0x1434</load_address>
         <run_address>0x1434</run_address>
         <size>0xb3</size>
         <alignment>0x1</alignment>
         <input_file_ref idref="fl-37"/>
      </object_component>
      <object_component id="oc-19c">
         <name>.debug_abbrev</name>
         <load_address>0x14e7</load_address>
         <run_address>0x14e7</run_address>
         <size>0x95</size>
         <alignment>0x1</alignment>
         <input_file_ref idref="fl-39"/>
      </object_component>
      <object_component id="oc-154">
         <name>.debug_abbrev</name>
         <load_address>0x157c</load_address>
         <run_address>0x157c</run_address>
         <size>0x72</size>
         <alignment>0x1</alignment>
         <input_file_ref idref="fl-3c"/>
      </object_component>
      <object_component id="oc-150">
         <name>.debug_abbrev</name>
         <load_address>0x15ee</load_address>
         <run_address>0x15ee</run_address>
         <size>0x8b</size>
         <alignment>0x1</alignment>
         <input_file_ref idref="fl-3e"/>
      </object_component>
      <object_component id="oc-1a2">
         <name>.debug_abbrev</name>
         <load_address>0x1679</load_address>
         <run_address>0x1679</run_address>
         <size>0x27</size>
         <alignment>0x1</alignment>
         <input_file_ref idref="fl-ec"/>
      </object_component>
      <object_component id="oc-e7">
         <name>.debug_abbrev</name>
         <load_address>0x16a0</load_address>
         <run_address>0x16a0</run_address>
         <size>0x27</size>
         <alignment>0x1</alignment>
         <input_file_ref idref="fl-ed"/>
      </object_component>
      <object_component id="oc-113">
         <name>.debug_abbrev</name>
         <load_address>0x16c7</load_address>
         <run_address>0x16c7</run_address>
         <size>0x27</size>
         <alignment>0x1</alignment>
         <input_file_ref idref="fl-ee"/>
      </object_component>
      <object_component id="oc-e2">
         <name>.debug_abbrev</name>
         <load_address>0x16ee</load_address>
         <run_address>0x16ee</run_address>
         <size>0x27</size>
         <alignment>0x1</alignment>
         <input_file_ref idref="fl-ef"/>
      </object_component>
      <object_component id="oc-e9">
         <name>.debug_abbrev</name>
         <load_address>0x1715</load_address>
         <run_address>0x1715</run_address>
         <size>0x27</size>
         <alignment>0x1</alignment>
         <input_file_ref idref="fl-f0"/>
      </object_component>
      <object_component id="oc-197">
         <name>.debug_abbrev</name>
         <load_address>0x173c</load_address>
         <run_address>0x173c</run_address>
         <size>0x27</size>
         <alignment>0x1</alignment>
         <input_file_ref idref="fl-f1"/>
      </object_component>
      <object_component id="oc-19f">
         <name>.debug_abbrev</name>
         <load_address>0x1763</load_address>
         <run_address>0x1763</run_address>
         <size>0x27</size>
         <alignment>0x1</alignment>
         <input_file_ref idref="fl-f2"/>
      </object_component>
      <object_component id="oc-e1">
         <name>.debug_abbrev</name>
         <load_address>0x178a</load_address>
         <run_address>0x178a</run_address>
         <size>0x27</size>
         <alignment>0x1</alignment>
         <input_file_ref idref="fl-f3"/>
      </object_component>
      <object_component id="oc-15e">
         <name>.debug_abbrev</name>
         <load_address>0x17b1</load_address>
         <run_address>0x17b1</run_address>
         <size>0x27</size>
         <alignment>0x1</alignment>
         <input_file_ref idref="fl-f4"/>
      </object_component>
      <object_component id="oc-e8">
         <name>.debug_abbrev</name>
         <load_address>0x17d8</load_address>
         <run_address>0x17d8</run_address>
         <size>0x27</size>
         <alignment>0x1</alignment>
         <input_file_ref idref="fl-f5"/>
      </object_component>
      <object_component id="oc-184">
         <name>.debug_abbrev</name>
         <load_address>0x17ff</load_address>
         <run_address>0x17ff</run_address>
         <size>0x27</size>
         <alignment>0x1</alignment>
         <input_file_ref idref="fl-f6"/>
      </object_component>
      <object_component id="oc-1a4">
         <name>.debug_abbrev</name>
         <load_address>0x1826</load_address>
         <run_address>0x1826</run_address>
         <size>0x27</size>
         <alignment>0x1</alignment>
         <input_file_ref idref="fl-f7"/>
      </object_component>
      <object_component id="oc-57">
         <name>.debug_abbrev</name>
         <load_address>0x184d</load_address>
         <run_address>0x184d</run_address>
         <size>0x27</size>
         <alignment>0x1</alignment>
         <input_file_ref idref="fl-f8"/>
      </object_component>
      <object_component id="oc-7a">
         <name>.debug_abbrev</name>
         <load_address>0x1874</load_address>
         <run_address>0x1874</run_address>
         <size>0x25</size>
         <alignment>0x1</alignment>
         <input_file_ref idref="fl-f9"/>
      </object_component>
      <object_component id="oc-db">
         <name>.debug_abbrev</name>
         <load_address>0x1899</load_address>
         <run_address>0x1899</run_address>
         <size>0x27</size>
         <alignment>0x1</alignment>
         <input_file_ref idref="fl-fa"/>
      </object_component>
      <object_component id="oc-163">
         <name>.debug_abbrev</name>
         <load_address>0x18c0</load_address>
         <run_address>0x18c0</run_address>
         <size>0x27</size>
         <alignment>0x1</alignment>
         <input_file_ref idref="fl-fb"/>
      </object_component>
      <object_component id="oc-190">
         <name>.debug_abbrev</name>
         <load_address>0x18e7</load_address>
         <run_address>0x18e7</run_address>
         <size>0x27</size>
         <alignment>0x1</alignment>
         <input_file_ref idref="fl-fc"/>
      </object_component>
      <object_component id="oc-1a3">
         <name>.debug_abbrev</name>
         <load_address>0x190e</load_address>
         <run_address>0x190e</run_address>
         <size>0x27</size>
         <alignment>0x1</alignment>
         <input_file_ref idref="fl-fd"/>
      </object_component>
      <object_component id="oc-1a0">
         <name>.debug_abbrev</name>
         <load_address>0x1935</load_address>
         <run_address>0x1935</run_address>
         <size>0xc8</size>
         <alignment>0x1</alignment>
         <input_file_ref idref="fl-fe"/>
      </object_component>
      <object_component id="oc-108">
         <name>.debug_abbrev</name>
         <load_address>0x19fd</load_address>
         <run_address>0x19fd</run_address>
         <size>0x59</size>
         <alignment>0x1</alignment>
         <input_file_ref idref="fl-ff"/>
      </object_component>
      <object_component id="oc-c3">
         <name>.debug_abbrev</name>
         <load_address>0x1a56</load_address>
         <run_address>0x1a56</run_address>
         <size>0x25</size>
         <alignment>0x1</alignment>
         <input_file_ref idref="fl-101"/>
      </object_component>
      <object_component id="oc-f6">
         <name>.debug_abbrev</name>
         <load_address>0x1a7b</load_address>
         <run_address>0x1a7b</run_address>
         <size>0x25</size>
         <alignment>0x1</alignment>
         <input_file_ref idref="fl-102"/>
      </object_component>
      <object_component id="oc-1ee">
         <name>.debug_abbrev</name>
         <load_address>0x1aa0</load_address>
         <run_address>0x1aa0</run_address>
         <size>0x23</size>
         <alignment>0x0</alignment>
      </object_component>
      <object_component id="oc-65">
         <name>.debug_info</name>
         <load_address>0x0</load_address>
         <run_address>0x0</run_address>
         <size>0x10c9</size>
         <alignment>0x1</alignment>
         <input_file_ref idref="fl-1"/>
      </object_component>
      <object_component id="oc-7f">
         <name>.debug_info</name>
         <load_address>0x10c9</load_address>
         <run_address>0x10c9</run_address>
         <size>0x289b</size>
         <alignment>0x1</alignment>
         <input_file_ref idref="fl-2"/>
      </object_component>
      <object_component id="oc-19">
         <name>.debug_info</name>
         <load_address>0x3964</load_address>
         <run_address>0x3964</run_address>
         <size>0x80</size>
         <alignment>0x1</alignment>
         <input_file_ref idref="fl-3"/>
      </object_component>
      <object_component id="oc-102">
         <name>.debug_info</name>
         <load_address>0x39e4</load_address>
         <run_address>0x39e4</run_address>
         <size>0x731</size>
         <alignment>0x1</alignment>
         <input_file_ref idref="fl-11"/>
      </object_component>
      <object_component id="oc-83">
         <name>.debug_info</name>
         <load_address>0x4115</load_address>
         <run_address>0x4115</run_address>
         <size>0x75</size>
         <alignment>0x1</alignment>
         <input_file_ref idref="fl-12"/>
      </object_component>
      <object_component id="oc-122">
         <name>.debug_info</name>
         <load_address>0x418a</load_address>
         <run_address>0x418a</run_address>
         <size>0x6e5</size>
         <alignment>0x1</alignment>
         <input_file_ref idref="fl-13"/>
      </object_component>
      <object_component id="oc-f9">
         <name>.debug_info</name>
         <load_address>0x486f</load_address>
         <run_address>0x486f</run_address>
         <size>0x1283</size>
         <alignment>0x1</alignment>
         <input_file_ref idref="fl-14"/>
      </object_component>
      <object_component id="oc-8b">
         <name>.debug_info</name>
         <load_address>0x5af2</load_address>
         <run_address>0x5af2</run_address>
         <size>0x165</size>
         <alignment>0x1</alignment>
         <input_file_ref idref="fl-29"/>
      </object_component>
      <object_component id="oc-1b">
         <name>.debug_info</name>
         <load_address>0x5c57</load_address>
         <run_address>0x5c57</run_address>
         <size>0x423</size>
         <alignment>0x1</alignment>
         <input_file_ref idref="fl-2a"/>
      </object_component>
      <object_component id="oc-b6">
         <name>.debug_info</name>
         <load_address>0x607a</load_address>
         <run_address>0x607a</run_address>
         <size>0x744</size>
         <alignment>0x1</alignment>
         <input_file_ref idref="fl-2c"/>
      </object_component>
      <object_component id="oc-62">
         <name>.debug_info</name>
         <load_address>0x67be</load_address>
         <run_address>0x67be</run_address>
         <size>0x46</size>
         <alignment>0x1</alignment>
         <input_file_ref idref="fl-2d"/>
      </object_component>
      <object_component id="oc-47">
         <name>.debug_info</name>
         <load_address>0x6804</load_address>
         <run_address>0x6804</run_address>
         <size>0x192</size>
         <alignment>0x1</alignment>
         <input_file_ref idref="fl-2f"/>
      </object_component>
      <object_component id="oc-22">
         <name>.debug_info</name>
         <load_address>0x6996</load_address>
         <run_address>0x6996</run_address>
         <size>0xc6</size>
         <alignment>0x1</alignment>
         <input_file_ref idref="fl-30"/>
      </object_component>
      <object_component id="oc-1e">
         <name>.debug_info</name>
         <load_address>0x6a5c</load_address>
         <run_address>0x6a5c</run_address>
         <size>0x17c</size>
         <alignment>0x1</alignment>
         <input_file_ref idref="fl-31"/>
      </object_component>
      <object_component id="oc-10d">
         <name>.debug_info</name>
         <load_address>0x6bd8</load_address>
         <run_address>0x6bd8</run_address>
         <size>0x1f24</size>
         <alignment>0x1</alignment>
         <input_file_ref idref="fl-32"/>
      </object_component>
      <object_component id="oc-134">
         <name>.debug_info</name>
         <load_address>0x8afc</load_address>
         <run_address>0x8afc</run_address>
         <size>0x97</size>
         <alignment>0x1</alignment>
         <input_file_ref idref="fl-33"/>
      </object_component>
      <object_component id="oc-165">
         <name>.debug_info</name>
         <load_address>0x8b93</load_address>
         <run_address>0x8b93</run_address>
         <size>0xf1</size>
         <alignment>0x1</alignment>
         <input_file_ref idref="fl-34"/>
      </object_component>
      <object_component id="oc-169">
         <name>.debug_info</name>
         <load_address>0x8c84</load_address>
         <run_address>0x8c84</run_address>
         <size>0x128</size>
         <alignment>0x1</alignment>
         <input_file_ref idref="fl-35"/>
      </object_component>
      <object_component id="oc-138">
         <name>.debug_info</name>
         <load_address>0x8dac</load_address>
         <run_address>0x8dac</run_address>
         <size>0x33d</size>
         <alignment>0x1</alignment>
         <input_file_ref idref="fl-36"/>
      </object_component>
      <object_component id="oc-ab">
         <name>.debug_info</name>
         <load_address>0x90e9</load_address>
         <run_address>0x90e9</run_address>
         <size>0xed</size>
         <alignment>0x1</alignment>
[...]
      </symbol>
      <symbol id="sm-6d">
         <name>SYSCFG_DL_DMA_init</name>
         <value>0x2365</value>
         <object_component_ref idref="oc-d0"/>
      </symbol>
      <symbol id="sm-6e">
         <name>SYSCFG_DL_DMA_CH0_init</name>
         <value>0x220d</value>
         <object_component_ref idref="oc-107"/>
      </symbol>
      <symbol id="sm-79">
         <name>Default_Handler</name>
         <value>0x122b</value>
         <object_component_ref idref="oc-33"/>
      </symbol>
      <symbol id="sm-7a">
         <name>Reset_Handler</name>
         <value>0x197d</value>
         <object_component_ref idref="oc-2f"/>
      </symbol>
      <symbol id="sm-7b">
         <name>interruptVectors</name>
         <value>0x0</value>
         <object_component_ref idref="oc-18"/>
      </symbol>
      <symbol id="sm-7c">
         <name>NMI_Handler</name>
         <value>0x122b</value>
         <object_component_ref idref="oc-33"/>
      </symbol>
      <symbol id="sm-7d">
         <name>HardFault_Handler</name>
         <value>0x122b</value>
         <object_component_ref idref="oc-33"/>
      </symbol>
      <symbol id="sm-7e">
         <name>SVC_Handler</name>
         <value>0x122b</value>
         <object_component_ref idref="oc-33"/>
      </symbol>
      <symbol id="sm-7f">
         <name>PendSV_Handler</name>
         <value>0x122b</value>
         <object_component_ref idref="oc-33"/>
      </symbol>
      <symbol id="sm-80">
         <name>SysTick_Handler</name>
         <value>0x122b</value>
         <object_component_ref idref="oc-33"/>
      </symbol>
      <symbol id="sm-81">
         <name>GROUP0_IRQHandler</name>
         <value>0x122b</value>
         <object_component_ref idref="oc-33"/>
      </symbol>
      <symbol id="sm-82">
         <name>GROUP1_IRQHandler</name>
         <value>0x122b</value>
         <object_component_ref idref="oc-33"/>
      </symbol>
      <symbol id="sm-83">
         <name>TIMG8_IRQHandler</name>
         <value>0x122b</value>
         <object_component_ref idref="oc-33"/>
      </symbol>
      <symbol id="sm-84">
         <name>UART3_IRQHandler</name>
         <value>0x122b</value>
         <object_component_ref idref="oc-33"/>
      </symbol>
      <symbol id="sm-85">
         <name>ADC0_IRQHandler</name>
         <value>0x122b</value>
         <object_component_ref idref="oc-33"/>
      </symbol>
      <symbol id="sm-86">
         <name>ADC1_IRQHandler</name>
         <value>0x122b</value>
         <object_component_ref idref="oc-33"/>
      </symbol>
      <symbol id="sm-87">
         <name>CANFD0_IRQHandler</name>
         <value>0x122b</value>
         <object_component_ref idref="oc-33"/>
      </symbol>
      <symbol id="sm-88">
         <name>DAC0_IRQHandler</name>
         <value>0x122b</value>
         <object_component_ref idref="oc-33"/>
      </symbol>
      <symbol id="sm-89">
         <name>SPI0_IRQHandler</name>
         <value>0x122b</value>
         <object_component_ref idref="oc-33"/>
      </symbol>
      <symbol id="sm-8a">
         <name>SPI1_IRQHandler</name>
         <value>0x122b</value>
         <object_component_ref idref="oc-33"/>
      </symbol>
      <symbol id="sm-8b">
         <name>UART1_IRQHandler</name>
         <value>0x122b</value>
         <object_component_ref idref="oc-33"/>
      </symbol>
      <symbol id="sm-8c">
         <name>UART2_IRQHandler</name>
         <value>0x122b</value>
         <object_component_ref idref="oc-33"/>
      </symbol>
      <symbol id="sm-8d">
         <name>UART0_IRQHandler</name>
         <value>0x122b</value>
         <object_component_ref idref="oc-33"/>
      </symbol>
      <symbol id="sm-8e">
         <name>TIMG0_IRQHandler</name>
         <value>0x122b</value>
         <object_component_ref idref="oc-33"/>
      </symbol>
      <symbol id="sm-8f">
         <name>TIMG6_IRQHandler</name>
         <value>0x122b</value>
         <object_component_ref idref="oc-33"/>
      </symbol>
      <symbol id="sm-90">
         <name>TIMA0_IRQHandler</name>
         <value>0x122b</value>
         <object_component_ref idref="oc-33"/>
      </symbol>
      <symbol id="sm-91">
         <name>TIMA1_IRQHandler</name>
         <value>0x122b</value>
         <object_component_ref idref="oc-33"/>
      </symbol>
      <symbol id="sm-92">
         <name>TIMG7_IRQHandler</name>
         <value>0x122b</value>
         <object_component_ref idref="oc-33"/>
      </symbol>
      <symbol id="sm-93">
         <name>TIMG12_IRQHandler</name>
         <value>0x122b</value>
         <object_component_ref idref="oc-33"/>
      </symbol>
      <symbol id="sm-94">
         <name>I2C0_IRQHandler</name>
         <value>0x122b</value>
         <object_component_ref idref="oc-33"/>
      </symbol>
      <symbol id="sm-95">
         <name>I2C1_IRQHandler</name>
         <value>0x122b</value>
         <object_component_ref idref="oc-33"/>
      </symbol>
      <symbol id="sm-96">
         <name>AES_IRQHandler</name>
         <value>0x122b</value>
         <object_component_ref idref="oc-33"/>
      </symbol>
      <symbol id="sm-97">
         <name>RTC_IRQHandler</name>
         <value>0x122b</value>
         <object_component_ref idref="oc-33"/>
      </symbol>
      <symbol id="sm-98">
         <name>DMA_IRQHandler</name>
         <value>0x122b</value>
         <object_component_ref idref="oc-33"/>
      </symbol>
      <symbol id="sm-99">
         <name>__TI_ATRegion0_src_addr</name>
         <value>0x0</value>
      </symbol>
      <symbol id="sm-9a">
         <name>__TI_ATRegion0_trg_addr</name>
         <value>0x0</value>
      </symbol>
      <symbol id="sm-9b">
         <name>__TI_ATRegion0_region_sz</name>
         <value>0x0</value>
      </symbol>
      <symbol id="sm-9c">
         <name>__TI_ATRegion1_src_addr</name>
         <value>0x0</value>
      </symbol>
      <symbol id="sm-9d">
         <name>__TI_ATRegion1_trg_addr</name>
         <value>0x0</value>
      </symbol>
      <symbol id="sm-9e">
         <name>__TI_ATRegion1_region_sz</name>
         <value>0x0</value>
      </symbol>
      <symbol id="sm-9f">
         <name>__TI_ATRegion2_src_addr</name>
         <value>0x0</value>
      </symbol>
      <symbol id="sm-a0">
         <name>__TI_ATRegion2_trg_addr</name>
         <value>0x0</value>
      </symbol>
      <symbol id="sm-a1">
         <name>__TI_ATRegion2_region_sz</name>
         <value>0x0</value>
      </symbol>
      <symbol id="sm-ac">
         <name>DL_ADC12_setClockConfig</name>
         <value>0x1ef1</value>
         <object_component_ref idref="oc-100"/>
      </symbol>
      <symbol id="sm-b5">
         <name>DL_Common_delayCycles</name>
         <value>0x232d</value>
         <object_component_ref idref="oc-82"/>
      </symbol>
      <symbol id="sm-bf">
         <name>DL_DMA_initChannel</name>
         <value>0x1e11</value>
         <object_component_ref idref="oc-121"/>
      </symbol>
      <symbol id="sm-cc">
         <name>DL_UART_init</name>
         <value>0x1ea9</value>
         <object_component_ref idref="oc-fd"/>
      </symbol>
      <symbol id="sm-cd">
         <name>DL_UART_setClockConfig</name>
         <value>0x22d1</value>
         <object_component_ref idref="oc-f7"/>
      </symbol>
      <symbol id="sm-de">
         <name>sprintf</name>
         <value>0x20e5</value>
         <object_component_ref idref="oc-8a"/>
      </symbol>
      <symbol id="sm-e9">
         <name>_c_int00_noargs</name>
         <value>0x2179</value>
         <object_component_ref idref="oc-4f"/>
      </symbol>
      <symbol id="sm-ea">
         <name>__stack</name>
         <value>0x20207e00</value>
         <object_component_ref idref="oc-1a"/>
      </symbol>
      <symbol id="sm-f6">
         <name>__TI_auto_init_nobinit_nopinit</name>
         <value>0x206d</value>
         <object_component_ref idref="oc-b1"/>
      </symbol>
      <symbol id="sm-fe">
         <name>_system_pre_init</name>
         <value>0x237d</value>
         <object_component_ref idref="oc-5f"/>
      </symbol>
      <symbol id="sm-109">
         <name>__TI_zero_init_nomemset</name>
         <value>0x227f</value>
         <object_component_ref idref="oc-46"/>
      </symbol>
      <symbol id="sm-112">
         <name>__TI_decompress_none</name>
         <value>0x22e3</value>
         <object_component_ref idref="oc-20"/>
      </symbol>
      <symbol id="sm-11d">
         <name>__TI_decompress_lzss</name>
         <value>0x188d</value>
         <object_component_ref idref="oc-1c"/>
      </symbol>
      <symbol id="sm-166">
         <name>__TI_printfi</name>
         <value>0xc1</value>
         <object_component_ref idref="oc-112"/>
      </symbol>
      <symbol id="sm-16f">
         <name>wcslen</name>
         <value>0x22f5</value>
         <object_component_ref idref="oc-133"/>
      </symbol>
      <symbol id="sm-179">
         <name>frexp</name>
         <value>0x1c5d</value>
         <object_component_ref idref="oc-164"/>
      </symbol>
      <symbol id="sm-17a">
         <name>frexpl</name>
         <value>0x1c5d</value>
         <object_component_ref idref="oc-164"/>
      </symbol>
      <symbol id="sm-184">
         <name>scalbn</name>
         <value>0x1679</value>
         <object_component_ref idref="oc-168"/>
      </symbol>
      <symbol id="sm-185">
         <name>ldexp</name>
         <value>0x1679</value>
         <object_component_ref idref="oc-168"/>
      </symbol>
      <symbol id="sm-186">
         <name>scalbnl</name>
         <value>0x1679</value>
         <object_component_ref idref="oc-168"/>
      </symbol>
      <symbol id="sm-187">
         <name>ldexpl</name>
         <value>0x1679</value>
         <object_component_ref idref="oc-168"/>
      </symbol>
      <symbol id="sm-192">
         <name>__aeabi_errno_addr</name>
         <value>0x236d</value>
         <object_component_ref idref="oc-137"/>
      </symbol>
      <symbol id="sm-193">
         <name>__aeabi_errno</name>
         <value>0x20200028</value>
         <object_component_ref idref="oc-15a"/>
      </symbol>
      <symbol id="sm-19d">
         <name>abort</name>
         <value>0x2381</value>
         <object_component_ref idref="oc-aa"/>
      </symbol>
      <symbol id="sm-19e">
         <name>C$$EXIT</name>
         <value>0x2380</value>
         <object_component_ref idref="oc-aa"/>
      </symbol>
      <symbol id="sm-1a8">
         <name>__TI_ltoa</name>
         <value>0x1cb9</value>
         <object_component_ref idref="oc-170"/>
      </symbol>
      <symbol id="sm-1b4">
         <name>atoi</name>
         <value>0x1ff1</value>
         <object_component_ref idref="oc-12f"/>
      </symbol>
      <symbol id="sm-1be">
         <name>memccpy</name>
         <value>0x21e9</value>
         <object_component_ref idref="oc-128"/>
      </symbol>
      <symbol id="sm-1c4">
         <name>__aeabi_ctype_table_</name>
         <value>0x2390</value>
         <object_component_ref idref="oc-153"/>
      </symbol>
      <symbol id="sm-1c5">
         <name>__aeabi_ctype_table_C</name>
         <value>0x2390</value>
         <object_component_ref idref="oc-153"/>
      </symbol>
      <symbol id="sm-1dd">
         <name>__aeabi_dadd</name>
         <value>0x10a3</value>
         <object_component_ref idref="oc-185"/>
      </symbol>
      <symbol id="sm-1de">
         <name>__adddf3</name>
         <value>0x10a3</value>
         <object_component_ref idref="oc-185"/>
      </symbol>
      <symbol id="sm-1df">
         <name>__aeabi_dsub</name>
         <value>0x1099</value>
         <object_component_ref idref="oc-185"/>
      </symbol>
      <symbol id="sm-1e0">
         <name>__subdf3</name>
         <value>0x1099</value>
         <object_component_ref idref="oc-185"/>
      </symbol>
      <symbol id="sm-1e9">
         <name>__aeabi_dmul</name>
         <value>0x1595</value>
         <object_component_ref idref="oc-98"/>
      </symbol>
      <symbol id="sm-1ea">
         <name>__muldf3</name>
         <value>0x1595</value>
         <object_component_ref idref="oc-98"/>
      </symbol>
      <symbol id="sm-1f0">
         <name>__muldsi3</name>
         <value>0x20a9</value>
         <object_component_ref idref="oc-e3"/>
      </symbol>
      <symbol id="sm-1f6">
         <name>__aeabi_ddiv</name>
         <value>0x1489</value>
         <object_component_ref idref="oc-94"/>
      </symbol>
      <symbol id="sm-1f7">
         <name>__divdf3</name>
         <value>0x1489</value>
         <object_component_ref idref="oc-94"/>
      </symbol>
      <symbol id="sm-1fd">
         <name>__aeabi_f2d</name>
         <value>0x1fb1</value>
         <object_component_ref idref="oc-a0"/>
      </symbol>
      <symbol id="sm-1fe">
         <name>__extendsfdf2</name>
         <value>0x1fb1</value>
         <object_component_ref idref="oc-a0"/>
      </symbol>
      <symbol id="sm-204">
         <name>__aeabi_d2iz</name>
         <value>0x1e5d</value>
         <object_component_ref idref="oc-16c"/>
      </symbol>
      <symbol id="sm-205">
         <name>__fixdfsi</name>
         <value>0x1e5d</value>
         <object_component_ref idref="oc-16c"/>
      </symbol>
      <symbol id="sm-20b">
         <name>__aeabi_i2d</name>
         <value>0x214d</value>
         <object_component_ref idref="oc-174"/>
      </symbol>
      <symbol id="sm-20c">
         <name>__floatsidf</name>
         <value>0x214d</value>
         <object_component_ref idref="oc-174"/>
      </symbol>
      <symbol id="sm-212">
         <name>__aeabi_ui2d</name>
         <value>0x21a1</value>
         <object_component_ref idref="oc-90"/>
      </symbol>
      <symbol id="sm-213">
         <name>__floatunsidf</name>
         <value>0x21a1</value>
         <object_component_ref idref="oc-90"/>
      </symbol>
      <symbol id="sm-219">
         <name>__aeabi_lmul</name>
         <value>0x21c5</value>
         <object_component_ref idref="oc-13c"/>
      </symbol>
      <symbol id="sm-21a">
         <name>__muldi3</name>
         <value>0x21c5</value>
         <object_component_ref idref="oc-13c"/>
      </symbol>
      <symbol id="sm-221">
         <name>__aeabi_d2f</name>
         <value>0x1981</value>
         <object_component_ref idref="oc-9c"/>
      </symbol>
      <symbol id="sm-222">
         <name>__truncdfsf2</name>
         <value>0x1981</value>
         <object_component_ref idref="oc-9c"/>
      </symbol>
      <symbol id="sm-228">
         <name>__aeabi_dcmpeq</name>
         <value>0x1b99</value>
         <object_component_ref idref="oc-146"/>
      </symbol>
      <symbol id="sm-229">
         <name>__aeabi_dcmplt</name>
         <value>0x1bad</value>
         <object_component_ref idref="oc-146"/>
      </symbol>
      <symbol id="sm-22a">
         <name>__aeabi_dcmple</name>
         <value>0x1bc1</value>
         <object_component_ref idref="oc-146"/>
      </symbol>
      <symbol id="sm-22b">
         <name>__aeabi_dcmpge</name>
         <value>0x1bd5</value>
         <object_component_ref idref="oc-146"/>
      </symbol>
      <symbol id="sm-22c">
         <name>__aeabi_dcmpgt</name>
         <value>0x1be9</value>
         <object_component_ref idref="oc-146"/>
      </symbol>
      <symbol id="sm-232">
         <name>__aeabi_idiv</name>
         <value>0x1d69</value>
         <object_component_ref idref="oc-198"/>
      </symbol>
      <symbol id="sm-233">
         <name>__aeabi_idivmod</name>
         <value>0x1d69</value>
         <object_component_ref idref="oc-198"/>
      </symbol>
      <symbol id="sm-239">
         <name>__aeabi_memcpy</name>
         <value>0x2375</value>
         <object_component_ref idref="oc-3f"/>
      </symbol>
      <symbol id="sm-23a">
         <name>__aeabi_memcpy4</name>
         <value>0x2375</value>
         <object_component_ref idref="oc-3f"/>
      </symbol>
      <symbol id="sm-23b">
         <name>__aeabi_memcpy8</name>
         <value>0x2375</value>
         <object_component_ref idref="oc-3f"/>
      </symbol>
      <symbol id="sm-244">
         <name>__aeabi_memset</name>
         <value>0x2305</value>
         <object_component_ref idref="oc-127"/>
      </symbol>
      <symbol id="sm-245">
         <name>__aeabi_memset4</name>
         <value>0x2305</value>
         <object_component_ref idref="oc-127"/>
      </symbol>
      <symbol id="sm-246">
         <name>__aeabi_memset8</name>
         <value>0x2305</value>
         <object_component_ref idref="oc-127"/>
      </symbol>
      <symbol id="sm-247">
         <name>__aeabi_memclr</name>
         <value>0x2321</value>
         <object_component_ref idref="oc-5a"/>
      </symbol>
      <symbol id="sm-248">
         <name>__aeabi_memclr4</name>
         <value>0x2321</value>
         <object_component_ref idref="oc-5a"/>
      </symbol>
      <symbol id="sm-249">
         <name>__aeabi_memclr8</name>
         <value>0x2321</value>
         <object_component_ref idref="oc-5a"/>
      </symbol>
      <symbol id="sm-24f">
         <name>__aeabi_uidiv</name>
         <value>0x1f71</value>
         <object_component_ref idref="oc-86"/>
      </symbol>
      <symbol id="sm-250">
         <name>__aeabi_uidivmod</name>
         <value>0x1f71</value>
         <object_component_ref idref="oc-86"/>
      </symbol>
      <symbol id="sm-256">
         <name>__aeabi_uldivmod</name>
         <value>0x22a9</value>
         <object_component_ref idref="oc-141"/>
      </symbol>
      <symbol id="sm-25c">
         <name>__udivmoddi4</name>
         <value>0x1751</value>
         <object_component_ref idref="oc-15f"/>
      </symbol>
      <symbol id="sm-262">
         <name>__aeabi_llsl</name>
         <value>0x222d</value>
         <object_component_ref idref="oc-18c"/>
      </symbol>
      <symbol id="sm-263">
         <name>__ashldi3</name>
         <value>0x222d</value>
         <object_component_ref idref="oc-18c"/>
      </symbol>
      <symbol id="sm-271">
         <name>__ledf2</name>
         <value>0x1ac9</value>
         <object_component_ref idref="oc-17d"/>
      </symbol>
      <symbol id="sm-272">
         <name>__gedf2</name>
         <value>0x1909</value>
         <object_component_ref idref="oc-183"/>
      </symbol>
      <symbol id="sm-273">
         <name>__cmpdf2</name>
         <value>0x1ac9</value>
         <object_component_ref idref="oc-17d"/>
      </symbol>
      <symbol id="sm-274">
         <name>__eqdf2</name>
         <value>0x1ac9</value>
         <object_component_ref idref="oc-17d"/>
      </symbol>
      <symbol id="sm-275">
         <name>__ltdf2</name>
         <value>0x1ac9</value>
         <object_component_ref idref="oc-17d"/>
      </symbol>
      <symbol id="sm-276">
         <name>__nedf2</name>
         <value>0x1ac9</value>
         <object_component_ref idref="oc-17d"/>
      </symbol>
      <symbol id="sm-277">
         <name>__gtdf2</name>
         <value>0x1909</value>
         <object_component_ref idref="oc-183"/>
      </symbol>
      <symbol id="sm-283">
         <name>__aeabi_idiv0</name>
         <value>0x1b97</value>
         <object_component_ref idref="oc-d6"/>
      </symbol>
      <symbol id="sm-284">
         <name>__aeabi_ldiv0</name>
         <value>0x1ea7</value>
         <object_component_ref idref="oc-18b"/>
      </symbol>
      <symbol id="sm-29e">
         <name>memcpy</name>
         <value>0x17f3</value>
         <object_component_ref idref="oc-78"/>
      </symbol>
      <symbol id="sm-2ad">
         <name>memset</name>
         <value>0x1bfb</value>
         <object_component_ref idref="oc-c9"/>
      </symbol>
      <symbol id="sm-2ae">
         <name>__TI_static_base__</name>
         <value>0x0</value>
      </symbol>
      <symbol id="sm-2b2">
         <name>__mpu_init</name>
         <value>0x0</value>
      </symbol>
      <symbol id="sm-2b3">
         <name>_system_post_cinit</name>
         <value>0x0</value>
      </symbol>
   </symbol_table>
   <title>Link successful</title>
</link_info>
