<html>
<body>
<pre>
<h1>µVision Build Log</h1>
<h2>Tool Versions:</h2>
IDE-Version: µVision V5.39.0.0
Copyright (C) 2023 ARM Ltd and ARM Germany GmbH. All rights reserved.
License Information: 11 abc, 1, LIC=----
 
Tool Versions:
Toolchain:       MDK-Lite  Version: 5.39.0.0
Toolchain Path:  D:\Keil_v5\ARM\ARMCLANG\Bin
C Compiler:      ArmClang.exe V6.21
Assembler:       Armasm.exe V6.21
Linker/Locator:  ArmLink.exe V6.21
Library Manager: ArmAr.exe V6.21
Hex Converter:   FromElf.exe V6.21
CPU DLL:         SARMCM3.DLL V5.39.0.0
Dialog DLL:      DARMCM1.DLL V1.19.6.0
Target DLL:      UL2CM3.DLL V1.164.9.0
Dialog DLL:      TARMCM1.DLL V1.14.6.0
 
<h2>Project:</h2>
D:\ti\mspm0_sdk_2_02_00_05\10_I2C\keil\MPU6050_I2C.uvprojx
Project File Date:  11/26/2024

<h2>Output:</h2>
*** Using Compiler 'V6.21', folder: 'D:\Keil_v5\ARM\ARMCLANG\Bin'
Rebuild target 'MSPM0G3507_Project'
Before Build - User command #1: cmd.exe /C "D:\ti\mspm0_sdk_2_02_00_05\10_I2C\keil\../../tools/keil/syscfg.bat 'D:\ti\mspm0_sdk_2_02_00_05\10_I2C\keil\' empty.syscfg"
Using Sysconfig Tool from "D:\ti\sysconfig_1.21.1\sysconfig_cli.bat"
"Update the file located at <sdk path>/tools/keil/syscfg.bat to use a different version"
Running script...
Validating...
Generating Code (empty.syscfg)...
Unchanged D:\ti\mspm0_sdk_2_02_00_05\10_I2C\ti_msp_dl_config.c...
Unchanged D:\ti\mspm0_sdk_2_02_00_05\10_I2C\ti_msp_dl_config.h...
Unchanged D:\ti\mspm0_sdk_2_02_00_05\10_I2C\Event.dot...
compiling dl_aesadv.c...
compiling dl_common.c...
compiling dl_adc12.c...
compiling dl_aes.c...
assembling startup_mspm0g350x_uvision.s...
compiling ti_msp_dl_config.c...
compiling empty.c...
compiling board.c...
compiling bsp_mpu6050.c...
compiling inv_mpu_dmp_motion_driver.c...
compiling dl_crcp.c...
compiling inv_mpu.c...
compiling dl_crc.c...
compiling dl_dac12.c...
compiling dl_dma.c...
compiling dl_lcd.c...
compiling dl_keystorectl.c...
compiling dl_i2c.c...
compiling dl_lfss.c...
compiling dl_mathacl.c...
compiling dl_flashctl.c...
compiling dl_opa.c...
compiling dl_rtc_common.c...
compiling dl_spi.c...
compiling dl_trng.c...
compiling dl_vref.c...
compiling dl_timer.c...
compiling dl_mcan.c...
compiling dl_uart.c...
linking...
Program Size: Code=17960 RO-data=4008 RW-data=56 ZI-data=592  
FromELF: creating hex file...
".\Objects\MPU6050_I2C.axf" - 0 Error(s), 0 Warning(s).

<h2>Software Packages used:</h2>

Package Vendor: TexasInstruments
                https://software-dl.ti.com/msp430/esd/MSPM0-CMSIS/MSPM0G1X0X_G3X0X/latest/exports/TexasInstruments.MSPM0G1X0X_G3X0X_DFP.1.3.1.pack
                TexasInstruments::MSPM0G1X0X_G3X0X_DFP@1.3.1
                Device Family Pack for Texas Instruments MSPM0G1X0X_G3X0X Series

<h2>Collection of Component include folders:</h2>

<h2>Collection of Component Files used:</h2>
Build Time Elapsed:  00:00:05
</pre>
</body>
</html>
