******************************************************************************
            TI ARM Clang Linker PC v4.0.0                      
******************************************************************************
>> Linked Wed Dec  4 21:45:14 2024

OUTPUT FILE NAME:   <10_i2c.out>
ENTRY POINT SYMBOL: "_c_int00_noargs"  address: 000053fd


MEMORY CONFIGURATION

         name            origin    length      used     unused   attr    fill
----------------------  --------  ---------  --------  --------  ----  --------
  FLASH                 00000000   00020000  00006670  00019990  R  X
  SRAM                  20200000   00008000  00000ecd  00007133  RW X
  BCR_CONFIG            41c00000   00000080  00000000  00000080  R   
  BSL_CONFIG            41c00100   00000080  00000000  00000080  R   


SEGMENT ALLOCATION MAP

run origin  load origin   length   init length attrs members
----------  ----------- ---------- ----------- ----- -------
00000000    00000000    00006670   00006670    r-x
  00000000    00000000    000000c0   000000c0    r-- .intvecs
  000000c0    000000c0    00005610   00005610    r-x .text
  000056d0    000056d0    00000f00   00000f00    r-- .rodata
  000065d0    000065d0    000000a0   000000a0    r-- .cinit
20200000    20200000    00000cd0   00000000    rw-
  20200000    20200000    00000800   00000000    rw- .sysmem
  20200800    20200800    0000029d   00000000    rw- .data
  20200aa0    20200aa0    00000230   00000000    rw- .bss
20207e00    20207e00    00000200   00000000    rw-
  20207e00    20207e00    00000200   00000000    rw- .stack


SECTION ALLOCATION MAP

 output                                  attributes/
section   page    origin      length       input sections
--------  ----  ----------  ----------   ----------------
.intvecs   0    00000000    000000c0     
                  00000000    000000c0     startup_mspm0g350x_ticlang.o (.intvecs)

.text      0    000000c0    00005610     
                  000000c0    00000918     bsp_mpu6050.o (.text.MPU6050_ReadData)
                  000009d8    00000868     libc.a : _printfi.c.obj (.text:__TI_printfi_nofloat)
                  00001240    00000628     bsp_mpu6050.o (.text.MPU6050_WriteReg)
                  00001868    00000364     libc.a : e_asin.c.obj (.text.asin)
                  00001bcc    000002f8            : s_atan.c.obj (.text.atan)
                  00001ec4    000002b0     inv_mpu_dmp_motion_driver.o (.text.dmp_enable_feature)
                  00002174    000001e8     inv_mpu.o (.text.mpu_lp_accel_mode)
                  0000235c    000001c8     inv_mpu.o (.text.mpu_dmp_get_data)
                  00002524    000001a8     inv_mpu_dmp_motion_driver.o (.text.dmp_read_fifo)
                  000026cc    00000192     libclang_rt.builtins.a : adddf3.S.obj (.text.adddf3_subdf3)
                  0000285e    00000002     startup_mspm0g350x_ticlang.o (.text.Default_Handler)
                  00002860    00000188     libc.a : e_atan2.c.obj (.text.atan2)
                  000029e8    00000170            : e_sqrt.c.obj (.text.sqrt)
                  00002b58    00000158     inv_mpu.o (.text.mpu_init)
                  00002cb0    00000150     inv_mpu.o (.text.mpu_reset_fifo)
                  00002e00    00000148     inv_mpu.o (.text.mpu_load_firmware)
                  00002f48    00000134     inv_mpu_dmp_motion_driver.o (.text.dmp_set_tap_thresh)
                  0000307c    00000130     bsp_mpu6050.o (.text.MPU6050_Init)
                  000031ac    00000114     libc.a : memory.c.obj (.text.aligned_alloc)
                  000032c0    0000010c     libclang_rt.builtins.a : divdf3.S.obj (.text.__divdf3)
                  000033cc    000000f8     libc.a : fputs.c.obj (.text.fputs)
                  000034c4    000000f8     inv_mpu.o (.text.mpu_set_bypass)
                  000035bc    000000ec     inv_mpu_dmp_motion_driver.o (.text.dmp_set_orientation)
                  000036a8    000000e8     libc.a : memory.c.obj (.text.free)
                  00003790    000000e8     inv_mpu.o (.text.mpu_dmp_init)
                  00003878    000000e4     libclang_rt.builtins.a : muldf3.S.obj (.text.__muldf3)
                  0000395c    000000e4     inv_mpu.o (.text.mpu_set_sample_rate)
                  00003a40    000000e0     libc.a : setvbuf.c.obj (.text.setvbuf)
                  00003b20    000000dc     inv_mpu.o (.text.mpu_set_sensors)
                  00003bfc    000000d8     libclang_rt.builtins.a : addsf3.S.obj (.text)
                  00003cd4    000000d0     inv_mpu.o (.text.mpu_set_dmp_state)
                  00003da4    000000c8     empty.o (.text.main)
                  00003e6c    000000bc     inv_mpu.o (.text.inv_orientation_matrix_to_scalar)
                  00003f28    000000ac     inv_mpu.o (.text.mpu_configure_fifo)
                  00003fd4    000000a4     inv_mpu.o (.text.mpu_read_fifo_stream)
                  00004078    000000a2     libclang_rt.builtins.a : udivmoddi4.S.obj (.text)
                  0000411a    0000009a     libc.a : memcpy16.S.obj (.text:memcpy)
                  000041b4    0000008c     libclang_rt.builtins.a : mulsf3.S.obj (.text.__mulsf3)
                  00004240    00000088     inv_mpu.o (.text.mpu_set_accel_fsr)
                  000042c8    00000008     libc.a : aeabi_portable.c.obj (.text.__aeabi_errno_addr)
                  000042d0    00000088            : strcmp-armv6m.S.obj (.text:strcmp)
                  00004358    00000082     libclang_rt.builtins.a : divsf3.S.obj (.text.__divsf3)
                  000043da    00000002                            : aeabi_div0.c.obj (.text.__aeabi_idiv0)
                  000043dc    0000007c     libc.a : fclose.c.obj (.text.__TI_closefile)
                  00004458    0000007c            : copy_decompress_lzss.c.obj (.text:decompress:lzss)
                  000044d4    00000074     libclang_rt.builtins.a : comparedf2.c.obj (.text.__gedf2)
                  00004548    00000008                            : aeabi_memcpy.S.obj (.text.__aeabi_memcpy)
                  00004550    00000074                            : truncdfsf2.S.obj (.text.__truncdfsf2)
                  000045c4    00000074     inv_mpu.o (.text.mpu_set_lpf)
                  00004638    0000006c     libsysbm.a : hostlseek.c.obj (.text.HOSTlseek)
                  000046a4    0000006c                : hostrename.c.obj (.text.HOSTrename)
                  00004710    0000006c     ti_msp_dl_config.o (.text.SYSCFG_DL_GPIO_init)
                  0000477c    0000006c     ti_msp_dl_config.o (.text.SYSCFG_DL_UART_0_init)
                  000047e8    0000006c     libc.a : fseek.c.obj (.text.fseeko)
                  00004854    0000006c            : getdevice.c.obj (.text.getdevice)
                  000048c0    0000006c     inv_mpu.o (.text.mpu_write_mem)
                  0000492c    00000068     libclang_rt.builtins.a : comparedf2.c.obj (.text.__ledf2)
                  00004994    00000068     inv_mpu_dmp_motion_driver.o (.text.dmp_set_fifo_rate)
                  000049fc    00000064     libc.a : _io_perm.c.obj (.text.__TI_wrt_ok)
                  00004a60    00000064            : memory.c.obj (.text.split)
                  00004ac4    00000062     libclang_rt.builtins.a : aeabi_dcmp.S.obj (.text.__aeabi_dcmp)
                  00004b26    00000062     libc.a : memset16.S.obj (.text:memset)
                  00004b88    00000060     libsysbm.a : hostopen.c.obj (.text.HOSTopen)
                  00004be8    0000005c     board.o (.text.UART0_IRQHandler)
                  00004c44    0000005c     libc.a : printf.c.obj (.text.printf)
                  00004ca0    00000058     libsysbm.a : hostread.c.obj (.text.HOSTread)
                  00004cf8    00000058                : hostwrite.c.obj (.text.HOSTwrite)
                  00004d50    00000052     libc.a : fflush.c.obj (.text.__TI_doflush)
                  00004da2    00000002     libclang_rt.builtins.a : aeabi_div0.c.obj (.text.__aeabi_ldiv0)
                  00004da4    00000050     libsysbm.a : close.c.obj (.text.close)
                  00004df4    00000048     driverlib.a : dl_uart.o (.text.DL_UART_init)
                  00004e3c    00000048     libsysbm.a : hostclose.c.obj (.text.HOSTclose)
                  00004e84    00000048                : hostunlink.c.obj (.text.HOSTunlink)
                  00004ecc    00000040     libclang_rt.builtins.a : aeabi_uidivmod.S.obj (.text.__aeabi_uidivmod)
                  00004f0c    00000040                            : extendsfdf2.S.obj (.text.__extendsfdf2)
                  00004f4c    00000040     libc.a : atoi.c.obj (.text.atoi)
                  00004f8c    00000040     board.o (.text.delay_ms)
                  00004fcc    0000003c     ti_msp_dl_config.o (.text.SYSCFG_DL_SYSCTL_init)
                  00005008    0000003c     libclang_rt.builtins.a : floatsisf.S.obj (.text.__floatsisf)
                  00005044    0000003c     board.o (.text.delay_us)
                  00005080    0000003c     libc.a : autoinit.c.obj (.text:__TI_auto_init_nobinit_nopinit)
                  000050bc    0000003a     libclang_rt.builtins.a : muldsi3.S.obj (.text.__muldsi3)
                  000050f6    00000002     libc.a : _lock.c.obj (.text._nop)
                  000050f8    00000038     libclang_rt.builtins.a : fixsfsi.S.obj (.text.__fixsfsi)
                  00005130    00000038     libc.a : sprintf.c.obj (.text.sprintf)
                  00005168    00000034     ti_msp_dl_config.o (.text.SYSCFG_DL_initPower)
                  0000519c    00000034     libc.a : fopen.c.obj (.text.__TI_cleanup)
                  000051d0    00000034     libsysbm.a : trgmsg.c.obj (.text.__TI_readmsg)
                  00005204    00000034                : trgmsg.c.obj (.text.__TI_writemsg)
                  00005238    00000034     libc.a : exit.c.obj (.text.exit)
                  0000526c    00000034            : getdevice.c.obj (.text.finddevice)
                  000052a0    00000034     inv_mpu.o (.text.mpu_get_accel_fsr)
                  000052d4    00000034     board.o (.text.uart0_send_string)
                  00005308    0000002c     libsysbm.a : unlink.c.obj (.text.unlink)
                  00005334    00000028     libclang_rt.builtins.a : floatunsisf.S.obj (.text.__floatunsisf)
                  0000535c    00000028     board.o (.text.board_init)
                  00005384    00000028     libc.a : memory.c.obj (.text.free_list_insert)
                  000053ac    00000028     libsysbm.a : lseek.c.obj (.text.lseek)
                  000053d4    00000028                : write.c.obj (.text.write)
                  000053fc    00000028     libc.a : boot_cortex_m.c.obj (.text:_c_int00_noargs)
                  00005424    00000024     libclang_rt.builtins.a : muldi3.S.obj (.text.__muldi3)
                  00005448    00000024     libc.a : fputs.c.obj (.text.puts)
                  0000546c    00000022            : memccpy.c.obj (.text.memccpy)
                  0000548e    00000002     inv_mpu.o (.text.mget_ms)
                  00005490    00000020     board.o (.text.fputc)
                  000054b0    0000001e     libclang_rt.builtins.a : ashldi3.S.obj (.text.__ashldi3)
                  000054ce    00000002     --HOLE-- [fill = 0]
                  000054d0    0000001c     ti_msp_dl_config.o (.text.SYSCFG_DL_SYSTICK_init)
                  000054ec    0000001c     inv_mpu_dmp_motion_driver.o (.text.dmp_load_motion_driver_firmware)
                  00005508    0000001c     libc.a : memory.c.obj (.text.free_list_remove)
                  00005524    00000018     ti_msp_dl_config.o (.text.SYSCFG_DL_init)
                  0000553c    00000018     libc.a : sprintf.c.obj (.text._outs)
                  00005554    00000016            : copy_zero_init.c.obj (.text:decompress:ZI:__TI_zero_init_nomemset)
                  0000556a    00000002     --HOLE-- [fill = 0]
                  0000556c    00000014     libclang_rt.builtins.a : aeabi_uldivmod.S.obj (.text.__aeabi_uldivmod)
                  00005580    00000012     driverlib.a : dl_uart.o (.text.DL_UART_setClockConfig)
                  00005592    00000012     libc.a : copy_decompress_none.c.obj (.text:decompress:none)
                  000055a4    00000010            : wcslen.c.obj (.text.wcslen)
                  000055b4    0000000e            : memory.c.obj (.text.OUTLINED_FUNCTION_0)
                  000055c2    00000002     --HOLE-- [fill = 0]
                  000055c4    0000000e     libclang_rt.builtins.a : aeabi_memset.S.obj (.text.__aeabi_memset)
                  000055d2    0000000e     libsysbm.a : hostrename.c.obj (.text.strcpy)
                  000055e0    0000000e     libc.a : _printfi.c.obj (.text.strlen)
                  000055ee    0000000e     libsysbm.a : hostrename.c.obj (.text.strlen)
                  000055fc    0000000c     libclang_rt.builtins.a : aeabi_memset.S.obj (.text.__aeabi_memclr)
                  00005608    0000000c     libc.a : memory.c.obj (.text.malloc)
                  00005614    0000000a     driverlib.a : dl_common.o (.text.DL_Common_delayCycles)
                  0000561e    0000000a     libc.a : e_asin.c.obj (.text.OUTLINED_FUNCTION_0)
                  00005628    00000010     libclang_rt.builtins.a : muldf3.S.obj (.tramp.__aeabi_dmul.1)
                  00005638    0000000a     libc.a : s_atan.c.obj (.text.OUTLINED_FUNCTION_0)
                  00005642    0000000a            : e_asin.c.obj (.text.OUTLINED_FUNCTION_1)
                  0000564c    0000000a            : e_asin.c.obj (.text.OUTLINED_FUNCTION_3)
                  00005656    00000002     --HOLE-- [fill = 0]
                  00005658    00000010     libclang_rt.builtins.a : divdf3.S.obj (.tramp.__aeabi_ddiv.1)
                  00005668    0000000a     libc.a : sprintf.c.obj (.text._outc)
                  00005672    00000008            : s_atan.c.obj (.text.OUTLINED_FUNCTION_2)
                  0000567a    00000008            : printf.c.obj (.text._outc)
                  00005682    00000008            : printf.c.obj (.text._outs)
                  0000568a    00000008            : fseek.c.obj (.text.fseek)
                  00005692    00000008     libsysbm.a : remove.c.obj (.text.remove)
                  0000569a    00000006     libc.a : s_atan.c.obj (.text.OUTLINED_FUNCTION_1)
                  000056a0    00000010     libclang_rt.builtins.a : adddf3.S.obj (.tramp.__aeabi_dadd.1)
                  000056b0    00000006     libc.a : e_asin.c.obj (.text.OUTLINED_FUNCTION_2)
                  000056b6    00000004            : e_asin.c.obj (.text.OUTLINED_FUNCTION_4)
                  000056ba    00000004     startup_mspm0g350x_ticlang.o (.text.Reset_Handler)
                  000056be    00000004     libc.a : pre_init.c.obj (.text._system_pre_init)
                  000056c2    00000004            : exit.c.obj (.text:abort)
                  000056c6    0000000a     --HOLE-- [fill = 0]

.cinit     0    000065d0    000000a0     
                  000065d0    00000077     (.cinit..data.load) [load image, compression = lzss]
                  00006647    00000001     --HOLE-- [fill = 0]
                  00006648    0000000c     (__TI_handler_table)
                  00006654    00000008     (.cinit..bss.load) [load image, compression = zero_init]
                  0000665c    00000010     (__TI_cinit_table)
                  0000666c    00000004     --HOLE-- [fill = 0]

.rodata    0    000056d0    00000f00     
                  000056d0    00000bf6     inv_mpu_dmp_motion_driver.o (.rodata.dmp_memory)
                  000062c6    0000000a     ti_msp_dl_config.o (.rodata.gUART_0Config)
                  000062d0    00000101     libc.a : aeabi_ctype.S.obj (.rodata:__aeabi_ctype_table_)
                  000063d1    0000004c     inv_mpu.o (.rodata.str1.177817754687677953541)
                  0000641d    00000003     inv_mpu_dmp_motion_driver.o (.rodata..L__const.dmp_set_orientation.accel_axes)
                  00006420    00000040     libc.a : s_atan.c.obj (.rodata.cst32)
                  00006460    00000028     inv_mpu.o (.rodata.test)
                  00006488    00000026     inv_mpu.o (.rodata.str1.30143767830512207161)
                  000064ae    00000021     empty.o (.rodata.str1.142855731982211788051)
                  000064cf    0000001e     empty.o (.rodata.str1.145270063754017337161)
                  000064ed    0000001e     board.o (.rodata.str1.148837039339482489191)
                  0000650b    0000001d     inv_mpu.o (.rodata.str1.80458029598727363861)
                  00006528    0000001b     inv_mpu.o (.rodata.reg)
                  00006543    00000018     bsp_mpu6050.o (.rodata.str1.125167883331861314581)
                  0000655b    00000012     bsp_mpu6050.o (.rodata.str1.147426034021290308481)
                  0000656d    00000011     libc.a : _printfi.c.obj (.rodata.str1.103488685894817597201)
                  0000657e    00000011            : _printfi.c.obj (.rodata.str1.153638888446227384661)
                  0000658f    00000010     empty.o (.rodata.str1.86987912379588194991)
                  0000659f    00000001     --HOLE-- [fill = 0]
                  000065a0    0000000c     inv_mpu.o (.rodata.hw)
                  000065ac    0000000b     empty.o (.rodata.str1.17018975811555758931)
                  000065b7    00000009     bsp_mpu6050.o (.rodata.str1.14131395929503073631)
                  000065c0    00000007     empty.o (.rodata.str1.115469792269033204851)
                  000065c7    00000003     inv_mpu_dmp_motion_driver.o (.rodata..L__const.dmp_set_orientation.gyro_axes)
                  000065ca    00000002     ti_msp_dl_config.o (.rodata.gUART_0ClockConfig)
                  000065cc    00000002     libc.a : fputs.c.obj (.rodata.str1.166077212684151853901)
                  000065ce    00000002     --HOLE-- [fill = 0]

.init_array 
*          0    00000000    00000000     UNINITIALIZED

.binit     0    00000000    00000000     

.sysmem    0    20200000    00000800     UNINITIALIZED
                  20200000    00000010     libc.a : memory.c.obj (.sysmem)
                  20200010    000007f0     --HOLE--

.data      0    20200800    0000029d     UNINITIALIZED
                  20200800    000000f0     libc.a : defs.c.obj (.data._ftable)
                  202008f0    00000080     board.o (.data.recv0_buff)
                  20200970    00000078     libsysbm.a : host_device.c.obj (.data._device)
                  202009e8    00000050                : host_device.c.obj (.data._stream)
                  20200a38    0000002c     inv_mpu.o (.data.st)
                  20200a64    00000009     inv_mpu.o (.data.gyro_orientation)
                  20200a6d    00000001     board.o (.data.recv0_flag)
                  20200a6e    00000002     board.o (.data.recv0_length)
                  20200a70    00000008     libc.a : exit.c.obj (.data..L_MergedGlobals)
                  20200a78    00000004            : defs.c.obj (.data.__TI_ft_end)
                  20200a7c    00000004            : aeabi_portable.c.obj (.data.__aeabi_errno)
                  20200a80    00000004            : _lock.c.obj (.data._lock)
                  20200a84    00000004            : _lock.c.obj (.data._unlock)
                  20200a88    00000004     inv_mpu_dmp_motion_driver.o (.data.dmp.0)
                  20200a8c    00000004     inv_mpu_dmp_motion_driver.o (.data.dmp.1)
                  20200a90    00000002     inv_mpu_dmp_motion_driver.o (.data.dmp.2)
                  20200a92    00000001     inv_mpu_dmp_motion_driver.o (.data.dmp.5)
                  20200a93    00000001     --HOLE--
                  20200a94    00000002     inv_mpu_dmp_motion_driver.o (.data.dmp.3)
                  20200a96    00000002     --HOLE--
                  20200a98    00000002     inv_mpu_dmp_motion_driver.o (.data.dmp.4)
                  20200a9a    00000002     --HOLE--
                  20200a9c    00000001     libc.a : memory.c.obj (.data.memory_is_initialized)

.bss       0    20200aa0    00000230     UNINITIALIZED
                  20200aa0    00000120     libsysbm.a : trgmsg.c.obj (.bss:_CIOBUF_)
                  20200bc0    000000a0     libc.a : defs.c.obj (.bss.__TI_tmpnams)
                  20200c60    00000064     (.common:buf)
                  20200cc4    00000008     libsysbm.a : hostopen.c.obj (.bss.parmbuf)
                  20200ccc    00000004     libc.a : memory.c.obj (.bss.sys_free)

.stack     0    20207e00    00000200     UNINITIALIZED
                  20207e00    00000004     libc.a : boot_cortex_m.c.obj (.stack)
                  20207e04    000001fc     --HOLE--

__llvm_prf_cnts 
*          0    20200000    00000000     UNINITIALIZED

__llvm_prf_bits 
*          0    20200000    00000000     UNINITIALIZED

MODULE SUMMARY

       Module                         code    ro data   rw data
       ------                         ----    -------   -------
    .\
       board.o                        340     30        131    
       empty.o                        200     97        100    
       ti_msp_dl_config.o             380     12        0      
       startup_mspm0g350x_ticlang.o   6       192       0      
    +--+------------------------------+-------+---------+---------+
       Total:                         926     331       231    
                                                               
    .\BSP\
       bsp_mpu6050.o                  4208    51        0      
    +--+------------------------------+-------+---------+---------+
       Total:                         4208    51        0      
                                                               
    .\BSP\eMPL\
       inv_mpu_dmp_motion_driver.o    1788    3068      15     
       inv_mpu.o                      4026    222       53     
    +--+------------------------------+-------+---------+---------+
       Total:                         5814    3290      68     
                                                               
    D:/ti/mspm0_sdk_2_03_00_07/source/ti/driverlib/lib/ticlang/m0p/mspm0g1x0x_g3x0x/driverlib.a
       dl_uart.o                      90      0         0      
       dl_common.o                    10      0         0      
    +--+------------------------------+-------+---------+---------+
       Total:                         100     0         0      
                                                               
    D:\ti\ccstheia151\ccs\tools\compiler\ti-cgt-armllvm_4.0.0.LTS\lib\armv6m-ti-none-eabi/c/libc.a
       _printfi.c.obj                 2166    34        0      
       e_asin.c.obj                   908     0         0      
       s_atan.c.obj                   784     64        0      
       memory.c.obj                   702     0         5      
       defs.c.obj                     0       0         404    
       e_atan2.c.obj                  392     0         0      
       e_sqrt.c.obj                   368     0         0      
       fputs.c.obj                    284     2         0      
       aeabi_ctype.S.obj              0       257       0      
       setvbuf.c.obj                  224     0         0      
       getdevice.c.obj                160     0         0      
       memcpy16.S.obj                 154     0         0      
       strcmp-armv6m.S.obj            136     0         0      
       copy_decompress_lzss.c.obj     124     0         0      
       fclose.c.obj                   124     0         0      
       fseek.c.obj                    116     0         0      
       printf.c.obj                   108     0         0      
       _io_perm.c.obj                 100     0         0      
       memset16.S.obj                 98      0         0      
       sprintf.c.obj                  90      0         0      
       fflush.c.obj                   82      0         0      
       atoi.c.obj                     64      0         0      
       exit.c.obj                     56      0         8      
       autoinit.c.obj                 60      0         0      
       fopen.c.obj                    52      0         0      
       boot_cortex_m.c.obj            40      0         0      
       memccpy.c.obj                  34      0         0      
       copy_zero_init.c.obj           22      0         0      
       copy_decompress_none.c.obj     18      0         0      
       wcslen.c.obj                   16      0         0      
       aeabi_portable.c.obj           8       0         4      
       _lock.c.obj                    2       0         8      
       pre_init.c.obj                 4       0         0      
    +--+------------------------------+-------+---------+---------+
       Total:                         7496    357       429    
                                                               
    D:\ti\ccstheia151\ccs\tools\compiler\ti-cgt-armllvm_4.0.0.LTS\lib\armv6m-ti-none-eabi/c/libsysbm.a
       trgmsg.c.obj                   104     0         288    
       host_device.c.obj              0       0         200    
       hostrename.c.obj               136     0         0      
       hostlseek.c.obj                108     0         0      
       hostopen.c.obj                 96      0         8      
       hostread.c.obj                 88      0         0      
       hostwrite.c.obj                88      0         0      
       close.c.obj                    80      0         0      
       hostclose.c.obj                72      0         0      
       hostunlink.c.obj               72      0         0      
       unlink.c.obj                   44      0         0      
       lseek.c.obj                    40      0         0      
       write.c.obj                    40      0         0      
       remove.c.obj                   8       0         0      
    +--+------------------------------+-------+---------+---------+
       Total:                         976     0         496    
                                                               
    D:\ti\ccstheia151\ccs\tools\compiler\ti-cgt-armllvm_4.0.0.LTS\lib\armv6m-ti-none-eabi/libclang_rt.builtins.a
       adddf3.S.obj                   418     0         0      
       divdf3.S.obj                   284     0         0      
       muldf3.S.obj                   244     0         0      
       comparedf2.c.obj               220     0         0      
       addsf3.S.obj                   216     0         0      
       udivmoddi4.S.obj               162     0         0      
       mulsf3.S.obj                   140     0         0      
       divsf3.S.obj                   130     0         0      
       truncdfsf2.S.obj               116     0         0      
       aeabi_dcmp.S.obj               98      0         0      
       aeabi_uidivmod.S.obj           64      0         0      
       extendsfdf2.S.obj              64      0         0      
       floatsisf.S.obj                60      0         0      
       muldsi3.S.obj                  58      0         0      
       fixsfsi.S.obj                  56      0         0      
       floatunsisf.S.obj              40      0         0      
       muldi3.S.obj                   36      0         0      
       ashldi3.S.obj                  30      0         0      
       aeabi_memset.S.obj             26      0         0      
       aeabi_uldivmod.S.obj           20      0         0      
       aeabi_memcpy.S.obj             8       0         0      
       aeabi_div0.c.obj               4       0         0      
    +--+------------------------------+-------+---------+---------+
       Total:                         2494    0         0      
                                                               
       Heap:                          0       0         2048   
       Stack:                         0       0         512    
       Linker Generated:              0       155       0      
    +--+------------------------------+-------+---------+---------+
       Grand Total:                   22014   4184      3784   


LINKER GENERATED COPY TABLES

__TI_cinit_table @ 0000665c records: 2, size/record: 8, table size: 16
	.data: load addr=000065d0, load size=00000077 bytes, run addr=20200800, run size=0000029d bytes, compression=lzss
	.bss: load addr=00006654, load size=00000008 bytes, run addr=20200aa0, run size=00000230 bytes, compression=zero_init


LINKER GENERATED HANDLER TABLE

__TI_handler_table @ 00006648 records: 3, size/record: 4, table size: 12
	index: 0, handler: __TI_decompress_lzss
	index: 1, handler: __TI_decompress_none
	index: 2, handler: __TI_zero_init


FAR CALL TRAMPOLINES

callee name               trampoline name
   callee addr  tramp addr   call addr  call info
--------------  -----------  ---------  ----------------
__aeabi_dmul              $Tramp$TT$L$PI$$__aeabi_dmul
   00003879     00005628     00005626   libc.a : e_asin.c.obj (.text.OUTLINED_FUNCTION_0)
                             00005640          : s_atan.c.obj (.text.OUTLINED_FUNCTION_0)
                             0000564a          : e_asin.c.obj (.text.OUTLINED_FUNCTION_1)
                             00005678          : s_atan.c.obj (.text.OUTLINED_FUNCTION_2)
                             000056b4          : e_asin.c.obj (.text.OUTLINED_FUNCTION_2)
__aeabi_ddiv              $Tramp$TT$L$PI$$__aeabi_ddiv
   000032c1     00005658     00005654   libc.a : e_asin.c.obj (.text.OUTLINED_FUNCTION_3)
__aeabi_dadd              $Tramp$TT$L$PI$$__aeabi_dadd
   000026d7     000056a0     0000569e   libc.a : s_atan.c.obj (.text.OUTLINED_FUNCTION_1)
                             000056b8          : e_asin.c.obj (.text.OUTLINED_FUNCTION_4)

[3 trampolines]
[8 trampoline calls]


GLOBAL SYMBOLS: SORTED ALPHABETICALLY BY Name 

address   name                            
-------   ----                            
0000285f  ADC0_IRQHandler                 
0000285f  ADC1_IRQHandler                 
0000285f  AES_IRQHandler                  
000056c2  C$$EXIT                         
00005231  C$$IO$$                         
0000285f  CANFD0_IRQHandler               
0000285f  DAC0_IRQHandler                 
00005615  DL_Common_delayCycles           
00004df5  DL_UART_init                    
00005581  DL_UART_setClockConfig          
0000285f  DMA_IRQHandler                  
0000285f  Default_Handler                 
0000285f  GROUP0_IRQHandler               
0000285f  GROUP1_IRQHandler               
00004e3d  HOSTclose                       
00004639  HOSTlseek                       
00004b89  HOSTopen                        
00004ca1  HOSTread                        
000046a5  HOSTrename                      
00004e85  HOSTunlink                      
00004cf9  HOSTwrite                       
0000285f  HardFault_Handler               
0000285f  I2C0_IRQHandler                 
0000285f  I2C1_IRQHandler                 
0000307d  MPU6050_Init                    
000000c1  MPU6050_ReadData                
00001241  MPU6050_WriteReg                
0000285f  NMI_Handler                     
0000285f  PendSV_Handler                  
0000285f  RTC_IRQHandler                  
000056bb  Reset_Handler                   
0000285f  SPI0_IRQHandler                 
0000285f  SPI1_IRQHandler                 
0000285f  SVC_Handler                     
00004711  SYSCFG_DL_GPIO_init             
00004fcd  SYSCFG_DL_SYSCTL_init           
000054d1  SYSCFG_DL_SYSTICK_init          
0000477d  SYSCFG_DL_UART_0_init           
00005525  SYSCFG_DL_init                  
00005169  SYSCFG_DL_initPower             
0000285f  SysTick_Handler                 
0000285f  TIMA0_IRQHandler                
0000285f  TIMA1_IRQHandler                
0000285f  TIMG0_IRQHandler                
0000285f  TIMG12_IRQHandler               
0000285f  TIMG6_IRQHandler                
0000285f  TIMG7_IRQHandler                
0000285f  TIMG8_IRQHandler                
00004be9  UART0_IRQHandler                
0000285f  UART1_IRQHandler                
0000285f  UART2_IRQHandler                
0000285f  UART3_IRQHandler                
20200aa0  _CIOBUF_                        
20200aa0  __CIOBUF_                       
20208000  __STACK_END                     
00000200  __STACK_SIZE                    
00000800  __SYSMEM_SIZE                   
00000000  __TI_ATRegion0_region_sz        
00000000  __TI_ATRegion0_src_addr         
00000000  __TI_ATRegion0_trg_addr         
00000000  __TI_ATRegion1_region_sz        
00000000  __TI_ATRegion1_src_addr         
00000000  __TI_ATRegion1_trg_addr         
00000000  __TI_ATRegion2_region_sz        
00000000  __TI_ATRegion2_src_addr         
00000000  __TI_ATRegion2_trg_addr         
0000665c  __TI_CINIT_Base                 
0000666c  __TI_CINIT_Limit                
0000666c  __TI_CINIT_Warm                 
00006648  __TI_Handler_Table_Base         
00006654  __TI_Handler_Table_Limit        
00005081  __TI_auto_init_nobinit_nopinit  
0000519d  __TI_cleanup                    
20200a70  __TI_cleanup_ptr                
000043dd  __TI_closefile                  
00004459  __TI_decompress_lzss            
00005593  __TI_decompress_none            
00004d51  __TI_doflush                    
20200a74  __TI_dtors_ptr                  
20200a78  __TI_ft_end                     
ffffffff  __TI_pprof_out_hndl             
000009d9  __TI_printfi_nofloat            
ffffffff  __TI_prof_data_size             
ffffffff  __TI_prof_data_start            
000051d1  __TI_readmsg                    
00000000  __TI_static_base__              
20200bc0  __TI_tmpnams                    
00005205  __TI_writemsg                   
000049fd  __TI_wrt_ok                     
00005555  __TI_zero_init_nomemset         
000026d7  __adddf3                        
00003c07  __addsf3                        
000062d0  __aeabi_ctype_table_            
000062d0  __aeabi_ctype_table_C           
00004551  __aeabi_d2f                     
000026d7  __aeabi_dadd                    
00004ac5  __aeabi_dcmpeq                  
00004b01  __aeabi_dcmpge                  
00004b15  __aeabi_dcmpgt                  
00004aed  __aeabi_dcmple                  
00004ad9  __aeabi_dcmplt                  
000032c1  __aeabi_ddiv                    
00003879  __aeabi_dmul                    
000026cd  __aeabi_dsub                    
20200a7c  __aeabi_errno                   
000042c9  __aeabi_errno_addr              
00004f0d  __aeabi_f2d                     
000050f9  __aeabi_f2iz                    
00003c07  __aeabi_fadd                    
00004359  __aeabi_fdiv                    
000041b5  __aeabi_fmul                    
00003bfd  __aeabi_fsub                    
00005009  __aeabi_i2f                     
000043db  __aeabi_idiv0                   
00004da3  __aeabi_ldiv0                   
000054b1  __aeabi_llsl                    
00005425  __aeabi_lmul                    
000055fd  __aeabi_memclr                  
000055fd  __aeabi_memclr4                 
000055fd  __aeabi_memclr8                 
00004549  __aeabi_memcpy                  
00004549  __aeabi_memcpy4                 
00004549  __aeabi_memcpy8                 
000055c5  __aeabi_memset                  
000055c5  __aeabi_memset4                 
000055c5  __aeabi_memset8                 
00005335  __aeabi_ui2f                    
00004ecd  __aeabi_uidiv                   
00004ecd  __aeabi_uidivmod                
0000556d  __aeabi_uldivmod                
000054b1  __ashldi3                       
ffffffff  __binit__                       
0000492d  __cmpdf2                        
000032c1  __divdf3                        
00004359  __divsf3                        
0000492d  __eqdf2                         
00004f0d  __extendsfdf2                   
000050f9  __fixsfsi                       
00005009  __floatsisf                     
00005335  __floatunsisf                   
000044d5  __gedf2                         
000044d5  __gtdf2                         
0000492d  __ledf2                         
0000492d  __ltdf2                         
UNDEFED   __mpu_init                      
00003879  __muldf3                        
00005425  __muldi3                        
000050bd  __muldsi3                       
000041b5  __mulsf3                        
0000492d  __nedf2                         
20207e00  __stack                         
20200000  __start___llvm_prf_bits         
20200000  __start___llvm_prf_cnts         
20200000  __stop___llvm_prf_bits          
20200000  __stop___llvm_prf_cnts          
000026cd  __subdf3                        
00003bfd  __subsf3                        
00004551  __truncdfsf2                    
00004079  __udivmoddi4                    
000053fd  _c_int00_noargs                 
20200970  _device                         
20200800  _ftable                         
20200a80  _lock                           
000050f7  _nop                            
202009e8  _stream                         
20200000  _sys_memory                     
UNDEFED   _system_post_cinit              
000056bf  _system_pre_init                
20200a84  _unlock                         
000056c3  abort                           
000031ad  aligned_alloc                   
00001869  asin                            
00001869  asinl                           
00001bcd  atan                            
00002861  atan2                           
00002861  atan2l                          
00001bcd  atanl                           
00004f4d  atoi                            
ffffffff  binit                           
0000535d  board_init                      
20200c60  buf                             
00004da5  close                           
00004f8d  delay_ms                        
00005045  delay_us                        
00001ec5  dmp_enable_feature              
000054ed  dmp_load_motion_driver_firmware 
00002525  dmp_read_fifo                   
00004995  dmp_set_fifo_rate               
000035bd  dmp_set_orientation             
00002f49  dmp_set_tap_thresh              
00005239  exit                            
0000526d  finddevice                      
00005491  fputc                           
000033cd  fputs                           
000036a9  free                            
0000568b  fseek                           
000047e9  fseeko                          
00004855  getdevice                       
000065a0  hw                              
00000000  interruptVectors                
00003e6d  inv_orientation_matrix_to_scalar
000053ad  lseek                           
00003da5  main                            
00005609  malloc                          
000031ad  memalign                        
0000546d  memccpy                         
0000411b  memcpy                          
00004b27  memset                          
0000548f  mget_ms                         
00003f29  mpu_configure_fifo              
0000235d  mpu_dmp_get_data                
00003791  mpu_dmp_init                    
000052a1  mpu_get_accel_fsr               
00002b59  mpu_init                        
00002e01  mpu_load_firmware               
00002175  mpu_lp_accel_mode               
00003fd5  mpu_read_fifo_stream            
00002cb1  mpu_reset_fifo                  
00004241  mpu_set_accel_fsr               
000034c5  mpu_set_bypass                  
00003cd5  mpu_set_dmp_state               
000045c5  mpu_set_lpf                     
0000395d  mpu_set_sample_rate             
00003b21  mpu_set_sensors                 
000048c1  mpu_write_mem                   
20200cc4  parmbuf                         
00004c45  printf                          
00005449  puts                            
202008f0  recv0_buff                      
20200a6d  recv0_flag                      
20200a6e  recv0_length                    
00006528  reg                             
00005693  remove                          
00003a41  setvbuf                         
00005131  sprintf                         
000029e9  sqrt                            
000029e9  sqrtl                           
000042d1  strcmp                          
00006460  test                            
000052d5  uart0_send_string               
00005309  unlink                          
000055a5  wcslen                          
000053d5  write                           


GLOBAL SYMBOLS: SORTED BY Symbol Address 

address   name                            
-------   ----                            
00000000  __TI_ATRegion0_region_sz        
00000000  __TI_ATRegion0_src_addr         
00000000  __TI_ATRegion0_trg_addr         
00000000  __TI_ATRegion1_region_sz        
00000000  __TI_ATRegion1_src_addr         
00000000  __TI_ATRegion1_trg_addr         
00000000  __TI_ATRegion2_region_sz        
00000000  __TI_ATRegion2_src_addr         
00000000  __TI_ATRegion2_trg_addr         
00000000  __TI_static_base__              
00000000  interruptVectors                
000000c1  MPU6050_ReadData                
00000200  __STACK_SIZE                    
00000800  __SYSMEM_SIZE                   
000009d9  __TI_printfi_nofloat            
00001241  MPU6050_WriteReg                
00001869  asin                            
00001869  asinl                           
00001bcd  atan                            
00001bcd  atanl                           
00001ec5  dmp_enable_feature              
00002175  mpu_lp_accel_mode               
0000235d  mpu_dmp_get_data                
00002525  dmp_read_fifo                   
000026cd  __aeabi_dsub                    
000026cd  __subdf3                        
000026d7  __adddf3                        
000026d7  __aeabi_dadd                    
0000285f  ADC0_IRQHandler                 
0000285f  ADC1_IRQHandler                 
0000285f  AES_IRQHandler                  
0000285f  CANFD0_IRQHandler               
0000285f  DAC0_IRQHandler                 
0000285f  DMA_IRQHandler                  
0000285f  Default_Handler                 
0000285f  GROUP0_IRQHandler               
0000285f  GROUP1_IRQHandler               
0000285f  HardFault_Handler               
0000285f  I2C0_IRQHandler                 
0000285f  I2C1_IRQHandler                 
0000285f  NMI_Handler                     
0000285f  PendSV_Handler                  
0000285f  RTC_IRQHandler                  
0000285f  SPI0_IRQHandler                 
0000285f  SPI1_IRQHandler                 
0000285f  SVC_Handler                     
0000285f  SysTick_Handler                 
0000285f  TIMA0_IRQHandler                
0000285f  TIMA1_IRQHandler                
0000285f  TIMG0_IRQHandler                
0000285f  TIMG12_IRQHandler               
0000285f  TIMG6_IRQHandler                
0000285f  TIMG7_IRQHandler                
0000285f  TIMG8_IRQHandler                
0000285f  UART1_IRQHandler                
0000285f  UART2_IRQHandler                
0000285f  UART3_IRQHandler                
00002861  atan2                           
00002861  atan2l                          
000029e9  sqrt                            
000029e9  sqrtl                           
00002b59  mpu_init                        
00002cb1  mpu_reset_fifo                  
00002e01  mpu_load_firmware               
00002f49  dmp_set_tap_thresh              
0000307d  MPU6050_Init                    
000031ad  aligned_alloc                   
000031ad  memalign                        
000032c1  __aeabi_ddiv                    
000032c1  __divdf3                        
000033cd  fputs                           
000034c5  mpu_set_bypass                  
000035bd  dmp_set_orientation             
000036a9  free                            
00003791  mpu_dmp_init                    
00003879  __aeabi_dmul                    
00003879  __muldf3                        
0000395d  mpu_set_sample_rate             
00003a41  setvbuf                         
00003b21  mpu_set_sensors                 
00003bfd  __aeabi_fsub                    
00003bfd  __subsf3                        
00003c07  __addsf3                        
00003c07  __aeabi_fadd                    
00003cd5  mpu_set_dmp_state               
00003da5  main                            
00003e6d  inv_orientation_matrix_to_scalar
00003f29  mpu_configure_fifo              
00003fd5  mpu_read_fifo_stream            
00004079  __udivmoddi4                    
0000411b  memcpy                          
000041b5  __aeabi_fmul                    
000041b5  __mulsf3                        
00004241  mpu_set_accel_fsr               
000042c9  __aeabi_errno_addr              
000042d1  strcmp                          
00004359  __aeabi_fdiv                    
00004359  __divsf3                        
000043db  __aeabi_idiv0                   
000043dd  __TI_closefile                  
00004459  __TI_decompress_lzss            
000044d5  __gedf2                         
000044d5  __gtdf2                         
00004549  __aeabi_memcpy                  
00004549  __aeabi_memcpy4                 
00004549  __aeabi_memcpy8                 
00004551  __aeabi_d2f                     
00004551  __truncdfsf2                    
000045c5  mpu_set_lpf                     
00004639  HOSTlseek                       
000046a5  HOSTrename                      
00004711  SYSCFG_DL_GPIO_init             
0000477d  SYSCFG_DL_UART_0_init           
000047e9  fseeko                          
00004855  getdevice                       
000048c1  mpu_write_mem                   
0000492d  __cmpdf2                        
0000492d  __eqdf2                         
0000492d  __ledf2                         
0000492d  __ltdf2                         
0000492d  __nedf2                         
00004995  dmp_set_fifo_rate               
000049fd  __TI_wrt_ok                     
00004ac5  __aeabi_dcmpeq                  
00004ad9  __aeabi_dcmplt                  
00004aed  __aeabi_dcmple                  
00004b01  __aeabi_dcmpge                  
00004b15  __aeabi_dcmpgt                  
00004b27  memset                          
00004b89  HOSTopen                        
00004be9  UART0_IRQHandler                
00004c45  printf                          
00004ca1  HOSTread                        
00004cf9  HOSTwrite                       
00004d51  __TI_doflush                    
00004da3  __aeabi_ldiv0                   
00004da5  close                           
00004df5  DL_UART_init                    
00004e3d  HOSTclose                       
00004e85  HOSTunlink                      
00004ecd  __aeabi_uidiv                   
00004ecd  __aeabi_uidivmod                
00004f0d  __aeabi_f2d                     
00004f0d  __extendsfdf2                   
00004f4d  atoi                            
00004f8d  delay_ms                        
00004fcd  SYSCFG_DL_SYSCTL_init           
00005009  __aeabi_i2f                     
00005009  __floatsisf                     
00005045  delay_us                        
00005081  __TI_auto_init_nobinit_nopinit  
000050bd  __muldsi3                       
000050f7  _nop                            
000050f9  __aeabi_f2iz                    
000050f9  __fixsfsi                       
00005131  sprintf                         
00005169  SYSCFG_DL_initPower             
0000519d  __TI_cleanup                    
000051d1  __TI_readmsg                    
00005205  __TI_writemsg                   
00005231  C$$IO$$                         
00005239  exit                            
0000526d  finddevice                      
000052a1  mpu_get_accel_fsr               
000052d5  uart0_send_string               
00005309  unlink                          
00005335  __aeabi_ui2f                    
00005335  __floatunsisf                   
0000535d  board_init                      
000053ad  lseek                           
000053d5  write                           
000053fd  _c_int00_noargs                 
00005425  __aeabi_lmul                    
00005425  __muldi3                        
00005449  puts                            
0000546d  memccpy                         
0000548f  mget_ms                         
00005491  fputc                           
000054b1  __aeabi_llsl                    
000054b1  __ashldi3                       
000054d1  SYSCFG_DL_SYSTICK_init          
000054ed  dmp_load_motion_driver_firmware 
00005525  SYSCFG_DL_init                  
00005555  __TI_zero_init_nomemset         
0000556d  __aeabi_uldivmod                
00005581  DL_UART_setClockConfig          
00005593  __TI_decompress_none            
000055a5  wcslen                          
000055c5  __aeabi_memset                  
000055c5  __aeabi_memset4                 
000055c5  __aeabi_memset8                 
000055fd  __aeabi_memclr                  
000055fd  __aeabi_memclr4                 
000055fd  __aeabi_memclr8                 
00005609  malloc                          
00005615  DL_Common_delayCycles           
0000568b  fseek                           
00005693  remove                          
000056bb  Reset_Handler                   
000056bf  _system_pre_init                
000056c2  C$$EXIT                         
000056c3  abort                           
000062d0  __aeabi_ctype_table_            
000062d0  __aeabi_ctype_table_C           
00006460  test                            
00006528  reg                             
000065a0  hw                              
00006648  __TI_Handler_Table_Base         
00006654  __TI_Handler_Table_Limit        
0000665c  __TI_CINIT_Base                 
0000666c  __TI_CINIT_Limit                
0000666c  __TI_CINIT_Warm                 
20200000  __start___llvm_prf_bits         
20200000  __start___llvm_prf_cnts         
20200000  __stop___llvm_prf_bits          
20200000  __stop___llvm_prf_cnts          
20200000  _sys_memory                     
20200800  _ftable                         
202008f0  recv0_buff                      
20200970  _device                         
202009e8  _stream                         
20200a6d  recv0_flag                      
20200a6e  recv0_length                    
20200a70  __TI_cleanup_ptr                
20200a74  __TI_dtors_ptr                  
20200a78  __TI_ft_end                     
20200a7c  __aeabi_errno                   
20200a80  _lock                           
20200a84  _unlock                         
20200aa0  _CIOBUF_                        
20200aa0  __CIOBUF_                       
20200bc0  __TI_tmpnams                    
20200c60  buf                             
20200cc4  parmbuf                         
20207e00  __stack                         
20208000  __STACK_END                     
ffffffff  __TI_pprof_out_hndl             
ffffffff  __TI_prof_data_size             
ffffffff  __TI_prof_data_start            
ffffffff  __binit__                       
ffffffff  binit                           
UNDEFED   __mpu_init                      
UNDEFED   _system_post_cinit              

[243 symbols]
