Component: Arm Compiler for Embedded 6.24 Tool: armlink [5f371500]

==============================================================================

Section Cross References

    main.o(.text.main) refers to zf_common_clock.o(.text.clock_init) for clock_init
    main.o(.text.main) refers to zf_common_debug.o(.text.debug_init) for debug_init
    main.o(.text.main) refers to zf_driver_delay.o(.text.system_delay_ms) for system_delay_ms
    main.o(.text.main) refers to zf_driver_uart.o(.text.uart_init) for uart_init
    main.o(.text.main) refers to motorsetspeed.o(.text.Motor_Set_ClosedLoop) for Motor_Set_ClosedLoop
    main.o(.text.main) refers to motorsetspeed.o(.text.Motor_Stop_All) for Motor_Stop_All
    main.o(.text.main) refers to motorsetspeed.o(.text.Motor_Set_One_Speed_By_Number) for Motor_Set_One_Speed_By_Number
    main.o(.text.main) refers to zf_driver_gpio.o(.data.gpio_group) for gpio_group
    main.o(.ARM.exidx.text.main) refers to main.o(.text.main) for [Anonymous Symbol]
    isr.o(.text.TIMA0_IRQHandler) refers to zf_driver_pit.o(.bss.pit_callback_list) for pit_callback_list
    isr.o(.text.TIMA0_IRQHandler) refers to zf_driver_pit.o(.data.pit_callback_ptr_list) for pit_callback_ptr_list
    isr.o(.ARM.exidx.text.TIMA0_IRQHandler) refers to isr.o(.text.TIMA0_IRQHandler) for [Anonymous Symbol]
    isr.o(.text.TIMA1_IRQHandler) refers to zf_driver_pit.o(.bss.pit_callback_list) for pit_callback_list
    isr.o(.text.TIMA1_IRQHandler) refers to zf_driver_pit.o(.data.pit_callback_ptr_list) for pit_callback_ptr_list
    isr.o(.ARM.exidx.text.TIMA1_IRQHandler) refers to isr.o(.text.TIMA1_IRQHandler) for [Anonymous Symbol]
    isr.o(.text.TIMG0_IRQHandler) refers to zf_driver_pit.o(.bss.pit_callback_list) for pit_callback_list
    isr.o(.text.TIMG0_IRQHandler) refers to zf_driver_pit.o(.data.pit_callback_ptr_list) for pit_callback_ptr_list
    isr.o(.ARM.exidx.text.TIMG0_IRQHandler) refers to isr.o(.text.TIMG0_IRQHandler) for [Anonymous Symbol]
    isr.o(.text.TIMG6_IRQHandler) refers to zf_driver_pit.o(.bss.pit_callback_list) for pit_callback_list
    isr.o(.text.TIMG6_IRQHandler) refers to zf_driver_pit.o(.data.pit_callback_ptr_list) for pit_callback_ptr_list
    isr.o(.ARM.exidx.text.TIMG6_IRQHandler) refers to isr.o(.text.TIMG6_IRQHandler) for [Anonymous Symbol]
    isr.o(.text.TIMG7_IRQHandler) refers to zf_driver_pit.o(.bss.pit_callback_list) for pit_callback_list
    isr.o(.text.TIMG7_IRQHandler) refers to zf_driver_pit.o(.data.pit_callback_ptr_list) for pit_callback_ptr_list
    isr.o(.ARM.exidx.text.TIMG7_IRQHandler) refers to isr.o(.text.TIMG7_IRQHandler) for [Anonymous Symbol]
    isr.o(.text.TIMG8_IRQHandler) refers to zf_driver_pit.o(.bss.pit_callback_list) for pit_callback_list
    isr.o(.text.TIMG8_IRQHandler) refers to zf_driver_pit.o(.data.pit_callback_ptr_list) for pit_callback_ptr_list
    isr.o(.ARM.exidx.text.TIMG8_IRQHandler) refers to isr.o(.text.TIMG8_IRQHandler) for [Anonymous Symbol]
    isr.o(.text.TIMG12_IRQHandler) refers to zf_driver_pit.o(.bss.pit_callback_list) for pit_callback_list
    isr.o(.text.TIMG12_IRQHandler) refers to zf_driver_pit.o(.data.pit_callback_ptr_list) for pit_callback_ptr_list
    isr.o(.ARM.exidx.text.TIMG12_IRQHandler) refers to isr.o(.text.TIMG12_IRQHandler) for [Anonymous Symbol]
    isr.o(.text.UART0_IRQHandler) refers to isr.o(.text.DL_UART_getPendingInterrupt) for DL_UART_getPendingInterrupt
    isr.o(.text.UART0_IRQHandler) refers to zf_common_debug.o(.text.debug_interrupr_handler) for debug_interrupr_handler
    isr.o(.text.UART0_IRQHandler) refers to isr.o(.text.DL_UART_clearInterruptStatus) for DL_UART_clearInterruptStatus
    isr.o(.text.UART0_IRQHandler) refers to zf_driver_uart.o(.data.uart_callback_list) for uart_callback_list
    isr.o(.text.UART0_IRQHandler) refers to zf_driver_uart.o(.bss.uart_callback_ptr_list) for uart_callback_ptr_list
    isr.o(.ARM.exidx.text.UART0_IRQHandler) refers to isr.o(.text.UART0_IRQHandler) for [Anonymous Symbol]
    isr.o(.ARM.exidx.text.DL_UART_getPendingInterrupt) refers to isr.o(.text.DL_UART_getPendingInterrupt) for [Anonymous Symbol]
    isr.o(.ARM.exidx.text.DL_UART_clearInterruptStatus) refers to isr.o(.text.DL_UART_clearInterruptStatus) for [Anonymous Symbol]
    isr.o(.text.UART1_IRQHandler) refers to isr.o(.text.DL_UART_getPendingInterrupt) for DL_UART_getPendingInterrupt
    isr.o(.text.UART1_IRQHandler) refers to isr.o(.text.DL_UART_clearInterruptStatus) for DL_UART_clearInterruptStatus
    isr.o(.text.UART1_IRQHandler) refers to zf_driver_uart.o(.data.uart_callback_list) for uart_callback_list
    isr.o(.text.UART1_IRQHandler) refers to zf_driver_uart.o(.bss.uart_callback_ptr_list) for uart_callback_ptr_list
    isr.o(.text.UART1_IRQHandler) refers to zf_device_type.o(.data.wireless_module_uart_handler) for wireless_module_uart_handler
    isr.o(.ARM.exidx.text.UART1_IRQHandler) refers to isr.o(.text.UART1_IRQHandler) for [Anonymous Symbol]
[...]
    debug_output                             0x000039e1   Thumb Code   816  zf_common_debug.o(.text.debug_output)
    [Anonymous Symbol]                       0x000039e0   Section        0  zf_common_debug.o(.text.debug_output)
    __arm_cp.10_2                            0x00003d10   Number         4  zf_common_debug.o(.text.debug_output)
    __arm_cp.10_3                            0x00003d14   Number         4  zf_common_debug.o(.text.debug_output)
    __arm_cp.10_4                            0x00003d18   Number         4  zf_common_debug.o(.text.debug_output)
    __arm_cp.10_5                            0x00003d1c   Number         4  zf_common_debug.o(.text.debug_output)
    __arm_cp.10_6                            0x00003d20   Number         4  zf_common_debug.o(.text.debug_output)
    [Anonymous Symbol]                       0x00003d24   Section        0  zf_common_debug.o(.text.debug_output_init)
    __arm_cp.14_0                            0x00003d64   Number         4  zf_common_debug.o(.text.debug_output_init)
    __arm_cp.14_1                            0x00003d68   Number         4  zf_common_debug.o(.text.debug_output_init)
    [Anonymous Symbol]                       0x00003d6c   Section        0  zf_common_debug.o(.text.debug_output_struct_init)
    __arm_cp.13_0                            0x00003d9c   Number         4  zf_common_debug.o(.text.debug_output_struct_init)
    debug_protective_handler                 0x00003da1   Thumb Code     2  zf_common_debug.o(.text.debug_protective_handler)
    [Anonymous Symbol]                       0x00003da0   Section        0  zf_common_debug.o(.text.debug_protective_handler)
    debug_uart_str_output                    0x00003da3   Thumb Code    18  zf_common_debug.o(.text.debug_uart_str_output)
    [Anonymous Symbol]                       0x00003da2   Section        0  zf_common_debug.o(.text.debug_uart_str_output)
    exti_callbakc_defalut                    0x00003db5   Thumb Code    10  zf_driver_exti.o(.text.exti_callbakc_defalut)
    [Anonymous Symbol]                       0x00003db4   Section        0  zf_driver_exti.o(.text.exti_callbakc_defalut)
    fifo_head_offset                         0x00003dbf   Thumb Code   168  zf_common_fifo.o(.text.fifo_head_offset)
    [Anonymous Symbol]                       0x00003dbe   Section        0  zf_common_fifo.o(.text.fifo_head_offset)
    [Anonymous Symbol]                       0x00003e68   Section        0  zf_common_fifo.o(.text.fifo_init)
    __arm_cp.9_0                             0x00003ef0   Number         4  zf_common_fifo.o(.text.fifo_init)
    __arm_cp.9_1                             0x00003ef4   Number         4  zf_common_fifo.o(.text.fifo_init)
    [Anonymous Symbol]                       0x00003ef8   Section        0  zf_common_fifo.o(.text.fifo_write_buffer)
    __arm_cp.4_0                             0x0000429c   Number         4  zf_common_fifo.o(.text.fifo_write_buffer)
    [Anonymous Symbol]                       0x000042a0   Section        0  zf_common_interrupt.o(.text.interrupt_disable)
    [Anonymous Symbol]                       0x000042b6   Section        0  zf_common_interrupt.o(.text.interrupt_enable)
    [Anonymous Symbol]                       0x000042cc   Section        0  zf_common_interrupt.o(.text.interrupt_global_disable)
    __arm_cp.1_0                             0x000042e8   Number         4  zf_common_interrupt.o(.text.interrupt_global_disable)
    [Anonymous Symbol]                       0x000042ec   Section        0  zf_common_interrupt.o(.text.interrupt_init)
    [Anonymous Symbol]                       0x000042ee   Section        0  zf_common_interrupt.o(.text.interrupt_set_priority)
    [Anonymous Symbol]                       0x0000430c   Section        0  main.o(.text.main)
    __arm_cp.0_0                             0x00004370   Number         4  main.o(.text.main)
    __arm_cp.0_1                             0x00004374   Number         4  main.o(.text.main)
    __arm_cp.0_2                             0x00004378   Number         4  main.o(.text.main)
    __arm_cp.0_3                             0x0000437c   Number         4  main.o(.text.main)
    __arm_cp.0_4                             0x00004380   Number         4  main.o(.text.main)
    pit_callbakc_defalut                     0x00004385   Thumb Code    10  zf_driver_pit.o(.text.pit_callbakc_defalut)
    [Anonymous Symbol]                       0x00004384   Section        0  zf_driver_pit.o(.text.pit_callbakc_defalut)
    [Anonymous Symbol]                       0x0000438e   Section        0  zf_driver_delay.o(.text.system_delay_init)
    [Anonymous Symbol]                       0x00004390   Section        0  zf_driver_delay.o(.text.system_delay_ms)
    __arm_cp.0_0                             0x000043d4   Number         4  zf_driver_delay.o(.text.system_delay_ms)
    __arm_cp.0_1                             0x000043d8   Number         4  zf_driver_delay.o(.text.system_delay_ms)
    __arm_cp.0_2                             0x000043dc   Number         4  zf_driver_delay.o(.text.system_delay_ms)
    __arm_cp.0_3                             0x000043e0   Number         4  zf_driver_delay.o(.text.system_delay_ms)
    type_default_callback                    0x000043e5   Thumb Code     2  zf_device_type.o(.text.type_default_callback)
    [Anonymous Symbol]                       0x000043e4   Section        0  zf_device_type.o(.text.type_default_callback)
    uart_callbakc_defalut                    0x000043e7   Thumb Code    10  zf_driver_uart.o(.text.uart_callbakc_defalut)
    [Anonymous Symbol]                       0x000043e6   Section        0  zf_driver_uart.o(.text.uart_callbakc_defalut)
    [Anonymous Symbol]                       0x000043f0   Section        0  zf_driver_uart.o(.text.uart_init)
    __arm_cp.14_1                            0x00004558   Number         4  zf_driver_uart.o(.text.uart_init)
    __arm_cp.14_2                            0x0000455c   Number         4  zf_driver_uart.o(.text.uart_init)
    __arm_cp.14_3                            0x00004560   Number         4  zf_driver_uart.o(.text.uart_init)
    __arm_cp.14_4                            0x00004564   Number         4  zf_driver_uart.o(.text.uart_init)
    __arm_cp.14_5                            0x00004568   Number         4  zf_driver_uart.o(.text.uart_init)
    __arm_cp.14_6                            0x0000456c   Number         4  zf_driver_uart.o(.text.uart_init)
    [Anonymous Symbol]                       0x00004570   Section        0  zf_driver_uart.o(.text.uart_query_byte)
    [Anonymous Symbol]                       0x000045c8   Section        0  zf_driver_uart.o(.text.uart_set_interrupt_config)
    __arm_cp.11_1                            0x00004748   Number         4  zf_driver_uart.o(.text.uart_set_interrupt_config)
    __arm_cp.11_2                            0x0000474c   Number         4  zf_driver_uart.o(.text.uart_set_interrupt_config)
    [Anonymous Symbol]                       0x00004750   Section        0  zf_driver_uart.o(.text.uart_write_buffer)
    [Anonymous Symbol]                       0x000047b0   Section        0  zf_driver_uart.o(.text.uart_write_string)
    __arm_cp.5_0                             0x00004808   Number         4  zf_driver_uart.o(.text.uart_write_string)
    __arm_cp.5_1                             0x0000480c   Number         4  zf_driver_uart.o(.text.uart_write_string)
    i.__ARM_common_ll_muluu                  0x00004810   Section        0  btod.o(i.__ARM_common_ll_muluu)
    i.__ARM_fpclassify                       0x00004840   Section        0  fpclassify.o(i.__ARM_fpclassify)
    i._is_digit                              0x0000486c   Section        0  __printf_wp.o(i._is_digit)
    locale$$code                             0x0000487c   Section       44  lc_numeric_c.o(locale$$code)
    locale$$code                             0x000048a8   Section       44  lc_ctype_c.o(locale$$code)
    x$fpl$printf1                            0x000048d4   Section       16  printf1.o(x$fpl$printf1)
    x$fpl$printf2                            0x000048e4   Section       16  printf2.o(x$fpl$printf2)
    ddiv_reciptbl                            0x000048f4   Data         128  ddiv.o(.constdata)
    .constdata                               0x000048f4   Section      128  ddiv.o(.constdata)
    x$fpl$usenofp                            0x000048f4   Section        0  usenofp.o(x$fpl$usenofp)
    initial_mbstate                          0x00004974   Data           8  _printf_wctomb.o(.constdata)
    .constdata                               0x00004974   Section        8  _printf_wctomb.o(.constdata)
    uc_hextab                                0x0000497c   Data          20  _printf_hex_int_ll_ptr.o(.constdata)
    .constdata                               0x0000497c   Section       40  _printf_hex_int_ll_ptr.o(.constdata)
    lc_hextab                                0x00004990   Data          20  _printf_hex_int_ll_ptr.o(.constdata)
    maptable                                 0x000049a4   Data          17  __printf_flags_ss_wp.o(.constdata)
    .constdata                               0x000049a4   Section       17  __printf_flags_ss_wp.o(.constdata)
    lc_hextab                                0x000049b5   Data          19  _printf_fp_hex.o(.constdata)
    .constdata                               0x000049b5   Section       38  _printf_fp_hex.o(.constdata)
    uc_hextab                                0x000049c8   Data          19  _printf_fp_hex.o(.constdata)
    tenpwrs_x                                0x000049dc   Data          60  bigflt0.o(.constdata)
    .constdata                               0x000049dc   Section      148  bigflt0.o(.constdata)
    tenpwrs_i                                0x00004a18   Data          64  bigflt0.o(.constdata)
    gLFCLKConfig                             0x00004a70   Data           3  ti_msp_dl_config.o(.rodata.gLFCLKConfig)
    [Anonymous Symbol]                       0x00004a70   Section        0  ti_msp_dl_config.o(.rodata.gLFCLKConfig)
    gSYSPLLConfig                            0x00004a74   Data          40  ti_msp_dl_config.o(.rodata.gSYSPLLConfig)
    [Anonymous Symbol]                       0x00004a74   Section        0  ti_msp_dl_config.o(.rodata.gSYSPLLConfig)
    gVREFConfig                              0x00004a9c   Data          12  ti_msp_dl_config.o(.rodata.gVREFConfig)
    [Anonymous Symbol]                       0x00004a9c   Section        0  ti_msp_dl_config.o(.rodata.gVREFConfig)
    [Anonymous Symbol]                       0x00004ae4   Section        0  zf_common_debug.o(.rodata.str1.1)
    [Anonymous Symbol]                       0x00004b4a   Section        0  zf_common_fifo.o(.rodata.str1.1)
    [Anonymous Symbol]                       0x00004b75   Section        0  zf_driver_gpio.o(.rodata.str1.1)
    [Anonymous Symbol]                       0x00004ba0   Section        0  zf_driver_uart.o(.rodata.str1.1)
    uart_init.uart_clock_config              0x00004bcb   Data           2  zf_driver_uart.o(.rodata.uart_init.uart_clock_config)
    [Anonymous Symbol]                       0x00004bcb   Section        0  zf_driver_uart.o(.rodata.uart_init.uart_clock_config)
    uart_init.uart_default_config            0x00004bce   Data          10  zf_driver_uart.o(.rodata.uart_init.uart_default_config)
    [Anonymous Symbol]                       0x00004bce   Section        0  zf_driver_uart.o(.rodata.uart_init.uart_default_config)
    locale$$data                             0x00004bf8   Section       28  lc_numeric_c.o(locale$$data)
    __lcnum_c_name                           0x00004bfc   Data           2  lc_numeric_c.o(locale$$data)
    __lcnum_c_start                          0x00004c04   Data           0  lc_numeric_c.o(locale$$data)
    __lcnum_c_point                          0x00004c10   Data           0  lc_numeric_c.o(locale$$data)
    __lcnum_c_thousands                      0x00004c12   Data           0  lc_numeric_c.o(locale$$data)
    __lcnum_c_grouping                       0x00004c13   Data           0  lc_numeric_c.o(locale$$data)
    __lcnum_c_end                            0x00004c14   Data           0  lc_numeric_c.o(locale$$data)
    locale$$data                             0x00004c14   Section      272  lc_ctype_c.o(locale$$data)
    __lcctype_c_name                         0x00004c18   Data           2  lc_ctype_c.o(locale$$data)
    __lcctype_c_start                        0x00004c20   Data           0  lc_ctype_c.o(locale$$data)
    __lcctype_c_end                          0x00004d24   Data           0  lc_ctype_c.o(locale$$data)
    auchCRCHi                                0x20200000   Data         256  motorcrc.o(.data.auchCRCHi)
    [Anonymous Symbol]                       0x20200000   Section        0  motorcrc.o(.data.auchCRCHi)
    auchCRCLo                                0x20200100   Data         256  motorcrc.o(.data.auchCRCLo)
    [Anonymous Symbol]                       0x20200100   Section        0  motorcrc.o(.data.auchCRCLo)
    uart_irq                                 0x202002b4   Data           4  zf_driver_uart.o(.data.uart_irq)
    [Anonymous Symbol]                       0x202002b4   Section        0  zf_driver_uart.o(.data.uart_irq)
    uart_list                                0x202002b8   Data          16  zf_driver_uart.o(.data.uart_list)
    [Anonymous Symbol]                       0x202002b8   Section        0  zf_driver_uart.o(.data.uart_list)
    zf_debug_assert_enable                   0x202002cc   Data           1  zf_common_debug.o(.data.zf_debug_assert_enable)
    [Anonymous Symbol]                       0x202002cc   Section        0  zf_common_debug.o(.data.zf_debug_assert_enable)
    .bss                                     0x202002d0   Section       96  libspace.o(.bss)
    debug_assert_handler.assert_nest_index   0x20200330   Data           1  zf_common_debug.o(.bss.debug_assert_handler.assert_nest_index)
    [Anonymous Symbol]                       0x20200330   Section        0  zf_common_debug.o(.bss.debug_assert_handler.assert_nest_index)
    debug_output_info                        0x20200334   Data          20  zf_common_debug.o(.bss.debug_output_info)
    [Anonymous Symbol]                       0x20200334   Section        0  zf_common_debug.o(.bss.debug_output_info)
    interrupt_nest_count                     0x20200420   Data           4  zf_common_interrupt.o(.bss.interrupt_nest_count)
    [Anonymous Symbol]                       0x20200420   Section        0  zf_common_interrupt.o(.bss.interrupt_nest_count)
    motor_speed_cache                        0x20200424   Data           8  motorsetspeed.o(.bss.motor_speed_cache)
    [Anonymous Symbol]                       0x20200424   Section        0  motorsetspeed.o(.bss.motor_speed_cache)
    uart_interrupt_state                     0x20200458   Data           4  zf_driver_uart.o(.bss.uart_interrupt_state)
    [Anonymous Symbol]                       0x20200458   Section        0  zf_driver_uart.o(.bss.uart_interrupt_state)
    zf_debug_init_flag                       0x2020045c   Data           1  zf_common_debug.o(.bss.zf_debug_init_flag)
    [Anonymous Symbol]                       0x2020045c   Section        0  zf_common_debug.o(.bss.zf_debug_init_flag)
    Heap_Mem                                 0x20200460   Data        1024  startup_mspm0g350x_uvision.o(HEAP)
    HEAP                                     0x20200460   Section     1024  startup_mspm0g350x_uvision.o(HEAP)
    Stack_Mem                                0x20200860   Data        4096  startup_mspm0g350x_uvision.o(STACK)
    STACK                                    0x20200860   Section     4096  startup_mspm0g350x_uvision.o(STACK)
    __initial_sp                             0x20201860   Data           0  startup_mspm0g350x_uvision.o(STACK)

    Global Symbols

    Symbol Name                              Value     Ov Type        Size  Object(Section)

    BuildAttributes$$THM_ISAv3M$S$PE$A:L22$X:L11$S22$IEEE1$IW$~IW$USESV6$~STKCKD$USESV7$~SHL$OTIME$ROPI$IEEEX$EBA8$UX$STANDARDLIB$REQ8$PRES8$EABIv2 0x00000000   Number         0  anon$$obj.o ABSOLUTE
    __Vectors                                0x00000000   Data           4  startup_mspm0g350x_uvision.o(RESET)
    _printf_flags                            0x00000000   Number         0  printf_stubs.o ABSOLUTE
    _printf_return_value                     0x00000000   Number         0  printf_stubs.o ABSOLUTE
    _printf_sizespec                         0x00000000   Number         0  printf_stubs.o ABSOLUTE
    _printf_widthprec                        0x00000000   Number         0  printf_stubs.o ABSOLUTE
    __ARM_exceptions_init                     - Undefined Weak Reference
    __alloca_initialize                       - Undefined Weak Reference
    __arm_preinit_                            - Undefined Weak Reference
    __arm_relocate_pie_                       - Undefined Weak Reference
    __cpp_initialize__aeabi_                  - Undefined Weak Reference
    __cxa_finalize                            - Undefined Weak Reference
    __sigvec_lookup                           - Undefined Weak Reference
    _atexit_init                              - Undefined Weak Reference
    _call_atexit_fns                          - Undefined Weak Reference
    _clock_init                               - Undefined Weak Reference
    _fp_trap_init                             - Undefined Weak Reference
    _fp_trap_shutdown                         - Undefined Weak Reference
    _get_lc_collate                           - Undefined Weak Reference
    _get_lc_monetary                          - Undefined Weak Reference
    _get_lc_time                              - Undefined Weak Reference
    _getenv_init                              - Undefined Weak Reference
    _handle_redirection                       - Undefined Weak Reference
    _init_alloc                               - Undefined Weak Reference
    _init_user_alloc                          - Undefined Weak Reference
    _initio                                   - Undefined Weak Reference
    _printf_mbtowc                            - Undefined Weak Reference
    _printf_wc                                - Undefined Weak Reference
    _rand_init                                - Undefined Weak Reference
    _signal_finish                            - Undefined Weak Reference
    _signal_init                              - Undefined Weak Reference
    _terminate_alloc                          - Undefined Weak Reference
    _terminate_user_alloc                     - Undefined Weak Reference
    _terminateio                              - Undefined Weak Reference
    __Vectors_End                            0x000000c0   Data           0  startup_mspm0g350x_uvision.o(RESET)
    __Vectors_Size                           0x000000c0   Number         0  startup_mspm0g350x_uvision.o ABSOLUTE
    __main                                   0x000000c1   Thumb Code     8  __main.o(!!!main)
    __scatterload                            0x000000c9   Thumb Code     0  __scatter.o(!!!scatter)
    __scatterload_rt2                        0x000000c9   Thumb Code    74  __scatter.o(!!!scatter)
    __scatterload_rt2_thumb_only             0x000000c9   Thumb Code     0  __scatter.o(!!!scatter)
    __scatterload_loop                       0x000000d3   Thumb Code     0  __scatter.o(!!!scatter)
    __scatterload_null                       0x00000121   Thumb Code     2  __scatter.o(!!handler_null)
    __scatterload_zeroinit                   0x00000129   Thumb Code    28  __scatter_zi.o(!!handler_zi)
    _printf_percent                          0x00000145   Thumb Code     0  _printf_percent.o(.ARM.Collect$$_printf_percent$$00000000)
    _printf_n                                0x00000147   Thumb Code     0  _printf_n.o(.ARM.Collect$$_printf_percent$$00000001)
    _printf_p                                0x00000151   Thumb Code     0  _printf_p.o(.ARM.Collect$$_printf_percent$$00000002)
    _printf_f                                0x0000015b   Thumb Code     0  _printf_f.o(.ARM.Collect$$_printf_percent$$00000003)
    _printf_e                                0x00000165   Thumb Code     0  _printf_e.o(.ARM.Collect$$_printf_percent$$00000004)
    _printf_g                                0x0000016f   Thumb Code     0  _printf_g.o(.ARM.Collect$$_printf_percent$$00000005)
    _printf_a                                0x00000179   Thumb Code     0  _printf_a.o(.ARM.Collect$$_printf_percent$$00000006)
    _printf_ll                               0x00000183   Thumb Code     0  _printf_ll.o(.ARM.Collect$$_printf_percent$$00000007)
    _printf_i                                0x0000018d   Thumb Code     0  _printf_i.o(.ARM.Collect$$_printf_percent$$00000008)
    _printf_d                                0x00000197   Thumb Code     0  _printf_d.o(.ARM.Collect$$_printf_percent$$00000009)
    _printf_u                                0x000001a1   Thumb Code     0  _printf_u.o(.ARM.Collect$$_printf_percent$$0000000A)
    _printf_o                                0x000001ab   Thumb Code     0  _printf_o.o(.ARM.Collect$$_printf_percent$$0000000B)
    _printf_x                                0x000001b5   Thumb Code     0  _printf_x.o(.ARM.Collect$$_printf_percent$$0000000C)
    _printf_lli                              0x000001bf   Thumb Code     0  _printf_lli.o(.ARM.Collect$$_printf_percent$$0000000D)
    _printf_lld                              0x000001c9   Thumb Code     0  _printf_lld.o(.ARM.Collect$$_printf_percent$$0000000E)
    _printf_llu                              0x000001d3   Thumb Code     0  _printf_llu.o(.ARM.Collect$$_printf_percent$$0000000F)
    _printf_llo                              0x000001dd   Thumb Code     0  _printf_llo.o(.ARM.Collect$$_printf_percent$$00000010)
    _printf_llx                              0x000001e7   Thumb Code     0  _printf_llx.o(.ARM.Collect$$_printf_percent$$00000011)
    _printf_l                                0x000001f1   Thumb Code     0  _printf_l.o(.ARM.Collect$$_printf_percent$$00000012)
    _printf_c                                0x000001fb   Thumb Code     0  _printf_c.o(.ARM.Collect$$_printf_percent$$00000013)
    _printf_s                                0x00000205   Thumb Code     0  _printf_s.o(.ARM.Collect$$_printf_percent$$00000014)
    _printf_lc                               0x0000020f   Thumb Code     0  _printf_lc.o(.ARM.Collect$$_printf_percent$$00000015)
    _printf_ls                               0x00000219   Thumb Code     0  _printf_ls.o(.ARM.Collect$$_printf_percent$$00000016)
    _printf_percent_end                      0x00000223   Thumb Code     0  _printf_percent_end.o(.ARM.Collect$$_printf_percent$$00000017)
    __rt_lib_init                            0x00000227   Thumb Code     0  libinit.o(.ARM.Collect$$libinit$$00000000)
    __rt_lib_init_fp_1                       0x00000229   Thumb Code     0  libinit2.o(.ARM.Collect$$libinit$$00000002)
    __rt_lib_init_heap_1                     0x00000229   Thumb Code     0  libinit2.o(.ARM.Collect$$libinit$$0000000C)
    __rt_lib_init_lc_common                  0x00000229   Thumb Code     0  libinit2.o(.ARM.Collect$$libinit$$00000011)
    __rt_lib_init_preinit_1                  0x00000229   Thumb Code     0  libinit2.o(.ARM.Collect$$libinit$$00000006)
    __rt_lib_init_rand_1                     0x00000229   Thumb Code     0  libinit2.o(.ARM.Collect$$libinit$$00000010)
    __rt_lib_init_relocate_pie_1             0x00000229   Thumb Code     0  libinit2.o(.ARM.Collect$$libinit$$00000004)
    __rt_lib_init_user_alloc_1               0x00000229   Thumb Code     0  libinit2.o(.ARM.Collect$$libinit$$0000000E)
    __rt_lib_init_lc_collate_1               0x0000022f   Thumb Code     0  libinit2.o(.ARM.Collect$$libinit$$00000013)
    __rt_lib_init_lc_ctype_2                 0x0000022f   Thumb Code     0  libinit2.o(.ARM.Collect$$libinit$$00000014)
    __rt_lib_init_lc_ctype_1                 0x0000023b   Thumb Code     0  libinit2.o(.ARM.Collect$$libinit$$00000015)
    __rt_lib_init_lc_monetary_1              0x0000023b   Thumb Code     0  libinit2.o(.ARM.Collect$$libinit$$00000017)
    __rt_lib_init_lc_numeric_2               0x0000023b   Thumb Code     0  libinit2.o(.ARM.Collect$$libinit$$00000018)
    __rt_lib_init_alloca_1                   0x00000245   Thumb Code     0  libinit2.o(.ARM.Collect$$libinit$$00000030)
    __rt_lib_init_argv_1                     0x00000245   Thumb Code     0  libinit2.o(.ARM.Collect$$libinit$$0000002E)
    __rt_lib_init_atexit_1                   0x00000245   Thumb Code     0  libinit2.o(.ARM.Collect$$libinit$$0000001D)
    __rt_lib_init_clock_1                    0x00000245   Thumb Code     0  libinit2.o(.ARM.Collect$$libinit$$00000023)
    __rt_lib_init_cpp_1                      0x00000245   Thumb Code     0  libinit2.o(.ARM.Collect$$libinit$$00000034)
    __rt_lib_init_exceptions_1               0x00000245   Thumb Code     0  libinit2.o(.ARM.Collect$$libinit$$00000032)
    __rt_lib_init_fp_trap_1                  0x00000245   Thumb Code     0  libinit2.o(.ARM.Collect$$libinit$$00000021)
    __rt_lib_init_getenv_1                   0x00000245   Thumb Code     0  libinit2.o(.ARM.Collect$$libinit$$00000025)
    __rt_lib_init_lc_numeric_1               0x00000245   Thumb Code     0  libinit2.o(.ARM.Collect$$libinit$$00000019)
    __rt_lib_init_lc_time_1                  0x00000245   Thumb Code     0  libinit2.o(.ARM.Collect$$libinit$$0000001B)
    __rt_lib_init_return                     0x00000245   Thumb Code     0  libinit2.o(.ARM.Collect$$libinit$$00000035)
    __rt_lib_init_signal_1                   0x00000245   Thumb Code     0  libinit2.o(.ARM.Collect$$libinit$$0000001F)
    __rt_lib_init_stdio_1                    0x00000245   Thumb Code     0  libinit2.o(.ARM.Collect$$libinit$$00000027)
    __rt_lib_shutdown                        0x00000247   Thumb Code     0  libshutdown.o(.ARM.Collect$$libshutdown$$00000000)
    __rt_lib_shutdown_cpp_1                  0x00000249   Thumb Code     0  libshutdown2.o(.ARM.Collect$$libshutdown$$00000002)
    __rt_lib_shutdown_fp_trap_1              0x00000249   Thumb Code     0  libshutdown2.o(.ARM.Collect$$libshutdown$$00000007)
    __rt_lib_shutdown_heap_1                 0x00000249   Thumb Code     0  libshutdown2.o(.ARM.Collect$$libshutdown$$0000000F)
    __rt_lib_shutdown_return                 0x00000249   Thumb Code     0  libshutdown2.o(.ARM.Collect$$libshutdown$$00000010)
    __rt_lib_shutdown_signal_1               0x00000249   Thumb Code     0  libshutdown2.o(.ARM.Collect$$libshutdown$$0000000A)
    __rt_lib_shutdown_stdio_1                0x00000249   Thumb Code     0  libshutdown2.o(.ARM.Collect$$libshutdown$$00000004)
    __rt_lib_shutdown_user_alloc_1           0x00000249   Thumb Code     0  libshutdown2.o(.ARM.Collect$$libshutdown$$0000000C)
    __rt_entry                               0x0000024b   Thumb Code     0  __rtentry.o(.ARM.Collect$$rtentry$$00000000)
    __rt_entry_presh_1                       0x0000024b   Thumb Code     0  __rtentry2.o(.ARM.Collect$$rtentry$$00000002)
    __rt_entry_sh                            0x0000024b   Thumb Code     0  __rtentry4.o(.ARM.Collect$$rtentry$$00000004)
    __rt_entry_li                            0x00000251   Thumb Code     0  __rtentry2.o(.ARM.Collect$$rtentry$$0000000A)
    __rt_entry_postsh_1                      0x00000251   Thumb Code     0  __rtentry2.o(.ARM.Collect$$rtentry$$00000009)
    __rt_entry_main                          0x00000255   Thumb Code     0  __rtentry2.o(.ARM.Collect$$rtentry$$0000000D)
    __rt_entry_postli_1                      0x00000255   Thumb Code     0  __rtentry2.o(.ARM.Collect$$rtentry$$0000000C)
    __rt_exit                                0x0000025d   Thumb Code     0  rtexit.o(.ARM.Collect$$rtexit$$00000000)
    __rt_exit_ls                             0x0000025f   Thumb Code     0  rtexit2.o(.ARM.Collect$$rtexit$$00000003)
    __rt_exit_prels_1                        0x0000025f   Thumb Code     0  rtexit2.o(.ARM.Collect$$rtexit$$00000002)
    __rt_exit_exit                           0x00000263   Thumb Code     0  rtexit2.o(.ARM.Collect$$rtexit$$00000004)
    __aeabi_memcpy4                          0x00000269   Thumb Code    56  rt_memcpy.o(.emb_text)
    __aeabi_memcpy8                          0x00000269   Thumb Code     0  rt_memcpy.o(.emb_text)
    Reset_Handler                            0x000002a1   Thumb Code     4  startup_mspm0g350x_uvision.o(.text)
    NMI_Handler                              0x000002a5   Thumb Code     2  startup_mspm0g350x_uvision.o(.text)
    HardFault_Handler                        0x000002a7   Thumb Code     2  startup_mspm0g350x_uvision.o(.text)
    SVC_Handler                              0x000002a9   Thumb Code     2  startup_mspm0g350x_uvision.o(.text)
    PendSV_Handler                           0x000002ab   Thumb Code     2  startup_mspm0g350x_uvision.o(.text)
    SysTick_Handler                          0x000002ad   Thumb Code     2  startup_mspm0g350x_uvision.o(.text)
    ADC0_IRQHandler                          0x000002af   Thumb Code     0  startup_mspm0g350x_uvision.o(.text)
    ADC1_IRQHandler                          0x000002af   Thumb Code     0  startup_mspm0g350x_uvision.o(.text)
    AES_IRQHandler                           0x000002af   Thumb Code     0  startup_mspm0g350x_uvision.o(.text)
    CANFD0_IRQHandler                        0x000002af   Thumb Code     0  startup_mspm0g350x_uvision.o(.text)
    DAC0_IRQHandler                          0x000002af   Thumb Code     0  startup_mspm0g350x_uvision.o(.text)
    DMA_IRQHandler                           0x000002af   Thumb Code     0  startup_mspm0g350x_uvision.o(.text)
    Default_Handler                          0x000002af   Thumb Code     2  startup_mspm0g350x_uvision.o(.text)
    GROUP0_IRQHandler                        0x000002af   Thumb Code     0  startup_mspm0g350x_uvision.o(.text)
    I2C0_IRQHandler                          0x000002af   Thumb Code     0  startup_mspm0g350x_uvision.o(.text)
    I2C1_IRQHandler                          0x000002af   Thumb Code     0  startup_mspm0g350x_uvision.o(.text)
    RTC_IRQHandler                           0x000002af   Thumb Code     0  startup_mspm0g350x_uvision.o(.text)
    SPI0_IRQHandler                          0x000002af   Thumb Code     0  startup_mspm0g350x_uvision.o(.text)
    SPI1_IRQHandler                          0x000002af   Thumb Code     0  startup_mspm0g350x_uvision.o(.text)
    __user_initial_stackheap                 0x000002b1   Thumb Code    10  startup_mspm0g350x_uvision.o(.text)
    sprintf                                  0x000002d1   Thumb Code    40  sprintf.o(.text)
    strlen                                   0x000002fd   Thumb Code    62  strlen.o(.text)
    __aeabi_memcpy                           0x00000341   Thumb Code   130  rt_memcpy.o(.text)
    __rt_memcpy                              0x00000341   Thumb Code     0  rt_memcpy.o(.text)
    _memset_w                                0x000003c3   Thumb Code    26  rt_memclr.o(.text)
    _memset                                  0x000003dd   Thumb Code    30  rt_memclr.o(.text)
    __aeabi_memclr                           0x000003fb   Thumb Code     4  rt_memclr.o(.text)
    __rt_memclr                              0x000003fb   Thumb Code     0  rt_memclr.o(.text)
    __aeabi_memclr4                          0x000003ff   Thumb Code     0  rt_memclr.o(.text)
    __aeabi_memclr8                          0x000003ff   Thumb Code     0  rt_memclr.o(.text)
    __rt_memclr_w                            0x000003ff   Thumb Code     4  rt_memclr.o(.text)
    __aeabi_uidiv                            0x00000405   Thumb Code     0  aeabi_sdiv.o(.text)
    __aeabi_uidivmod                         0x00000405   Thumb Code    20  aeabi_sdiv.o(.text)
    __aeabi_idiv                             0x00000419   Thumb Code     0  aeabi_sdiv.o(.text)
    __aeabi_idivmod                          0x00000419   Thumb Code   338  aeabi_sdiv.o(.text)
    __use_two_region_memory                  0x00000571   Thumb Code     2  heapauxi.o(.text)
    __rt_heap_escrow$2region                 0x00000573   Thumb Code     2  heapauxi.o(.text)
    __rt_heap_expand$2region                 0x00000575   Thumb Code     2  heapauxi.o(.text)
    __adddf3                                 0x00000871   Thumb Code     0  daddsub.o(.text)
    __aeabi_dadd                             0x00000871   Thumb Code     0  daddsub.o(.text)
    _dadd                                    0x00000871   Thumb Code    26  daddsub.o(.text)
    __aeabi_dsub                             0x0000088b   Thumb Code     0  daddsub.o(.text)
    __subdf3                                 0x0000088b   Thumb Code     0  daddsub.o(.text)
    _dsub                                    0x0000088b   Thumb Code    22  daddsub.o(.text)
    __aeabi_drsub                            0x000008a1   Thumb Code     0  daddsub.o(.text)
    _drsb                                    0x000008a1   Thumb Code    28  daddsub.o(.text)
    __aeabi_ddiv                             0x000008d1   Thumb Code     0  ddiv.o(.text)
    __divdf3                                 0x000008d1   Thumb Code     0  ddiv.o(.text)
    _ddiv                                    0x000008d1   Thumb Code  1072  ddiv.o(.text)
    _drdiv                                   0x00000d01   Thumb Code    20  ddiv.o(.text)
    __aeabi_d2iz                             0x00000d19   Thumb Code     0  dfixi.o(.text)
    _dfix                                    0x00000d19   Thumb Code    98  dfixi.o(.text)
    __aeabi_i2d_normalise                    0x00000d85   Thumb Code    66  dflti.o(.text)
    __aeabi_i2d                              0x00000dc7   Thumb Code    16  dflti.o(.text)
    _dflt                                    0x00000dc7   Thumb Code     0  dflti.o(.text)
    __aeabi_ui2d                             0x00000dd7   Thumb Code     6  dflti.o(.text)
    _dfltu                                   0x00000dd7   Thumb Code     0  dflti.o(.text)
    __aeabi_dmul                             0x00000ddd   Thumb Code     0  dmul.o(.text)
    __muldf3                                 0x00000ddd   Thumb Code     0  dmul.o(.text)
    _dmul                                    0x00000ddd   Thumb Code   558  dmul.o(.text)
    _printf_pre_padding                      0x00001025   Thumb Code    44  _printf_pad.o(.text)
    _printf_post_padding                     0x00001051   Thumb Code    34  _printf_pad.o(.text)
    _printf_truncate_signed                  0x00001073   Thumb Code    18  _printf_truncate.o(.text)
    _printf_truncate_unsigned                0x00001085   Thumb Code    18  _printf_truncate.o(.text)
    _printf_str                              0x00001097   Thumb Code    82  _printf_str.o(.text)
    _printf_int_dec                          0x000010e9   Thumb Code    90  _printf_dec.o(.text)
    _printf_charcount                        0x00001155   Thumb Code    38  _printf_charcount.o(.text)
    _printf_char_common                      0x00001187   Thumb Code    32  _printf_char_common.o(.text)
    _sputc                                   0x000011ad   Thumb Code    10  _sputc.o(.text)
    _printf_wctomb                           0x000011b9   Thumb Code   182  _printf_wctomb.o(.text)
    _printf_longlong_dec                     0x00001275   Thumb Code    94  _printf_longlong_dec.o(.text)
    _printf_longlong_oct                     0x000012e5   Thumb Code    68  _printf_oct_int_ll.o(.text)
    _printf_int_oct                          0x00001329   Thumb Code    24  _printf_oct_int_ll.o(.text)
    _printf_ll_oct                           0x00001341   Thumb Code    10  _printf_oct_int_ll.o(.text)
    _printf_longlong_hex                     0x00001355   Thumb Code    88  _printf_hex_int_ll_ptr.o(.text)
    _printf_int_hex                          0x000013ad   Thumb Code    28  _printf_hex_int_ll_ptr.o(.text)
    _printf_ll_hex                           0x000013c9   Thumb Code    10  _printf_hex_int_ll_ptr.o(.text)
    _printf_hex_ptr                          0x000013d3   Thumb Code    22  _printf_hex_int_ll_ptr.o(.text)
    __printf                                 0x000013ed   Thumb Code   386  __printf_flags_ss_wp.o(.text)
    _ll_udiv10                               0x00001575   Thumb Code   122  lludiv10.o(.text)
    _printf_int_common                       0x000015ef   Thumb Code   176  _printf_intcommon.o(.text)
    _printf_fp_dec_real                      0x0000183d   Thumb Code   620  _printf_fp_dec.o(.text)
    _printf_fp_hex_real                      0x00001ab5   Thumb Code   718  _printf_fp_hex.o(.text)
    _printf_cs_common                        0x00001d8d   Thumb Code    22  _printf_char.o(.text)
    _printf_char                             0x00001da3   Thumb Code    16  _printf_char.o(.text)
    _printf_string                           0x00001db3   Thumb Code     8  _printf_char.o(.text)
    _printf_lcs_common                       0x00001dbb   Thumb Code    22  _printf_wchar.o(.text)
    _printf_wchar                            0x00001dd1   Thumb Code    16  _printf_wchar.o(.text)
    _printf_wstring                          0x00001de1   Thumb Code     8  _printf_wchar.o(.text)
    _c16rtomb                                0x00001de9   Thumb Code    66  _c16rtomb.o(.text)
    _wcrtomb                                 0x00001de9   Thumb Code     0  _c16rtomb.o(.text)
    __rt_udiv10                              0x00001e2b   Thumb Code    40  rtudiv10.o(.text)
    __user_libspace                          0x00001e55   Thumb Code     8  libspace.o(.text)
    __user_perproc_libspace                  0x00001e55   Thumb Code     0  libspace.o(.text)
    __user_perthread_libspace                0x00001e55   Thumb Code     0  libspace.o(.text)
    __user_setup_stackheap                   0x00001e5d   Thumb Code    62  sys_stackheap_outer.o(.text)
    __rt_ctype_table                         0x00001e9d   Thumb Code    16  rt_ctype_table.o(.text)
    __rt_locale                              0x00001ead   Thumb Code     8  rt_locale_intlibspace.o(.text)
    _printf_fp_infnan                        0x00001eb5   Thumb Code   120  _printf_fp_infnan.o(.text)
    _btod_etento                             0x00001f3d   Thumb Code   210  bigflt0.o(.text)
    _btod_d2e                                0x00002015   Thumb Code    64  btod.o(.text)
    _btod_emul                               0x00002449   Thumb Code    28  btod.o(.text)
    _btod_emuld                              0x00002465   Thumb Code   144  btod.o(.text)
    _btod_ediv                               0x000024f5   Thumb Code    26  btod.o(.text)
    _btod_edivd                              0x0000250f   Thumb Code   124  btod.o(.text)
    exit                                     0x00002595   Thumb Code    16  exit.o(.text)
    strcmp                                   0x000025a5   Thumb Code   132  strcmp.o(.text)
    __decompress                             0x0000262d   Thumb Code     0  __dczerorl2.o(.text)
    __decompress1                            0x0000262d   Thumb Code    86  __dczerorl2.o(.text)
    CRC16                                    0x00002685   Thumb Code    92  motorcrc.o(.text.CRC16)
    DL_Common_delayCycles                    0x0000270d   Thumb Code    20  dl_common.o(.text.DL_Common_delayCycles)
    DL_SYSCTL_configSYSPLL                   0x00002901   Thumb Code   212  ti_msp_dl_config.o(.text.DL_SYSCTL_configSYSPLL)
    DL_SYSCTL_setHFCLKSourceHFXTParams       0x00002a85   Thumb Code   160  ti_msp_dl_config.o(.text.DL_SYSCTL_setHFCLKSourceHFXTParams)
    DL_SYSCTL_setLFCLKSourceLFXT             0x00002b35   Thumb Code    76  ti_msp_dl_config.o(.text.DL_SYSCTL_setLFCLKSourceLFXT)
    DL_SYSCTL_switchMCLKfromSYSOSCtoHSCLK    0x00002bd9   Thumb Code    32  ti_msp_dl_config.o(.text.DL_SYSCTL_switchMCLKfromSYSOSCtoHSCLK)
    DL_UART_init                             0x00002d09   Thumb Code    68  dl_uart.o(.text.DL_UART_init)
    DL_UART_setClockConfig                   0x00002ded   Thumb Code    32  dl_uart.o(.text.DL_UART_setClockConfig)
    DL_VREF_configReference                  0x00002e45   Thumb Code    48  dl_vref.o(.text.DL_VREF_configReference)
    GROUP1_IRQHandler                        0x00002ecd   Thumb Code   252  isr.o(.text.GROUP1_IRQHandler)
    Motor_Set_ClosedLoop                     0x00003005   Thumb Code   122  motorsetspeed.o(.text.Motor_Set_ClosedLoop)
    Motor_Set_One_Speed                      0x00003081   Thumb Code    64  motorsetspeed.o(.text.Motor_Set_One_Speed)
    Motor_Set_One_Speed_By_Number            0x000030c1   Thumb Code    56  motorsetspeed.o(.text.Motor_Set_One_Speed_By_Number)
    Motor_Set_Speeds                         0x000030f9   Thumb Code   220  motorsetspeed.o(.text.Motor_Set_Speeds)
    Motor_Stop_All                           0x000031d9   Thumb Code    16  motorsetspeed.o(.text.Motor_Stop_All)
    SYSCFG_DL_GPIO_init                      0x000031e9   Thumb Code   120  ti_msp_dl_config.o(.text.SYSCFG_DL_GPIO_init)
    SYSCFG_DL_SYSCTL_init                    0x00003261   Thumb Code    96  ti_msp_dl_config.o(.text.SYSCFG_DL_SYSCTL_init)
    SYSCFG_DL_SYSTICK_init                   0x000032c9   Thumb Code    14  ti_msp_dl_config.o(.text.SYSCFG_DL_SYSTICK_init)
    SYSCFG_DL_VREF_init                      0x000032d9   Thumb Code    12  ti_msp_dl_config.o(.text.SYSCFG_DL_VREF_init)
    SYSCFG_DL_init                           0x000032e9   Thumb Code    24  ti_msp_dl_config.o(.text.SYSCFG_DL_init)
    SYSCFG_DL_initPower                      0x00003301   Thumb Code    56  ti_msp_dl_config.o(.text.SYSCFG_DL_initPower)
    TIMA0_IRQHandler                         0x00003345   Thumb Code    16  isr.o(.text.TIMA0_IRQHandler)
    TIMA1_IRQHandler                         0x00003355   Thumb Code    16  isr.o(.text.TIMA1_IRQHandler)
    TIMG0_IRQHandler                         0x00003365   Thumb Code    16  isr.o(.text.TIMG0_IRQHandler)
    TIMG12_IRQHandler                        0x00003375   Thumb Code    16  isr.o(.text.TIMG12_IRQHandler)
    TIMG6_IRQHandler                         0x00003385   Thumb Code    16  isr.o(.text.TIMG6_IRQHandler)
    TIMG7_IRQHandler                         0x00003395   Thumb Code    16  isr.o(.text.TIMG7_IRQHandler)
    TIMG8_IRQHandler                         0x000033a5   Thumb Code    16  isr.o(.text.TIMG8_IRQHandler)
    UART0_IRQHandler                         0x000033bd   Thumb Code    76  isr.o(.text.UART0_IRQHandler)
    UART1_IRQHandler                         0x00003411   Thumb Code    80  isr.o(.text.UART1_IRQHandler)
    UART2_IRQHandler                         0x0000346d   Thumb Code    72  isr.o(.text.UART2_IRQHandler)
    UART3_IRQHandler                         0x000034bd   Thumb Code    72  isr.o(.text.UART3_IRQHandler)
    _sys_exit                                0x000035f5   Thumb Code     8  zf_common_debug.o(.text._sys_exit)
    afio_init                                0x000035fd   Thumb Code   328  zf_driver_gpio.o(.text.afio_init)
    clock_init                               0x00003755   Thumb Code    26  zf_common_clock.o(.text.clock_init)
    debug_assert_handler                     0x000038bd   Thumb Code    92  zf_common_debug.o(.text.debug_assert_handler)
    debug_init                               0x00003965   Thumb Code    72  zf_common_debug.o(.text.debug_init)
    debug_interrupr_handler                  0x000039bd   Thumb Code    28  zf_common_debug.o(.text.debug_interrupr_handler)
    debug_output_init                        0x00003d25   Thumb Code    64  zf_common_debug.o(.text.debug_output_init)
    debug_output_struct_init                 0x00003d6d   Thumb Code    48  zf_common_debug.o(.text.debug_output_struct_init)
    fifo_init                                0x00003e69   Thumb Code   136  zf_common_fifo.o(.text.fifo_init)
    fifo_write_buffer                        0x00003ef9   Thumb Code   932  zf_common_fifo.o(.text.fifo_write_buffer)
    interrupt_disable                        0x000042a1   Thumb Code    22  zf_common_interrupt.o(.text.interrupt_disable)
    interrupt_enable                         0x000042b7   Thumb Code    22  zf_common_interrupt.o(.text.interrupt_enable)
    interrupt_global_disable                 0x000042cd   Thumb Code    28  zf_common_interrupt.o(.text.interrupt_global_disable)
    interrupt_init                           0x000042ed   Thumb Code     2  zf_common_interrupt.o(.text.interrupt_init)
    interrupt_set_priority                   0x000042ef   Thumb Code    30  zf_common_interrupt.o(.text.interrupt_set_priority)
    main                                     0x0000430d   Thumb Code   100  main.o(.text.main)
    system_delay_init                        0x0000438f   Thumb Code     2  zf_driver_delay.o(.text.system_delay_init)
    system_delay_ms                          0x00004391   Thumb Code    68  zf_driver_delay.o(.text.system_delay_ms)
    uart_init                                0x000043f1   Thumb Code   360  zf_driver_uart.o(.text.uart_init)
    uart_query_byte                          0x00004571   Thumb Code    88  zf_driver_uart.o(.text.uart_query_byte)
    uart_set_interrupt_config                0x000045c9   Thumb Code   384  zf_driver_uart.o(.text.uart_set_interrupt_config)
    uart_write_buffer                        0x00004751   Thumb Code    96  zf_driver_uart.o(.text.uart_write_buffer)
    uart_write_string                        0x000047b1   Thumb Code    88  zf_driver_uart.o(.text.uart_write_string)
    __ARM_common_ll_muluu                    0x00004811   Thumb Code    48  btod.o(i.__ARM_common_ll_muluu)
    __ARM_fpclassify                         0x00004841   Thumb Code    40  fpclassify.o(i.__ARM_fpclassify)
    _is_digit                                0x0000486d   Thumb Code    14  __printf_wp.o(i._is_digit)
    _get_lc_numeric                          0x0000487d   Thumb Code    44  lc_numeric_c.o(locale$$code)
    _get_lc_ctype                            0x000048a9   Thumb Code    44  lc_ctype_c.o(locale$$code)
    _printf_fp_dec                           0x000048d5   Thumb Code    16  printf1.o(x$fpl$printf1)
    _printf_fp_hex                           0x000048e5   Thumb Code    16  printf2.o(x$fpl$printf2)
    __I$use$fp                               0x000048f4   Number         0  usenofp.o(x$fpl$usenofp)
    gpio_iomux_index                         0x00004aa8   Data          60  zf_driver_gpio.o(.rodata.gpio_iomux_index)
    Region$$Table$$Base                      0x00004bd8   Number         0  anon$$obj.o(Region$$Table)
    Region$$Table$$Limit                     0x00004bf8   Number         0  anon$$obj.o(Region$$Table)
    __ctype                                  0x00004c21   Data           0  lc_ctype_c.o(locale$$data)
    exti_callback_list                       0x20200200   Data         128  zf_driver_exti.o(.data.exti_callback_list)
    gpio_group                               0x20200280   Data           8  zf_driver_gpio.o(.data.gpio_group)
    pit_callback_ptr_list                    0x20200288   Data          28  zf_driver_pit.o(.data.pit_callback_ptr_list)
    uart_callback_list                       0x202002a4   Data          16  zf_driver_uart.o(.data.uart_callback_list)
    wireless_module_uart_handler             0x202002c8   Data           4  zf_device_type.o(.data.wireless_module_uart_handler)
    __libspace_start                         0x202002d0   Data          96  libspace.o(.bss)
    __temporary_stack_top$libspace           0x20200330   Data           0  libspace.o(.bss)
    debug_uart_buffer                        0x20200348   Data          64  zf_common_debug.o(.bss.debug_uart_buffer)
    debug_uart_data                          0x20200388   Data           1  zf_common_debug.o(.bss.debug_uart_data)
    debug_uart_fifo                          0x20200389   Data          22  zf_common_debug.o(.bss.debug_uart_fifo)
    exti_callback_ptr_list                   0x202003a0   Data         128  zf_driver_exti.o(.bss.exti_callback_ptr_list)
    pit_callback_list                        0x2020042c   Data          28  zf_driver_pit.o(.bss.pit_callback_list)
    uart_callback_ptr_list                   0x20200448   Data          16  zf_driver_uart.o(.bss.uart_callback_ptr_list)



==============================================================================

Memory Map of the image

  Image Entry point : 0x000000c1

  Load Region LR_IROM1 (Base: 0x00000000, Size: 0x00004ff8, Max: 0x00020000, ABSOLUTE, COMPRESSED[0x00004e78])

    Execution Region ER_IROM1 (Exec base: 0x00000000, Load base: 0x00000000, Size: 0x00004d24, Max: 0x00020000, ABSOLUTE)

    Exec Addr    Load Addr    Size         Type   Attr      Idx    E Section Name        Object

    0x00000000   0x00000000   0x000000c0   Data   RO         1500    RESET               startup_mspm0g350x_uvision.o
    0x000000c0   0x000000c0   0x00000008   Code   RO         2757  * !!!main             c_p.l(__main.o)
    0x000000c8   0x000000c8   0x00000054   Code   RO         3266    !!!scatter          c_p.l(__scatter.o)
    0x0000011c   0x0000011c   0x00000004   PAD
    0x00000120   0x00000120   0x00000002   Code   RO         3267    !!handler_null      c_p.l(__scatter.o)
    0x00000122   0x00000122   0x00000006   PAD
    0x00000128   0x00000128   0x0000001c   Code   RO         3270    !!handler_zi        c_p.l(__scatter_zi.o)
    0x00000144   0x00000144   0x00000002   Code   RO         2943    .ARM.Collect$$_printf_percent$$00000000  c_p.l(_printf_percent.o)
    0x00000146   0x00000146   0x0000000a   Code   RO         2932    .ARM.Collect$$_printf_percent$$00000001  c_p.l(_printf_n.o)
    0x00000150   0x00000150   0x0000000a   Code   RO         2934    .ARM.Collect$$_printf_percent$$00000002  c_p.l(_printf_p.o)
    0x0000015a   0x0000015a   0x0000000a   Code   RO         2939    .ARM.Collect$$_printf_percent$$00000003  c_p.l(_printf_f.o)
    0x00000164   0x00000164   0x0000000a   Code   RO         2940    .ARM.Collect$$_printf_percent$$00000004  c_p.l(_printf_e.o)
    0x0000016e   0x0000016e   0x0000000a   Code   RO         2941    .ARM.Collect$$_printf_percent$$00000005  c_p.l(_printf_g.o)
    0x00000178   0x00000178   0x0000000a   Code   RO         2942    .ARM.Collect$$_printf_percent$$00000006  c_p.l(_printf_a.o)
    0x00000182   0x00000182   0x0000000a   Code   RO         2947    .ARM.Collect$$_printf_percent$$00000007  c_p.l(_printf_ll.o)
    0x0000018c   0x0000018c   0x0000000a   Code   RO         2936    .ARM.Collect$$_printf_percent$$00000008  c_p.l(_printf_i.o)
    0x00000196   0x00000196   0x0000000a   Code   RO         2937    .ARM.Collect$$_printf_percent$$00000009  c_p.l(_printf_d.o)
    0x000001a0   0x000001a0   0x0000000a   Code   RO         2938    .ARM.Collect$$_printf_percent$$0000000A  c_p.l(_printf_u.o)
    0x000001aa   0x000001aa   0x0000000a   Code   RO         2935    .ARM.Collect$$_printf_percent$$0000000B  c_p.l(_printf_o.o)
    0x000001b4   0x000001b4   0x0000000a   Code   RO         2933    .ARM.Collect$$_printf_percent$$0000000C  c_p.l(_printf_x.o)
    0x000001be   0x000001be   0x0000000a   Code   RO         2944    .ARM.Collect$$_printf_percent$$0000000D  c_p.l(_printf_lli.o)
    0x000001c8   0x000001c8   0x0000000a   Code   RO         2945    .ARM.Collect$$_printf_percent$$0000000E  c_p.l(_printf_lld.o)
    0x000001d2   0x000001d2   0x0000000a   Code   RO         2946    .ARM.Collect$$_printf_percent$$0000000F  c_p.l(_printf_llu.o)
    0x000001dc   0x000001dc   0x0000000a   Code   RO         2951    .ARM.Collect$$_printf_percent$$00000010  c_p.l(_printf_llo.o)
    0x000001e6   0x000001e6   0x0000000a   Code   RO         2952    .ARM.Collect$$_printf_percent$$00000011  c_p.l(_printf_llx.o)
    0x000001f0   0x000001f0   0x0000000a   Code   RO         2948    .ARM.Collect$$_printf_percent$$00000012  c_p.l(_printf_l.o)
    0x000001fa   0x000001fa   0x0000000a   Code   RO         2930    .ARM.Collect$$_printf_percent$$00000013  c_p.l(_printf_c.o)
    0x00000204   0x00000204   0x0000000a   Code   RO         2931    .ARM.Collect$$_printf_percent$$00000014  c_p.l(_printf_s.o)
    0x0000020e   0x0000020e   0x0000000a   Code   RO         2949    .ARM.Collect$$_printf_percent$$00000015  c_p.l(_printf_lc.o)
    0x00000218   0x00000218   0x0000000a   Code   RO         2950    .ARM.Collect$$_printf_percent$$00000016  c_p.l(_printf_ls.o)
    0x00000222   0x00000222   0x00000004   Code   RO         3060    .ARM.Collect$$_printf_percent$$00000017  c_p.l(_printf_percent_end.o)
    0x00000226   0x00000226   0x00000002   Code   RO         3114    .ARM.Collect$$libinit$$00000000  c_p.l(libinit.o)
    0x00000228   0x00000228   0x00000000   Code   RO         3140    .ARM.Collect$$libinit$$00000002  c_p.l(libinit2.o)
    0x00000228   0x00000228   0x00000000   Code   RO         3142    .ARM.Collect$$libinit$$00000004  c_p.l(libinit2.o)
    0x00000228   0x00000228   0x00000000   Code   RO         3144    .ARM.Collect$$libinit$$00000006  c_p.l(libinit2.o)
    0x00000228   0x00000228   0x00000000   Code   RO         3147    .ARM.Collect$$libinit$$0000000C  c_p.l(libinit2.o)
    0x00000228   0x00000228   0x00000000   Code   RO         3149    .ARM.Collect$$libinit$$0000000E  c_p.l(libinit2.o)
    0x00000228   0x00000228   0x00000000   Code   RO         3151    .ARM.Collect$$libinit$$00000010  c_p.l(libinit2.o)
    0x00000228   0x00000228   0x00000006   Code   RO         3152    .ARM.Collect$$libinit$$00000011  c_p.l(libinit2.o)
    0x0000022e   0x0000022e   0x00000000   Code   RO         3154    .ARM.Collect$$libinit$$00000013  c_p.l(libinit2.o)
    0x0000022e   0x0000022e   0x0000000c   Code   RO         3155    .ARM.Collect$$libinit$$00000014  c_p.l(libinit2.o)
    0x0000023a   0x0000023a   0x00000000   Code   RO         3156    .ARM.Collect$$libinit$$00000015  c_p.l(libinit2.o)
    0x0000023a   0x0000023a   0x00000000   Code   RO         3158    .ARM.Collect$$libinit$$00000017  c_p.l(libinit2.o)
    0x0000023a   0x0000023a   0x0000000a   Code   RO         3159    .ARM.Collect$$libinit$$00000018  c_p.l(libinit2.o)
    0x00000244   0x00000244   0x00000000   Code   RO         3160    .ARM.Collect$$libinit$$00000019  c_p.l(libinit2.o)
    0x00000244   0x00000244   0x00000000   Code   RO         3162    .ARM.Collect$$libinit$$0000001B  c_p.l(libinit2.o)
    0x00000244   0x00000244   0x00000000   Code   RO         3164    .ARM.Collect$$libinit$$0000001D  c_p.l(libinit2.o)
    0x00000244   0x00000244   0x00000000   Code   RO         3166    .ARM.Collect$$libinit$$0000001F  c_p.l(libinit2.o)
    0x00000244   0x00000244   0x00000000   Code   RO         3168    .ARM.Collect$$libinit$$00000021  c_p.l(libinit2.o)
    0x00000244   0x00000244   0x00000000   Code   RO         3170    .ARM.Collect$$libinit$$00000023  c_p.l(libinit2.o)
    0x00000244   0x00000244   0x00000000   Code   RO         3172    .ARM.Collect$$libinit$$00000025  c_p.l(libinit2.o)
    0x00000244   0x00000244   0x00000000   Code   RO         3174    .ARM.Collect$$libinit$$00000027  c_p.l(libinit2.o)
    0x00000244   0x00000244   0x00000000   Code   RO         3178    .ARM.Collect$$libinit$$0000002E  c_p.l(libinit2.o)
    0x00000244   0x00000244   0x00000000   Code   RO         3180    .ARM.Collect$$libinit$$00000030  c_p.l(libinit2.o)
    0x00000244   0x00000244   0x00000000   Code   RO         3182    .ARM.Collect$$libinit$$00000032  c_p.l(libinit2.o)
    0x00000244   0x00000244   0x00000000   Code   RO         3184    .ARM.Collect$$libinit$$00000034  c_p.l(libinit2.o)
    0x00000244   0x00000244   0x00000002   Code   RO         3185    .ARM.Collect$$libinit$$00000035  c_p.l(libinit2.o)
    0x00000246   0x00000246   0x00000002   Code   RO         3217    .ARM.Collect$$libshutdown$$00000000  c_p.l(libshutdown.o)
    0x00000248   0x00000248   0x00000000   Code   RO         3248    .ARM.Collect$$libshutdown$$00000002  c_p.l(libshutdown2.o)
    0x00000248   0x00000248   0x00000000   Code   RO         3250    .ARM.Collect$$libshutdown$$00000004  c_p.l(libshutdown2.o)
    0x00000248   0x00000248   0x00000000   Code   RO         3253    .ARM.Collect$$libshutdown$$00000007  c_p.l(libshutdown2.o)
    0x00000248   0x00000248   0x00000000   Code   RO         3256    .ARM.Collect$$libshutdown$$0000000A  c_p.l(libshutdown2.o)
    0x00000248   0x00000248   0x00000000   Code   RO         3258    .ARM.Collect$$libshutdown$$0000000C  c_p.l(libshutdown2.o)
    0x00000248   0x00000248   0x00000000   Code   RO         3261    .ARM.Collect$$libshutdown$$0000000F  c_p.l(libshutdown2.o)
    0x00000248   0x00000248   0x00000002   Code   RO         3262    .ARM.Collect$$libshutdown$$00000010  c_p.l(libshutdown2.o)
    0x0000024a   0x0000024a   0x00000000   Code   RO         2853    .ARM.Collect$$rtentry$$00000000  c_p.l(__rtentry.o)
    0x0000024a   0x0000024a   0x00000000   Code   RO         3022    .ARM.Collect$$rtentry$$00000002  c_p.l(__rtentry2.o)
    0x0000024a   0x0000024a   0x00000006   Code   RO         3034    .ARM.Collect$$rtentry$$00000004  c_p.l(__rtentry4.o)
    0x00000250   0x00000250   0x00000000   Code   RO         3024    .ARM.Collect$$rtentry$$00000009  c_p.l(__rtentry2.o)
    0x00000250   0x00000250   0x00000004   Code   RO         3025    .ARM.Collect$$rtentry$$0000000A  c_p.l(__rtentry2.o)
    0x00000254   0x00000254   0x00000000   Code   RO         3027    .ARM.Collect$$rtentry$$0000000C  c_p.l(__rtentry2.o)
    0x00000254   0x00000254   0x00000008   Code   RO         3028    .ARM.Collect$$rtentry$$0000000D  c_p.l(__rtentry2.o)
    0x0000025c   0x0000025c   0x00000002   Code   RO         3124    .ARM.Collect$$rtexit$$00000000  c_p.l(rtexit.o)
    0x0000025e   0x0000025e   0x00000000   Code   RO         3189    .ARM.Collect$$rtexit$$00000002  c_p.l(rtexit2.o)
    0x0000025e   0x0000025e   0x00000004   Code   RO         3190    .ARM.Collect$$rtexit$$00000003  c_p.l(rtexit2.o)
    0x00000262   0x00000262   0x00000006   Code   RO         3191    .ARM.Collect$$rtexit$$00000004  c_p.l(rtexit2.o)
    0x00000268   0x00000268   0x00000038   Code   RO         2741    .emb_text           c_p.l(rt_memcpy.o)
    0x000002a0   0x000002a0   0x00000030   Code   RO         1501    .text               startup_mspm0g350x_uvision.o
    0x000002d0   0x000002d0   0x0000002c   Code   RO         2729    .text               c_p.l(sprintf.o)
    0x000002fc   0x000002fc   0x00000044   Code   RO         2739    .text               c_p.l(strlen.o)
    0x00000340   0x00000340   0x00000082   Code   RO         2742    .text               c_p.l(rt_memcpy.o)
    0x000003c2   0x000003c2   0x00000040   Code   RO         2749    .text               c_p.l(rt_memclr.o)
    0x00000402   0x00000402   0x00000002   PAD
    0x00000404   0x00000404   0x0000016c   Code   RO         2751    .text               c_p.l(aeabi_sdiv.o)
    0x00000570   0x00000570   0x00000006   Code   RO         2755    .text               c_p.l(heapauxi.o)
    0x00000576   0x00000576   0x00000002   PAD
    0x00000578   0x00000578   0x00000358   Code   RO         2759    .text               fz_ps.l(daddsub.o)
    0x000008d0   0x000008d0   0x00000448   Code   RO         2785    .text               fz_ps.l(ddiv.o)
    0x00000d18   0x00000d18   0x0000006c   Code   RO         2788    .text               fz_ps.l(dfixi.o)
    0x00000d84   0x00000d84   0x00000058   Code   RO         2792    .text               fz_ps.l(dflti.o)
    0x00000ddc   0x00000ddc   0x00000248   Code   RO         2794    .text               fz_ps.l(dmul.o)
    0x00001024   0x00001024   0x0000004e   Code   RO         2862    .text               c_p.l(_printf_pad.o)
    0x00001072   0x00001072   0x00000024   Code   RO         2864    .text               c_p.l(_printf_truncate.o)
    0x00001096   0x00001096   0x00000052   Code   RO         2866    .text               c_p.l(_printf_str.o)
    0x000010e8   0x000010e8   0x0000006c   Code   RO         2868    .text               c_p.l(_printf_dec.o)
    0x00001154   0x00001154   0x00000026   Code   RO         2870    .text               c_p.l(_printf_charcount.o)
    0x0000117a   0x0000117a   0x00000002   PAD
    0x0000117c   0x0000117c   0x00000030   Code   RO         2872    .text               c_p.l(_printf_char_common.o)
    0x000011ac   0x000011ac   0x0000000a   Code   RO         2874    .text               c_p.l(_sputc.o)
    0x000011b6   0x000011b6   0x00000002   PAD
    0x000011b8   0x000011b8   0x000000bc   Code   RO         2878    .text               c_p.l(_printf_wctomb.o)
    0x00001274   0x00001274   0x00000070   Code   RO         2881    .text               c_p.l(_printf_longlong_dec.o)
    0x000012e4   0x000012e4   0x00000070   Code   RO         2887    .text               c_p.l(_printf_oct_int_ll.o)
    0x00001354   0x00001354   0x00000098   Code   RO         2907    .text               c_p.l(_printf_hex_int_ll_ptr.o)
    0x000013ec   0x000013ec   0x00000188   Code   RO         2927    .text               c_p.l(__printf_flags_ss_wp.o)
    0x00001574   0x00001574   0x0000007a   Code   RO         3043    .text               c_p.l(lludiv10.o)
    0x000015ee   0x000015ee   0x000000b0   Code   RO         3045    .text               c_p.l(_printf_intcommon.o)
    0x0000169e   0x0000169e   0x00000002   PAD
    0x000016a0   0x000016a0   0x00000414   Code   RO         3047    .text               c_p.l(_printf_fp_dec.o)
    0x00001ab4   0x00001ab4   0x000002d8   Code   RO         3051    .text               c_p.l(_printf_fp_hex.o)
    0x00001d8c   0x00001d8c   0x0000002e   Code   RO         3056    .text               c_p.l(_printf_char.o)
    0x00001dba   0x00001dba   0x0000002e   Code   RO         3058    .text               c_p.l(_printf_wchar.o)
    0x00001de8   0x00001de8   0x00000042   Code   RO         3061    .text               c_p.l(_c16rtomb.o)
    0x00001e2a   0x00001e2a   0x00000028   Code   RO         3063    .text               c_p.l(rtudiv10.o)
    0x00001e52   0x00001e52   0x00000002   PAD
    0x00001e54   0x00001e54   0x00000008   Code   RO         3075    .text               c_p.l(libspace.o)
    0x00001e5c   0x00001e5c   0x0000003e   Code   RO         3078    .text               c_p.l(sys_stackheap_outer.o)
    0x00001e9a   0x00001e9a   0x00000002   PAD
    0x00001e9c   0x00001e9c   0x00000010   Code   RO         3081    .text               c_p.l(rt_ctype_table.o)
    0x00001eac   0x00001eac   0x00000008   Code   RO         3086    .text               c_p.l(rt_locale_intlibspace.o)
    0x00001eb4   0x00001eb4   0x00000088   Code   RO         3088    .text               c_p.l(_printf_fp_infnan.o)
    0x00001f3c   0x00001f3c   0x000000d8   Code   RO         3090    .text               c_p.l(bigflt0.o)
    0x00002014   0x00002014   0x00000580   Code   RO         3093    .text               c_p.l(btod.o)
    0x00002594   0x00002594   0x00000010   Code   RO         3103    .text               c_p.l(exit.o)
    0x000025a4   0x000025a4   0x00000088   Code   RO         3137    .text               c_p.l(strcmp.o)
    0x0000262c   0x0000262c   0x00000056   Code   RO         3264    .text               c_p.l(__dczerorl2.o)
    0x00002682   0x00002682   0x00000002   PAD
    0x00002684   0x00002684   0x00000064   Code   RO         1469    .text.CRC16         motorcrc.o
    0x000026e8   0x000026e8   0x00000014   Code   RO           68    .text.DL_ADC12_enablePower  zf_common_clock.o
    0x000026fc   0x000026fc   0x00000010   Code   RO           66    .text.DL_ADC12_reset  zf_common_clock.o
    0x0000270c   0x0000270c   0x00000014   Code   RO         1643    .text.DL_Common_delayCycles  dl_common.o
    0x00002720   0x00002720   0x00000028   Code   RO          590    .text.DL_Common_updateReg  zf_driver_uart.o
    0x00002748   0x00002748   0x00000028   Code   RO         1578    .text.DL_Common_updateReg  ti_msp_dl_config.o
    0x00002770   0x00002770   0x00000028   Code   RO         2653    .text.DL_Common_updateReg  dl_uart.o
    0x00002798   0x00002798   0x0000001c   Code   RO         1540    .text.DL_GPIO_clearInterruptStatus  ti_msp_dl_config.o
    0x000027b4   0x000027b4   0x00000014   Code   RO         1534    .text.DL_GPIO_clearPins  ti_msp_dl_config.o
    0x000027c8   0x000027c8   0x0000001c   Code   RO         1542    .text.DL_GPIO_enableInterrupt  ti_msp_dl_config.o
    0x000027e4   0x000027e4   0x00000018   Code   RO         1536    .text.DL_GPIO_enableOutput  ti_msp_dl_config.o
    0x000027fc   0x000027fc   0x00000014   Code   RO           52    .text.DL_GPIO_enablePower  zf_common_clock.o
    0x00002810   0x00002810   0x00000014   Code   RO         1524    .text.DL_GPIO_enablePower  ti_msp_dl_config.o
    0x00002824   0x00002824   0x00000030   Code   RO         1532    .text.DL_GPIO_initDigitalInputFeatures  ti_msp_dl_config.o
    0x00002854   0x00002854   0x0000002c   Code   RO         1530    .text.DL_GPIO_initDigitalOutputFeatures  ti_msp_dl_config.o
    0x00002880   0x00002880   0x00000018   Code   RO         1528    .text.DL_GPIO_initPeripheralAnalogFunction  ti_msp_dl_config.o
    0x00002898   0x00002898   0x00000010   Code   RO           50    .text.DL_GPIO_reset  zf_common_clock.o
    0x000028a8   0x000028a8   0x00000010   Code   RO         1520    .text.DL_GPIO_reset  ti_msp_dl_config.o
    0x000028b8   0x000028b8   0x00000018   Code   RO         1538    .text.DL_GPIO_setUpperPinsPolarity  ti_msp_dl_config.o
    0x000028d0   0x000028d0   0x00000018   Code   RO           64    .text.DL_SPI_enablePower  zf_common_clock.o
    0x000028e8   0x000028e8   0x00000018   Code   RO           62    .text.DL_SPI_reset  zf_common_clock.o
    0x00002900   0x00002900   0x000000ec   Code   RO         1546    .text.DL_SYSCTL_configSYSPLL  ti_msp_dl_config.o
    0x000029ec   0x000029ec   0x0000000c   Code   RO         1560    .text.DL_SYSCTL_disableHFXT  ti_msp_dl_config.o
    0x000029f8   0x000029f8   0x00000010   Code   RO         1562    .text.DL_SYSCTL_disableSYSPLL  ti_msp_dl_config.o
    0x00002a08   0x00002a08   0x00000010   Code   RO         1568    .text.DL_SYSCTL_enableMFCLK  ti_msp_dl_config.o
    0x00002a18   0x00002a18   0x00000010   Code   RO         1570    .text.DL_SYSCTL_enableMFPCLK  ti_msp_dl_config.o
    0x00002a28   0x00002a28   0x0000000c   Code   RO         1548    .text.DL_SYSCTL_getClockStatus  ti_msp_dl_config.o
    0x00002a34   0x00002a34   0x00000018   Code   RO         1554    .text.DL_SYSCTL_setBORThreshold  ti_msp_dl_config.o
    0x00002a4c   0x00002a4c   0x0000001c   Code   RO         1556    .text.DL_SYSCTL_setFlashWaitState  ti_msp_dl_config.o
    0x00002a68   0x00002a68   0x0000001c   Code   RO         1566    .text.DL_SYSCTL_setHFCLKDividerForMFPCLK  ti_msp_dl_config.o
    0x00002a84   0x00002a84   0x000000b0   Code   RO         1544    .text.DL_SYSCTL_setHFCLKSourceHFXTParams  ti_msp_dl_config.o
    0x00002b34   0x00002b34   0x00000050   Code   RO         1550    .text.DL_SYSCTL_setLFCLKSourceLFXT  ti_msp_dl_config.o
    0x00002b84   0x00002b84   0x00000020   Code   RO         1572    .text.DL_SYSCTL_setMFPCLKSource  ti_msp_dl_config.o
    0x00002ba4   0x00002ba4   0x0000001c   Code   RO         1558    .text.DL_SYSCTL_setSYSOSCFreq  ti_msp_dl_config.o
    0x00002bc0   0x00002bc0   0x00000018   Code   RO         1564    .text.DL_SYSCTL_setULPCLKDivider  ti_msp_dl_config.o
    0x00002bd8   0x00002bd8   0x00000028   Code   RO         1552    .text.DL_SYSCTL_switchMCLKfromSYSOSCtoHSCLK  ti_msp_dl_config.o
    0x00002c00   0x00002c00   0x0000000c   Code   RO         1576    .text.DL_SYSTICK_enable  ti_msp_dl_config.o
    0x00002c0c   0x00002c0c   0x00000028   Code   RO         1574    .text.DL_SYSTICK_init  ti_msp_dl_config.o
    0x00002c34   0x00002c34   0x00000018   Code   RO           56    .text.DL_Timer_enablePower  zf_common_clock.o
    0x00002c4c   0x00002c4c   0x00000018   Code   RO           54    .text.DL_Timer_reset  zf_common_clock.o
    0x00002c64   0x00002c64   0x00000018   Code   RO           29    .text.DL_UART_clearInterruptStatus  isr.o
    0x00002c7c   0x00002c7c   0x00000016   Code   RO         2651    .text.DL_UART_disable  dl_uart.o
    0x00002c92   0x00002c92   0x00000002   PAD
    0x00002c94   0x00002c94   0x00000018   Code   RO          578    .text.DL_UART_disableInterrupt  zf_driver_uart.o
    0x00002cac   0x00002cac   0x00000016   Code   RO          588    .text.DL_UART_enable  zf_driver_uart.o
    0x00002cc2   0x00002cc2   0x00000002   PAD
    0x00002cc4   0x00002cc4   0x0000001c   Code   RO          580    .text.DL_UART_enableInterrupt  zf_driver_uart.o
    0x00002ce0   0x00002ce0   0x00000014   Code   RO           60    .text.DL_UART_enablePower  zf_common_clock.o
    0x00002cf4   0x00002cf4   0x00000012   Code   RO           27    .text.DL_UART_getPendingInterrupt  isr.o
    0x00002d06   0x00002d06   0x00000002   PAD
    0x00002d08   0x00002d08   0x00000048   Code   RO         2649    .text.DL_UART_init  dl_uart.o
    0x00002d50   0x00002d50   0x00000014   Code   RO          558    .text.DL_UART_isBusy  zf_driver_uart.o
    0x00002d64   0x00002d64   0x00000014   Code   RO          568    .text.DL_UART_isRXFIFOEmpty  zf_driver_uart.o
    0x00002d78   0x00002d78   0x00000014   Code   RO          570    .text.DL_UART_receiveData  zf_driver_uart.o
    0x00002d8c   0x00002d8c   0x00000014   Code   RO           58    .text.DL_UART_reset  zf_common_clock.o
    0x00002da0   0x00002da0   0x0000004c   Code   RO          586    .text.DL_UART_setBaudRateDivisor  zf_driver_uart.o
    0x00002dec   0x00002dec   0x00000024   Code   RO         2655    .text.DL_UART_setClockConfig  dl_uart.o
    0x00002e10   0x00002e10   0x0000001e   Code   RO          584    .text.DL_UART_setOversampling  zf_driver_uart.o
    0x00002e2e   0x00002e2e   0x00000016   Code   RO          560    .text.DL_UART_transmitData  zf_driver_uart.o
    0x00002e44   0x00002e44   0x00000034   Code   RO         2706    .text.DL_VREF_configReference  dl_vref.o
    0x00002e78   0x00002e78   0x00000014   Code   RO           72    .text.DL_VREF_enablePower  zf_common_clock.o
    0x00002e8c   0x00002e8c   0x00000018   Code   RO         1526    .text.DL_VREF_enablePower  ti_msp_dl_config.o
    0x00002ea4   0x00002ea4   0x00000010   Code   RO           70    .text.DL_VREF_reset  zf_common_clock.o
    0x00002eb4   0x00002eb4   0x00000018   Code   RO         1522    .text.DL_VREF_reset  ti_msp_dl_config.o
    0x00002ecc   0x00002ecc   0x0000010c   Code   RO           37    .text.GROUP1_IRQHandler  isr.o
    0x00002fd8   0x00002fd8   0x0000002c   Code   RO         1441    .text.Motor_Frame_Put_U16  motorsetspeed.o
    0x00003004   0x00003004   0x0000007a   Code   RO         1437    .text.Motor_Set_ClosedLoop  motorsetspeed.o
    0x0000307e   0x0000307e   0x00000002   PAD
    0x00003080   0x00003080   0x00000040   Code   RO         1443    .text.Motor_Set_One_Speed  motorsetspeed.o
    0x000030c0   0x000030c0   0x00000038   Code   RO         1445    .text.Motor_Set_One_Speed_By_Number  motorsetspeed.o
    0x000030f8   0x000030f8   0x000000e0   Code   RO         1439    .text.Motor_Set_Speeds  motorsetspeed.o
    0x000031d8   0x000031d8   0x00000010   Code   RO         1447    .text.Motor_Stop_All  motorsetspeed.o
    0x000031e8   0x000031e8   0x00000078   Code   RO         1512    .text.SYSCFG_DL_GPIO_init  ti_msp_dl_config.o
    0x00003260   0x00003260   0x00000068   Code   RO         1514    .text.SYSCFG_DL_SYSCTL_init  ti_msp_dl_config.o
    0x000032c8   0x000032c8   0x0000000e   Code   RO         1518    .text.SYSCFG_DL_SYSTICK_init  ti_msp_dl_config.o
    0x000032d6   0x000032d6   0x00000002   PAD
    0x000032d8   0x000032d8   0x00000010   Code   RO         1516    .text.SYSCFG_DL_VREF_init  ti_msp_dl_config.o
    0x000032e8   0x000032e8   0x00000018   Code   RO         1508    .text.SYSCFG_DL_init  ti_msp_dl_config.o
    0x00003300   0x00003300   0x00000044   Code   RO         1510    .text.SYSCFG_DL_initPower  ti_msp_dl_config.o
    0x00003344   0x00003344   0x00000010   Code   RO           11    .text.TIMA0_IRQHandler  isr.o
    0x00003354   0x00003354   0x00000010   Code   RO           13    .text.TIMA1_IRQHandler  isr.o
    0x00003364   0x00003364   0x00000010   Code   RO           15    .text.TIMG0_IRQHandler  isr.o
    0x00003374   0x00003374   0x00000010   Code   RO           23    .text.TIMG12_IRQHandler  isr.o
    0x00003384   0x00003384   0x00000010   Code   RO           17    .text.TIMG6_IRQHandler  isr.o
    0x00003394   0x00003394   0x00000010   Code   RO           19    .text.TIMG7_IRQHandler  isr.o
    0x000033a4   0x000033a4   0x00000018   Code   RO           21    .text.TIMG8_IRQHandler  isr.o
    0x000033bc   0x000033bc   0x00000054   Code   RO           25    .text.UART0_IRQHandler  isr.o
    0x00003410   0x00003410   0x0000005c   Code   RO           31    .text.UART1_IRQHandler  isr.o
    0x0000346c   0x0000346c   0x00000050   Code   RO           33    .text.UART2_IRQHandler  isr.o
    0x000034bc   0x000034bc   0x00000054   Code   RO           35    .text.UART3_IRQHandler  isr.o
    0x00003510   0x00003510   0x00000034   Code   RO          222    .text.__NVIC_DisableIRQ  zf_common_interrupt.o
    0x00003544   0x00003544   0x0000002c   Code   RO          218    .text.__NVIC_EnableIRQ  zf_common_interrupt.o
    0x00003570   0x00003570   0x00000084   Code   RO          226    .text.__NVIC_SetPriority  zf_common_interrupt.o
    0x000035f4   0x000035f4   0x00000008   Code   RO           89    .text._sys_exit     zf_common_debug.o
    0x000035fc   0x000035fc   0x00000158   Code   RO          356    .text.afio_init     zf_driver_gpio.o
    0x00003754   0x00003754   0x0000001a   Code   RO           46    .text.clock_init    zf_common_clock.o
    0x0000376e   0x0000376e   0x00000002   PAD
    0x00003770   0x00003770   0x0000014c   Code   RO           48    .text.clock_reset   zf_common_clock.o
    0x000038bc   0x000038bc   0x00000068   Code   RO           99    .text.debug_assert_handler  zf_common_debug.o
    0x00003924   0x00003924   0x0000003e   Code   RO          105    .text.debug_delay   zf_common_debug.o
    0x00003962   0x00003962   0x00000002   PAD
    0x00003964   0x00003964   0x00000058   Code   RO          113    .text.debug_init    zf_common_debug.o
    0x000039bc   0x000039bc   0x00000024   Code   RO           87    .text.debug_interrupr_handler  zf_common_debug.o
    0x000039e0   0x000039e0   0x00000344   Code   RO          103    .text.debug_output  zf_common_debug.o
    0x00003d24   0x00003d24   0x00000048   Code   RO          111    .text.debug_output_init  zf_common_debug.o
    0x00003d6c   0x00003d6c   0x00000034   Code   RO          109    .text.debug_output_struct_init  zf_common_debug.o
    0x00003da0   0x00003da0   0x00000002   Code   RO          101    .text.debug_protective_handler  zf_common_debug.o
    0x00003da2   0x00003da2   0x00000012   Code   RO          115    .text.debug_uart_str_output  zf_common_debug.o
    0x00003db4   0x00003db4   0x0000000a   Code   RO          329    .text.exti_callbakc_defalut  zf_driver_exti.o
    0x00003dbe   0x00003dbe   0x000000a8   Code   RO          139    .text.fifo_head_offset  zf_common_fifo.o
    0x00003e66   0x00003e66   0x00000002   PAD
    0x00003e68   0x00003e68   0x00000090   Code   RO          151    .text.fifo_init     zf_common_fifo.o
    0x00003ef8   0x00003ef8   0x000003a8   Code   RO          141    .text.fifo_write_buffer  zf_common_fifo.o
    0x000042a0   0x000042a0   0x00000016   Code   RO          220    .text.interrupt_disable  zf_common_interrupt.o
    0x000042b6   0x000042b6   0x00000016   Code   RO          216    .text.interrupt_enable  zf_common_interrupt.o
    0x000042cc   0x000042cc   0x00000020   Code   RO          214    .text.interrupt_global_disable  zf_common_interrupt.o
    0x000042ec   0x000042ec   0x00000002   Code   RO          228    .text.interrupt_init  zf_common_interrupt.o
    0x000042ee   0x000042ee   0x0000001e   Code   RO          224    .text.interrupt_set_priority  zf_common_interrupt.o
    0x0000430c   0x0000430c   0x00000078   Code   RO            2    .text.main          main.o
    0x00004384   0x00004384   0x0000000a   Code   RO          368    .text.pit_callbakc_defalut  zf_driver_pit.o
    0x0000438e   0x0000438e   0x00000002   Code   RO          320    .text.system_delay_init  zf_driver_delay.o
    0x00004390   0x00004390   0x00000054   Code   RO          316    .text.system_delay_ms  zf_driver_delay.o
    0x000043e4   0x000043e4   0x00000002   Code   RO         1150    .text.type_default_callback  zf_device_type.o
    0x000043e6   0x000043e6   0x0000000a   Code   RO          554    .text.uart_callbakc_defalut  zf_driver_uart.o
    0x000043f0   0x000043f0   0x00000180   Code   RO          582    .text.uart_init     zf_driver_uart.o
    0x00004570   0x00004570   0x00000058   Code   RO          572    .text.uart_query_byte  zf_driver_uart.o
    0x000045c8   0x000045c8   0x00000188   Code   RO          576    .text.uart_set_interrupt_config  zf_driver_uart.o
    0x00004750   0x00004750   0x00000060   Code   RO          562    .text.uart_write_buffer  zf_driver_uart.o
    0x000047b0   0x000047b0   0x00000060   Code   RO          564    .text.uart_write_string  zf_driver_uart.o
    0x00004810   0x00004810   0x00000030   Code   RO         3096    i.__ARM_common_ll_muluu  c_p.l(btod.o)
    0x00004840   0x00004840   0x0000002c   Code   RO         3071    i.__ARM_fpclassify  m_ps.l(fpclassify.o)
    0x0000486c   0x0000486c   0x0000000e   Code   RO         2920    i._is_digit         c_p.l(__printf_wp.o)
    0x0000487a   0x0000487a   0x00000002   PAD
    0x0000487c   0x0000487c   0x0000002c   Code   RO         3101    locale$$code        c_p.l(lc_numeric_c.o)
    0x000048a8   0x000048a8   0x0000002c   Code   RO         3131    locale$$code        c_p.l(lc_ctype_c.o)
    0x000048d4   0x000048d4   0x00000010   Code   RO         2969    x$fpl$printf1       fz_ps.l(printf1.o)
    0x000048e4   0x000048e4   0x00000010   Code   RO         2971    x$fpl$printf2       fz_ps.l(printf2.o)
    0x000048f4   0x000048f4   0x00000000   Code   RO         2977    x$fpl$usenofp       fz_ps.l(usenofp.o)
    0x000048f4   0x000048f4   0x00000080   Data   RO         2786    .constdata          fz_ps.l(ddiv.o)
    0x00004974   0x00004974   0x00000008   Data   RO         2879    .constdata          c_p.l(_printf_wctomb.o)
    0x0000497c   0x0000497c   0x00000028   Data   RO         2908    .constdata          c_p.l(_printf_hex_int_ll_ptr.o)
    0x000049a4   0x000049a4   0x00000011   Data   RO         2928    .constdata          c_p.l(__printf_flags_ss_wp.o)
    0x000049b5   0x000049b5   0x00000026   Data   RO         3052    .constdata          c_p.l(_printf_fp_hex.o)
    0x000049db   0x000049db   0x00000001   PAD
    0x000049dc   0x000049dc   0x00000094   Data   RO         3091    .constdata          c_p.l(bigflt0.o)
    0x00004a70   0x00004a70   0x00000003   Data   RO         1581    .rodata.gLFCLKConfig  ti_msp_dl_config.o
    0x00004a73   0x00004a73   0x00000001   PAD
    0x00004a74   0x00004a74   0x00000028   Data   RO         1580    .rodata.gSYSPLLConfig  ti_msp_dl_config.o
    0x00004a9c   0x00004a9c   0x0000000c   Data   RO         1582    .rodata.gVREFConfig  ti_msp_dl_config.o
    0x00004aa8   0x00004aa8   0x0000003c   Data   RO          359    .rodata.gpio_iomux_index  zf_driver_gpio.o
    0x00004ae4   0x00004ae4   0x00000066   Data   RO          122    .rodata.str1.1      zf_common_debug.o
    0x00004b4a   0x00004b4a   0x0000002b   Data   RO          153    .rodata.str1.1      zf_common_fifo.o
    0x00004b75   0x00004b75   0x0000002b   Data   RO          360    .rodata.str1.1      zf_driver_gpio.o
    0x00004ba0   0x00004ba0   0x0000002b   Data   RO          595    .rodata.str1.1      zf_driver_uart.o
    0x00004bcb   0x00004bcb   0x00000002   Data   RO          598    .rodata.uart_init.uart_clock_config  zf_driver_uart.o
    0x00004bcd   0x00004bcd   0x00000001   PAD
    0x00004bce   0x00004bce   0x0000000a   Data   RO          599    .rodata.uart_init.uart_default_config  zf_driver_uart.o
    0x00004bd8   0x00004bd8   0x00000020   Data   RO         3263    Region$$Table       anon$$obj.o
    0x00004bf8   0x00004bf8   0x0000001c   Data   RO         3100    locale$$data        c_p.l(lc_numeric_c.o)
    0x00004c14   0x00004c14   0x00000110   Data   RO         3130    locale$$data        c_p.l(lc_ctype_c.o)


    Execution Region RW_IRAM2 (Exec base: 0x20200000, Load base: 0x00004d28, Size: 0x00001860, Max: 0x00008000, ABSOLUTE, COMPRESSED[0x00000150])

    Exec Addr    Load Addr    Size         Type   Attr      Idx    E Section Name        Object

    0x20200000   COMPRESSED   0x00000100   Data   RW         1471    .data.auchCRCHi     motorcrc.o
    0x20200100   COMPRESSED   0x00000100   Data   RW         1472    .data.auchCRCLo     motorcrc.o
    0x20200200   COMPRESSED   0x00000080   Data   RW          337    .data.exti_callback_list  zf_driver_exti.o
    0x20200280   COMPRESSED   0x00000008   Data   RW          358    .data.gpio_group    zf_driver_gpio.o
    0x20200288   COMPRESSED   0x0000001c   Data   RW          381    .data.pit_callback_ptr_list  zf_driver_pit.o
    0x202002a4   COMPRESSED   0x00000010   Data   RW          593    .data.uart_callback_list  zf_driver_uart.o
    0x202002b4   COMPRESSED   0x00000004   Data   RW          597    .data.uart_irq      zf_driver_uart.o
    0x202002b8   COMPRESSED   0x00000010   Data   RW          594    .data.uart_list     zf_driver_uart.o
    0x202002c8   COMPRESSED   0x00000004   Data   RW         1163    .data.wireless_module_uart_handler  zf_device_type.o
    0x202002cc   COMPRESSED   0x00000001   Data   RW          120    .data.zf_debug_assert_enable  zf_common_debug.o
    0x202002cd   COMPRESSED   0x00000003   PAD
    0x202002d0        -       0x00000060   Zero   RW         3076    .bss                c_p.l(libspace.o)
    0x20200330        -       0x00000001   Zero   RW          121    .bss.debug_assert_handler.assert_nest_index  zf_common_debug.o
    0x20200331   COMPRESSED   0x00000003   PAD
    0x20200334        -       0x00000014   Zero   RW          123    .bss.debug_output_info  zf_common_debug.o
    0x20200348        -       0x00000040   Zero   RW          124    .bss.debug_uart_buffer  zf_common_debug.o
    0x20200388        -       0x00000001   Zero   RW          117    .bss.debug_uart_data  zf_common_debug.o
    0x20200389        -       0x00000016   Zero   RW          118    .bss.debug_uart_fifo  zf_common_debug.o
    0x2020039f   COMPRESSED   0x00000001   PAD
    0x202003a0        -       0x00000080   Zero   RW          338    .bss.exti_callback_ptr_list  zf_driver_exti.o
    0x20200420        -       0x00000004   Zero   RW          230    .bss.interrupt_nest_count  zf_common_interrupt.o
    0x20200424        -       0x00000008   Zero   RW         1461    .bss.motor_speed_cache  motorsetspeed.o
    0x2020042c        -       0x0000001c   Zero   RW          380    .bss.pit_callback_list  zf_driver_pit.o
    0x20200448        -       0x00000010   Zero   RW          592    .bss.uart_callback_ptr_list  zf_driver_uart.o
    0x20200458        -       0x00000004   Zero   RW          596    .bss.uart_interrupt_state  zf_driver_uart.o
    0x2020045c        -       0x00000001   Zero   RW          119    .bss.zf_debug_init_flag  zf_common_debug.o
    0x2020045d   COMPRESSED   0x00000003   PAD
    0x20200460        -       0x00000400   Zero   RW         1499    HEAP                startup_mspm0g350x_uvision.o
    0x20200860        -       0x00001000   Zero   RW         1498    STACK               startup_mspm0g350x_uvision.o



  Load Region LR_BCR (Base: 0x41c00000, Size: 0x00000000, Max: 0x00000100, ABSOLUTE)

    Execution Region BCR_CONFIG (Exec base: 0x41c00000, Load base: 0x41c00000, Size: 0x00000000, Max: 0x00000080, ABSOLUTE)

    **** No section assigned to this execution region ****



  Load Region LR_BSL (Base: 0x41c00100, Size: 0x00000000, Max: 0x00000100, ABSOLUTE)

    Execution Region BSL_CONFIG (Exec base: 0x41c00100, Load base: 0x41c00100, Size: 0x00000000, Max: 0x00000080, ABSOLUTE)

    **** No section assigned to this execution region ****


==============================================================================

Image component sizes


      Code (inc. data)   RO Data    RW Data    ZI Data      Debug   Object Name

        20          0          0          0          0        724   dl_common.o
       170          8          0          0          0      10836   dl_uart.o
        52          4          0          0          0       2630   dl_vref.o
       770         68          0          0          0       5560   isr.o
       120         20          0          0          0       2034   main.o
       100          8          0        512          0       1000   motorcrc.o
       526          4          0          0          8       4458   motorsetspeed.o
        48         22        192          0       5120        820   startup_mspm0g350x_uvision.o
      1530        140         55          0          0      16885   ti_msp_dl_config.o
       602         96          0          0          0      11306   zf_common_clock.o
      1278         68        102          1        109       8011   zf_common_debug.o
      1248         12         43          0          0       5819   zf_common_fifo.o
       336         20          0          0          4       3705   zf_common_interrupt.o
         2          0          0          4          0       2021   zf_device_type.o
        86         16          0          0          0       1278   zf_driver_delay.o
        10          0          0        128        128       3832   zf_driver_exti.o
       344         96        103          8          0       6902   zf_driver_gpio.o
        10          0          0         28         28       7117   zf_driver_pit.o
      1368        104         55         36         20      12308   zf_driver_uart.o

    ----------------------------------------------------------------------
      8636        686        584        720       5424     107246   Object Totals
         0          0         32          0          0          0   (incl. Generated)
        16          0          2          3          7          0   (incl. Padding)

    ----------------------------------------------------------------------

      Code (inc. data)   RO Data    RW Data    ZI Data      Debug   Library Member Name

        86          0          0          0          0          0   __dczerorl2.o
         8          0          0          0          0         68   __main.o
       392          6         17          0          0         76   __printf_flags_ss_wp.o
        14          0          0          0          0         60   __printf_wp.o
         0          0          0          0          0          0   __rtentry.o
        12          0          0          0          0          0   __rtentry2.o
         6          0          0          0          0          0   __rtentry4.o
        86         10          0          0          0          0   __scatter.o
        28          0          0          0          0          0   __scatter_zi.o
        66          0          0          0          0         76   _c16rtomb.o
        10          0          0          0          0          0   _printf_a.o
        10          0          0          0          0          0   _printf_c.o
        46          0          0          0          0        100   _printf_char.o
        48          6          0          0          0         88   _printf_char_common.o
        38          0          0          0          0         60   _printf_charcount.o
        10          0          0          0          0          0   _printf_d.o
       108         18          0          0          0         76   _printf_dec.o
        10          0          0          0          0          0   _printf_e.o
        10          0          0          0          0          0   _printf_f.o
      1044         12          0          0          0        116   _printf_fp_dec.o
       728         10         38          0          0         84   _printf_fp_hex.o
       136         16          0          0          0         76   _printf_fp_infnan.o
        10          0          0          0          0          0   _printf_g.o
       152          4         40          0          0        148   _printf_hex_int_ll_ptr.o
        10          0          0          0          0          0   _printf_i.o
       176          0          0          0          0         84   _printf_intcommon.o
        10          0          0          0          0          0   _printf_l.o
        10          0          0          0          0          0   _printf_lc.o
        10          0          0          0          0          0   _printf_ll.o
        10          0          0          0          0          0   _printf_lld.o
        10          0          0          0          0          0   _printf_lli.o
        10          0          0          0          0          0   _printf_llo.o
        10          0          0          0          0          0   _printf_llu.o
        10          0          0          0          0          0   _printf_llx.o
       112         18          0          0          0         76   _printf_longlong_dec.o
        10          0          0          0          0          0   _printf_ls.o
        10          0          0          0          0          0   _printf_n.o
        10          0          0          0          0          0   _printf_o.o
       112         10          0          0          0        112   _printf_oct_int_ll.o
        10          0          0          0          0          0   _printf_p.o
        78          0          0          0          0        100   _printf_pad.o
         2          0          0          0          0          0   _printf_percent.o
         4          0          0          0          0          0   _printf_percent_end.o
        10          0          0          0          0          0   _printf_s.o
        82          0          0          0          0         72   _printf_str.o
        36          0          0          0          0         76   _printf_truncate.o
        10          0          0          0          0          0   _printf_u.o
        46          0          0          0          0        100   _printf_wchar.o
       188          6          8          0          0         80   _printf_wctomb.o
        10          0          0          0          0          0   _printf_x.o
        10          0          0          0          0         60   _sputc.o
       364          4          0          0          0         92   aeabi_sdiv.o
       216          6        148          0          0         80   bigflt0.o
      1456         30          0          0          0        336   btod.o
        16          0          0          0          0         68   exit.o
         6          0          0          0          0        136   heapauxi.o
        44         10        272          0          0         76   lc_ctype_c.o
        44         10         28          0          0         76   lc_numeric_c.o
         2          0          0          0          0          0   libinit.o
        30          0          0          0          0          0   libinit2.o
         2          0          0          0          0          0   libshutdown.o
         2          0          0          0          0          0   libshutdown2.o
         8          4          0          0         96         68   libspace.o
       122          0          0          0          0         72   lludiv10.o
        16          4          0          0          0         76   rt_ctype_table.o
         8          4          0          0          0         68   rt_locale_intlibspace.o
        64          0          0          0          0        108   rt_memclr.o
       186          0          0          0          0        144   rt_memcpy.o
         2          0          0          0          0          0   rtexit.o
        10          0          0          0          0          0   rtexit2.o
        40          0          0          0          0         60   rtudiv10.o
        44          4          0          0          0         84   sprintf.o
       136          4          0          0          0         72   strcmp.o
        68          6          0          0          0         72   strlen.o
        62          0          0          0          0         80   sys_stackheap_outer.o
       856         20          0          0          0        208   daddsub.o
      1096         26        128          0          0        112   ddiv.o
       108         10          0          0          0         72   dfixi.o
        88          0          0          0          0         92   dflti.o
       584         26          0          0          0         84   dmul.o
        16          4          0          0          0         76   printf1.o
        16          4          0          0          0         76   printf2.o
         0          0          0          0          0          0   usenofp.o
        44          4          0          0          0         60   fpclassify.o

    ----------------------------------------------------------------------
      9848        300        680          0         96       4336   Library Totals
        28          4          1          0          0          0   (incl. Padding)

    ----------------------------------------------------------------------

      Code (inc. data)   RO Data    RW Data    ZI Data      Debug   Library Name

      7012        202        551          0         96       3556   c_p.l
      2764         90        128          0          0        720   fz_ps.l
        44          4          0          0          0         60   m_ps.l

    ----------------------------------------------------------------------
      9848        300        680          0         96       4336   Library Totals

    ----------------------------------------------------------------------

==============================================================================


      Code (inc. data)   RO Data    RW Data    ZI Data      Debug   

     18484        986       1264        720       5520     109318   Grand Totals
     18484        986       1264        336       5520     109318   ELF Image Totals (compressed)
     18484        986       1264        336          0          0   ROM Totals

==============================================================================

    Total RO  Size (Code + RO Data)                19748 (  19.29kB)
    Total RW  Size (RW Data + ZI Data)              6240 (   6.09kB)
    Total ROM Size (Code + RO Data + RW Data)      20084 (  19.61kB)

==============================================================================

